[     456ms] [INFO] <Suspense> is an experimental feature and its API will likely change. @ http://localhost:3000/_nuxt/node_modules/.pnpm/@vue+runtime-core@3.5.33/node_modules/@vue/runtime-core/dist/runtime-core.esm-bundler.js?v=4a573216:7239
[     490ms] [LOG] %c[Vercel Web Analytics]%c Debug mode is enabled by default in development. No requests will be sent to the server. color: rgb(120, 120, 120) color: inherit @ https://va.vercel-scripts.com/v1/script.debug.js:0
[     490ms] [LOG] %c[Vercel Web Analytics]%c Running queued event color: rgb(120, 120, 120) color: inherit pageview {route: /demo, path: /demo} @ https://va.vercel-scripts.com/v1/script.debug.js:0
[     491ms] [LOG] %c[Vercel Web Analytics]%c [view] http://localhost:3000/demo color: rgb(120, 120, 120) color: inherit {o: http://localhost:3000/demo, sv: 0.1.3, sdkn: @vercel/analytics/nuxt, sdkv: 2.0.1, ts: 1788709982599} /_vercel/insights/view @ https://va.vercel-scripts.com/v1/script.debug.js:0
[     505ms] [LOG] ✨ %cNuxt DevTools %c Press Shift + Option + D to open DevTools color: black; border-radius: 3px 0 0 3px; padding: 2px 2px 1px 10px; background: #00DC82 border-radius: 0 3px 3px 0; padding: 2px 10px 1px 2px; background: #00DC8220  @ http://localhost:3000/_nuxt/node_modules/.pnpm/@nuxt+devtools@3.2.4_supports-color@10.2.2_vite@7.3.2_@types+node@26.1.1_jiti@2.6.1_ter_28972f42c82fd27b0e3f96c17cda5782/node_modules/@nuxt/devtools/dist/runtime/plugins/devtools.client.js?v=4a573216:51
[    4960ms] [INFO] [gymscan] 0B calls explode 26 @ http://localhost:3000/_nuxt/utils/gymscan/stage.ts?t=1788709779300:1217
[    6744ms] [INFO] [gymscan] 0B calls planted 48 @ http://localhost:3000/_nuxt/utils/gymscan/stage.ts?t=1788709779300:1221
[  200547ms] [INFO] <Suspense> is an experimental feature and its API will likely change. @ http://localhost:3000/_nuxt/node_modules/.pnpm/@vue+runtime-core@3.5.33/node_modules/@vue/runtime-core/dist/runtime-core.esm-bundler.js?v=4a573216:7239
[  200608ms] [LOG] %c[Vercel Web Analytics]%c Debug mode is enabled by default in development. No requests will be sent to the server. color: rgb(120, 120, 120) color: inherit @ https://va.vercel-scripts.com/v1/script.debug.js:0
[  200608ms] [LOG] %c[Vercel Web Analytics]%c Running queued event color: rgb(120, 120, 120) color: inherit pageview {route: /demo, path: /demo} @ https://va.vercel-scripts.com/v1/script.debug.js:0
[  200610ms] [LOG] %c[Vercel Web Analytics]%c [view] http://localhost:3000/demo color: rgb(120, 120, 120) color: inherit {o: http://localhost:3000/demo, sv: 0.1.3, sdkn: @vercel/analytics/nuxt, sdkv: 2.0.1, ts: 1788710182719} /_vercel/insights/view @ https://va.vercel-scripts.com/v1/script.debug.js:0
[  200637ms] [LOG] ✨ %cNuxt DevTools %c Press Shift + Option + D to open DevTools color: black; border-radius: 3px 0 0 3px; padding: 2px 2px 1px 10px; background: #00DC82 border-radius: 0 3px 3px 0; padding: 2px 10px 1px 2px; background: #00DC8220  @ http://localhost:3000/_nuxt/node_modules/.pnpm/@nuxt+devtools@3.2.4_supports-color@10.2.2_vite@7.3.2_@types+node@26.1.1_jiti@2.6.1_ter_28972f42c82fd27b0e3f96c17cda5782/node_modules/@nuxt/devtools/dist/runtime/plugins/devtools.client.js?v=4a573216:51
[  202082ms] [INFO] [gymscan] 0B calls planted 71 @ http://localhost:3000/_nuxt/utils/gymscan/stage.ts?t=1788709779300:1221
[  222973ms] [ERROR] WebSocket connection to 'ws://localhost:3000/_nuxt/?token=JcLL9pW1351D' failed: The network connection was lost. @ :0
[  222974ms] [LOG] [vite] server connection lost. Polling for restart... @ http://localhost:3000/_nuxt/@vite/client:864
[  223258ms] [INFO] [gymscan] 0B calls explode 90 @ http://localhost:3000/_nuxt/utils/gymscan/stage.ts?t=1788709779300:1217
[  224505ms] [ERROR] Failed to load resource: the server responded with a status of 503 (Service Unavailable) @ http://localhost:3000/demo:0
[  224548ms] [ERROR] Failed to load resource: the server responded with a status of 503 (Service Unavailable) @ http://localhost:3000/demo:0
[  225557ms] [ERROR] Failed to load resource: the server responded with a status of 503 (Service Unavailable) @ http://localhost:3000/demo:0
[  229071ms] [INFO] <Suspense> is an experimental feature and its API will likely change. @ http://localhost:3000/_nuxt/node_modules/.pnpm/@vue+runtime-core@3.5.33/node_modules/@vue/runtime-core/dist/runtime-core.esm-bundler.js?v=4a573216:7239
[  229130ms] [LOG] %c[Vercel Web Analytics]%c Debug mode is enabled by default in development. No requests will be sent to the server. color: rgb(120, 120, 120) color: inherit @ https://va.vercel-scripts.com/v1/script.debug.js:0
[  229130ms] [LOG] %c[Vercel Web Analytics]%c Running queued event color: rgb(120, 120, 120) color: inherit pageview {route: /demo, path: /demo} @ https://va.vercel-scripts.com/v1/script.debug.js:0
[  229130ms] [LOG] %c[Vercel Web Analytics]%c [view] http://localhost:3000/demo color: rgb(120, 120, 120) color: inherit {o: http://localhost:3000/demo, sv: 0.1.3, sdkn: @vercel/analytics/nuxt, sdkv: 2.0.1, ts: 1788710211239} /_vercel/insights/view @ https://va.vercel-scripts.com/v1/script.debug.js:0
[  229167ms] [LOG] ✨ %cNuxt DevTools %c Press Shift + Option + D to open DevTools color: black; border-radius: 3px 0 0 3px; padding: 2px 2px 1px 10px; background: #00DC82 border-radius: 0 3px 3px 0; padding: 2px 10px 1px 2px; background: #00DC8220  @ http://localhost:3000/_nuxt/node_modules/.pnpm/@nuxt+devtools@3.2.4_supports-color@10.2.2_vite@7.3.2_@types+node@26.1.1_jiti@2.6.1_ter_28972f42c82fd27b0e3f96c17cda5782/node_modules/@nuxt/devtools/dist/runtime/plugins/devtools.client.js?v=4a573216:51
[  230012ms] [INFO] [gymscan] 0B calls explode 59 @ http://localhost:3000/_nuxt/utils/gymscan/stage.ts:1217
[  230094ms] [INFO] [gymscan] 0B calls planted 82 @ http://localhost:3000/_nuxt/utils/gymscan/stage.ts:1221
[  355020ms] [LOG] %cssr:success%c Vite server hmr 62 files 
      background: #2ecc71;
      border-radius: 0.5em;
      color: white;
      font-weight: bold;
      padding: 2px 0.5em;
      in 262.883ms 
  at vite_node_entry_default (node_modules/.pnpm/@nuxt+vite-builder@3.21.2_@types+node@26.1.1_magicast@0.5.2_nuxt@3.21.2_@emnapi+core@1._a4b3153523cf62a7d8205505e2d0041e/node_modules/@nuxt/vite-builder/dist/vite-node-entry.mjs)
  at process.processTicksAndRejections (node:internal/process/task_queues)
  at async Object.renderToString (node_modules/.pnpm/vue-bundle-renderer@2.2.0/node_modules/vue-bundle-renderer/dist/runtime.mjs)
 @ http://localhost:3000/_nuxt/node_modules/.pnpm/consola@3.4.2/node_modules/consola/dist/browser.mjs?v=4a573216:47
[  355068ms] [INFO] <Suspense> is an experimental feature and its API will likely change. @ http://localhost:3000/_nuxt/node_modules/.pnpm/@vue+runtime-core@3.5.33/node_modules/@vue/runtime-core/dist/runtime-core.esm-bundler.js?v=4a573216:7239
[  355128ms] [LOG] %c[Vercel Web Analytics]%c Debug mode is enabled by default in development. No requests will be sent to the server. color: rgb(120, 120, 120) color: inherit @ https://va.vercel-scripts.com/v1/script.debug.js:0
[  355128ms] [LOG] %c[Vercel Web Analytics]%c Running queued event color: rgb(120, 120, 120) color: inherit pageview {route: /demo, path: /demo} @ https://va.vercel-scripts.com/v1/script.debug.js:0
[  355128ms] [LOG] %c[Vercel Web Analytics]%c [view] http://localhost:3000/demo color: rgb(120, 120, 120) color: inherit {o: http://localhost:3000/demo, sv: 0.1.3, sdkn: @vercel/analytics/nuxt, sdkv: 2.0.1, ts: 1788710337237} /_vercel/insights/view @ https://va.vercel-scripts.com/v1/script.debug.js:0
[  355154ms] [LOG] ✨ %cNuxt DevTools %c Press Shift + Option + D to open DevTools color: black; border-radius: 3px 0 0 3px; padding: 2px 2px 1px 10px; background: #00DC82 border-radius: 0 3px 3px 0; padding: 2px 10px 1px 2px; background: #00DC8220  @ http://localhost:3000/_nuxt/node_modules/.pnpm/@nuxt+devtools@3.2.4_supports-color@10.2.2_vite@7.3.2_@types+node@26.1.1_jiti@2.6.1_ter_28972f42c82fd27b0e3f96c17cda5782/node_modules/@nuxt/devtools/dist/runtime/plugins/devtools.client.js?v=4a573216:51
[  356073ms] [INFO] [gymscan] 0B calls explode 26 @ http://localhost:3000/_nuxt/utils/gymscan/stage.ts?t=1788710334464:1217
[  356152ms] [INFO] [gymscan] 0B calls planted 51 @ http://localhost:3000/_nuxt/utils/gymscan/stage.ts?t=1788710334464:1221
