[    1330ms] [INFO] <Suspense> is an experimental feature and its API will likely change. @ http://localhost:3010/_nuxt/node_modules/.pnpm/@vue+runtime-core@3.5.33/node_modules/@vue/runtime-core/dist/runtime-core.esm-bundler.js?v=4a573216:7239
[    1414ms] [LOG] ✨ %cNuxt DevTools %c Press Shift + Option + D to open DevTools color: black; border-radius: 3px 0 0 3px; padding: 2px 2px 1px 10px; background: #00DC82 border-radius: 0 3px 3px 0; padding: 2px 10px 1px 2px; background: #00DC8220  @ http://localhost:3010/_nuxt/node_modules/.pnpm/@nuxt+devtools@3.2.4_supports-color@10.2.2_vite@7.3.2_@types+node@26.1.1_jiti@2.6.1_ter_28972f42c82fd27b0e3f96c17cda5782/node_modules/@nuxt/devtools/dist/runtime/plugins/devtools.client.js?v=4a573216:51
[    1818ms] [LOG] %c[Vercel Web Analytics]%c Debug mode is enabled by default in development. No requests will be sent to the server. color: rgb(120, 120, 120) color: inherit @ https://va.vercel-scripts.com/v1/script.debug.js:0
[    1818ms] [LOG] %c[Vercel Web Analytics]%c Running queued event color: rgb(120, 120, 120) color: inherit pageview {route: /, path: /} @ https://va.vercel-scripts.com/v1/script.debug.js:0
[    1819ms] [LOG] %c[Vercel Web Analytics]%c [view] http://localhost:3010/ color: rgb(120, 120, 120) color: inherit {o: http://localhost:3010/, sv: 0.1.3, sdkn: @vercel/analytics/nuxt, sdkv: 2.0.1, ts: 1788607238611} /_vercel/insights/view @ https://va.vercel-scripts.com/v1/script.debug.js:0
[   16648ms] [LOG] %c[Vercel Web Analytics]%c [view] http://localhost:3010/#lifters color: rgb(120, 120, 120) color: inherit {o: http://localhost:3010/#lifters, sv: 0.1.3, sdkn: @vercel/analytics/nuxt, sdkv: 2.0.1, ts: 1788607253438} /_vercel/insights/view @ https://va.vercel-scripts.com/v1/script.debug.js:0
[   17315ms] [WARNING] [Vue warn]: Hydration class mismatch on JSHandle@node 
  - rendered on server: class="protocol reveal in"
  - expected on client: class="protocol reveal"
  Note: this mismatch is check-only. The DOM will not be rectified in production due to performance overhead.
  You should fix the source of the mismatch. 
  at <Eyebrow > 
  at <ScanSection onVnodeMounted=fn<onVnodeMounted> > 
  at <AsyncComponentWrapper onVnodeMounted=fn<onVnodeMounted> > 
  at <AsyncComponentWrapper onVnodeMounted=fn<onVnodeMounted> > 
  at <Anonymous hydrate-on-visible= {rootMargin: 200px} > 
  at <Index onVnodeUnmounted=fn<onVnodeUnmounted> ref=Ref< Proxy > > 
  at <RouteProvider key="/" vnode= {__v_isVNode: true, __v_skip: true, type: Object, props: Object, key: null} route= {fullPath: /#lifters, path: /, query: undefined, hash: #lifters, name: index}  ... > 
  at <RouterView name=undefined route=undefined > 
  at <NuxtPage > 
  at <Default ref=Ref< Proxy > > 
  at <AsyncComponentWrapper ref=Ref< Proxy > > 
  at <LayoutLoader key="default" layoutProps= {ref: RefImpl} name="default" > 
  at <NuxtLayoutProvider layoutProps= {ref: RefImpl} key="default" name="default"  ... > 
  at <NuxtLayout > 
  at <App key=4 > 
  at <NuxtRoot> @ http://localhost:3010/_nuxt/node_modules/.pnpm/@vue+runtime-core@3.5.33/node_modules/@vue/runtime-core/dist/runtime-core.esm-bundler.js?v=4a573216:49
[   17326ms] [ERROR] Hydration completed but contains mismatches. @ http://localhost:3010/_nuxt/node_modules/.pnpm/@vue+runtime-core@3.5.33/node_modules/@vue/runtime-core/dist/runtime-core.esm-bundler.js?v=4a573216:1887
[   17326ms] [WARNING] [Vue warn]: Hydration class mismatch on JSHandle@node 
  - rendered on server: class="display reveal plate-title in"
  - expected on client: class="display reveal plate-title"
  Note: this mismatch is check-only. The DOM will not be rectified in production due to performance overhead.
  You should fix the source of the mismatch. 
  at <SectionTitle > 
  at <ScanSection onVnodeMounted=fn<onVnodeMounted> > 
  at <AsyncComponentWrapper onVnodeMounted=fn<onVnodeMounted> > 
  at <AsyncComponentWrapper onVnodeMounted=fn<onVnodeMounted> > 
  at <Anonymous hydrate-on-visible= {rootMargin: 200px} > 
  at <Index onVnodeUnmounted=fn<onVnodeUnmounted> ref=Ref< Proxy > > 
  at <RouteProvider key="/" vnode= {__v_isVNode: true, __v_skip: true, type: Object, props: Object, key: null} route= {fullPath: /#lifters, path: /, query: undefined, hash: #lifters, name: index}  ... > 
  at <RouterView name=undefined route=undefined > 
  at <NuxtPage > 
  at <Default ref=Ref< Proxy > > 
  at <AsyncComponentWrapper ref=Ref< Proxy > > 
  at <LayoutLoader key="default" layoutProps= {ref: RefImpl} name="default" > 
  at <NuxtLayoutProvider layoutProps= {ref: RefImpl} key="default" name="default"  ... > 
  at <NuxtLayout > 
  at <App key=4 > 
  at <NuxtRoot> @ http://localhost:3010/_nuxt/node_modules/.pnpm/@vue+runtime-core@3.5.33/node_modules/@vue/runtime-core/dist/runtime-core.esm-bundler.js?v=4a573216:49
[   17327ms] [WARNING] [Vue warn]: Hydration class mismatch on JSHandle@node 
  - rendered on server: class="reveal scan-lede in"
  - expected on client: class="reveal scan-lede"
  Note: this mismatch is check-only. The DOM will not be rectified in production due to performance overhead.
  You should fix the source of the mismatch. 
  at <ScanSection onVnodeMounted=fn<onVnodeMounted> > 
  at <AsyncComponentWrapper onVnodeMounted=fn<onVnodeMounted> > 
  at <AsyncComponentWrapper onVnodeMounted=fn<onVnodeMounted> > 
  at <Anonymous hydrate-on-visible= {rootMargin: 200px} > 
  at <Index onVnodeUnmounted=fn<onVnodeUnmounted> ref=Ref< Proxy > > 
  at <RouteProvider key="/" vnode= {__v_isVNode: true, __v_skip: true, type: Object, props: Object, key: null} route= {fullPath: /#lifters, path: /, query: undefined, hash: #lifters, name: index}  ... > 
  at <RouterView name=undefined route=undefined > 
  at <NuxtPage > 
  at <Default ref=Ref< Proxy > > 
  at <AsyncComponentWrapper ref=Ref< Proxy > > 
  at <LayoutLoader key="default" layoutProps= {ref: RefImpl} name="default" > 
  at <NuxtLayoutProvider layoutProps= {ref: RefImpl} key="default" name="default"  ... > 
  at <NuxtLayout > 
  at <App key=4 > 
  at <NuxtRoot> @ http://localhost:3010/_nuxt/node_modules/.pnpm/@vue+runtime-core@3.5.33/node_modules/@vue/runtime-core/dist/runtime-core.esm-bundler.js?v=4a573216:49
[   17497ms] [WARNING] [Vue warn]: Hydration class mismatch on JSHandle@node 
  - rendered on server: class="protocol reveal in"
  - expected on client: class="protocol reveal"
  Note: this mismatch is check-only. The DOM will not be rectified in production due to performance overhead.
  You should fix the source of the mismatch. 
  at <Eyebrow color="#CCFF00" > 
  at <SectionHeader cols="1.6fr 1fr" copy-max=380 > 
  at <LiftersSection class="below-fold" onVnodeMounted=fn<onVnodeMounted> > 
  at <AsyncComponentWrapper class="below-fold" onVnodeMounted=fn<onVnodeMounted> > 
  at <AsyncComponentWrapper class="below-fold" onVnodeMounted=fn<onVnodeMounted> > 
  at <Anonymous class="below-fold" hydrate-on-visible= {rootMargin: 200px} > 
  at <Index onVnodeUnmounted=fn<onVnodeUnmounted> ref=Ref< Proxy > > 
  at <RouteProvider key="/" vnode= {__v_isVNode: true, __v_skip: true, type: Object, props: Object, key: null} route= {fullPath: /#lifters, path: /, query: undefined, hash: #lifters, name: index}  ... > 
  at <RouterView name=undefined route=undefined > 
  at <NuxtPage > 
  at <Default ref=Ref< Proxy > > 
  at <AsyncComponentWrapper ref=Ref< Proxy > > 
  at <LayoutLoader key="default" layoutProps= {ref: RefImpl} name="default" > 
  at <NuxtLayoutProvider layoutProps= {ref: RefImpl} key="default" name="default"  ... > 
  at <NuxtLayout > 
  at <App key=4 > 
  at <NuxtRoot> @ http://localhost:3010/_nuxt/node_modules/.pnpm/@vue+runtime-core@3.5.33/node_modules/@vue/runtime-core/dist/runtime-core.esm-bundler.js?v=4a573216:49
[   17498ms] [WARNING] [Vue warn]: Hydration class mismatch on JSHandle@node 
  - rendered on server: class="display reveal plate-title in"
  - expected on client: class="display reveal plate-title"
  Note: this mismatch is check-only. The DOM will not be rectified in production due to performance overhead.
  You should fix the source of the mismatch. 
  at <SectionTitle max=900 > 
  at <SectionHeader cols="1.6fr 1fr" copy-max=380 > 
  at <LiftersSection class="below-fold" onVnodeMounted=fn<onVnodeMounted> > 
  at <AsyncComponentWrapper class="below-fold" onVnodeMounted=fn<onVnodeMounted> > 
  at <AsyncComponentWrapper class="below-fold" onVnodeMounted=fn<onVnodeMounted> > 
  at <Anonymous class="below-fold" hydrate-on-visible= {rootMargin: 200px} > 
  at <Index onVnodeUnmounted=fn<onVnodeUnmounted> ref=Ref< Proxy > > 
  at <RouteProvider key="/" vnode= {__v_isVNode: true, __v_skip: true, type: Object, props: Object, key: null} route= {fullPath: /#lifters, path: /, query: undefined, hash: #lifters, name: index}  ... > 
  at <RouterView name=undefined route=undefined > 
  at <NuxtPage > 
  at <Default ref=Ref< Proxy > > 
  at <AsyncComponentWrapper ref=Ref< Proxy > > 
  at <LayoutLoader key="default" layoutProps= {ref: RefImpl} name="default" > 
  at <NuxtLayoutProvider layoutProps= {ref: RefImpl} key="default" name="default"  ... > 
  at <NuxtLayout > 
  at <App key=4 > 
  at <NuxtRoot> @ http://localhost:3010/_nuxt/node_modules/.pnpm/@vue+runtime-core@3.5.33/node_modules/@vue/runtime-core/dist/runtime-core.esm-bundler.js?v=4a573216:49
[   17498ms] [WARNING] [Vue warn]: Hydration class mismatch on JSHandle@node 
  - rendered on server: class="reveal copy-soft in"
  - expected on client: class="reveal copy-soft"
  Note: this mismatch is check-only. The DOM will not be rectified in production due to performance overhead.
  You should fix the source of the mismatch. 
  at <SectionHeader cols="1.6fr 1fr" copy-max=380 > 
  at <LiftersSection class="below-fold" onVnodeMounted=fn<onVnodeMounted> > 
  at <AsyncComponentWrapper class="below-fold" onVnodeMounted=fn<onVnodeMounted> > 
  at <AsyncComponentWrapper class="below-fold" onVnodeMounted=fn<onVnodeMounted> > 
  at <Anonymous class="below-fold" hydrate-on-visible= {rootMargin: 200px} > 
  at <Index onVnodeUnmounted=fn<onVnodeUnmounted> ref=Ref< Proxy > > 
  at <RouteProvider key="/" vnode= {__v_isVNode: true, __v_skip: true, type: Object, props: Object, key: null} route= {fullPath: /#lifters, path: /, query: undefined, hash: #lifters, name: index}  ... > 
  at <RouterView name=undefined route=undefined > 
  at <NuxtPage > 
  at <Default ref=Ref< Proxy > > 
  at <AsyncComponentWrapper ref=Ref< Proxy > > 
  at <LayoutLoader key="default" layoutProps= {ref: RefImpl} name="default" > 
  at <NuxtLayoutProvider layoutProps= {ref: RefImpl} key="default" name="default"  ... > 
  at <NuxtLayout > 
  at <App key=4 > 
  at <NuxtRoot> @ http://localhost:3010/_nuxt/node_modules/.pnpm/@vue+runtime-core@3.5.33/node_modules/@vue/runtime-core/dist/runtime-core.esm-bundler.js?v=4a573216:49
