[     466ms] [LOG] %c[Vercel Web Analytics]%c Debug mode is enabled by default in development. No requests will be sent to the server. color: rgb(120, 120, 120) color: inherit @ https://va.vercel-scripts.com/v1/script.debug.js:0
[     466ms] [LOG] %c[Vercel Web Analytics]%c Running queued event color: rgb(120, 120, 120) color: inherit pageview {route: /demo, path: /demo} @ https://va.vercel-scripts.com/v1/script.debug.js:0
[     467ms] [LOG] %c[Vercel Web Analytics]%c [view] http://localhost:3001/demo#discover color: rgb(120, 120, 120) color: inherit {o: http://localhost:3001/demo#discover, sv: 0.1.3, sdkn: @vercel/analytics/nuxt, sdkv: 2.0.1, ts: 1788921282208} /_vercel/insights/view @ https://va.vercel-scripts.com/v1/script.debug.js:0
[     467ms] [ERROR] [vite] TypeError: Importing a module script failed. @ http://localhost:3001/_nuxt/@vite/client:179
[     467ms] [ERROR] [vite] Failed to reload /components/gym/GymGlobeStory.vue. This could be due to syntax errors or importing non-existent modules. (see errors above) @ http://localhost:3001/_nuxt/@vite/client:180
[     484ms] TypeError: Importing a module script failed.
[     945ms] [WARNING] [nuxt] Cannot load payload  /_payload.json?1788921282646 TypeError: Load failed @ http://localhost:3001/_nuxt/node_modules/.pnpm/nuxt@3.21.2_@emnapi+core@1.10.0_@emnapi+runtime@1.11.3_@parcel+watcher@2.5.6_@types+nod_529923af24574705ccdd3c2cb50f4411/node_modules/nuxt/dist/app/composables/payload.js?v=13688f5d:81
[     947ms] [WARNING] [nuxt] Cannot load payload  /for-trainers/_payload.json?1788921282646 TypeError: Load failed @ http://localhost:3001/_nuxt/node_modules/.pnpm/nuxt@3.21.2_@emnapi+core@1.10.0_@emnapi+runtime@1.11.3_@parcel+watcher@2.5.6_@types+nod_529923af24574705ccdd3c2cb50f4411/node_modules/nuxt/dist/app/composables/payload.js?v=13688f5d:81
[     947ms] [WARNING] [nuxt] Cannot load payload  /exercises/_payload.json?1788921282646 TypeError: Load failed @ http://localhost:3001/_nuxt/node_modules/.pnpm/nuxt@3.21.2_@emnapi+core@1.10.0_@emnapi+runtime@1.11.3_@parcel+watcher@2.5.6_@types+nod_529923af24574705ccdd3c2cb50f4411/node_modules/nuxt/dist/app/composables/payload.js?v=13688f5d:81
[     947ms] [WARNING] [nuxt] Cannot load payload  /pricing/_payload.json?1788921282646 TypeError: Load failed @ http://localhost:3001/_nuxt/node_modules/.pnpm/nuxt@3.21.2_@emnapi+core@1.10.0_@emnapi+runtime@1.11.3_@parcel+watcher@2.5.6_@types+nod_529923af24574705ccdd3c2cb50f4411/node_modules/nuxt/dist/app/composables/payload.js?v=13688f5d:81
[    1157ms] Fetch API cannot load http://localhost:3001/_nuxt/builds/meta/dev.json due to access control checks.
    at $fetchRaw2 (http://localhost:3001/_nuxt/node_modules/.pnpm/ofetch@1.5.1/node_modules/ofetch/dist/shared/ofetch.CWycOUEr.mjs?v=13688f5d:274:37)
    at $fetchRaw2 (http://localhost:3001/_nuxt/node_modules/.pnpm/ofetch@1.5.1/node_modules/ofetch/dist/shared/ofetch.CWycOUEr.mjs?v=13688f5d:286:27)
[    1264ms] [ERROR] [nuxt] Error fetching app manifest. FetchError: [GET] "/_nuxt/builds/meta/dev.json": <no response> Load failed @ http://localhost:3001/_nuxt/node_modules/.pnpm/nuxt@3.21.2_@emnapi+core@1.10.0_@emnapi+runtime@1.11.3_@parcel+watcher@2.5.6_@types+nod_529923af24574705ccdd3c2cb50f4411/node_modules/nuxt/dist/app/composables/manifest.js?v=13688f5d:18
[    1264ms] [WARNING] [nuxt] Error preloading payload for /get @ http://localhost:3001/_nuxt/node_modules/.pnpm/nuxt@3.21.2_@emnapi+core@1.10.0_@emnapi+runtime@1.11.3_@parcel+watcher@2.5.6_@types+nod_529923af24574705ccdd3c2cb50f4411/node_modules/nuxt/dist/app/plugins/payload.client.js?v=13688f5d:37
[    1264ms] [WARNING] [nuxt] Error preloading payload for #lifters @ http://localhost:3001/_nuxt/node_modules/.pnpm/nuxt@3.21.2_@emnapi+core@1.10.0_@emnapi+runtime@1.11.3_@parcel+watcher@2.5.6_@types+nod_529923af24574705ccdd3c2cb50f4411/node_modules/nuxt/dist/app/plugins/payload.client.js?v=13688f5d:37
[    1264ms] [WARNING] [nuxt] Error preloading payload for #gyms @ http://localhost:3001/_nuxt/node_modules/.pnpm/nuxt@3.21.2_@emnapi+core@1.10.0_@emnapi+runtime@1.11.3_@parcel+watcher@2.5.6_@types+nod_529923af24574705ccdd3c2cb50f4411/node_modules/nuxt/dist/app/plugins/payload.client.js?v=13688f5d:37
[    1264ms] [WARNING] [nuxt] Error preloading payload for /get @ http://localhost:3001/_nuxt/node_modules/.pnpm/nuxt@3.21.2_@emnapi+core@1.10.0_@emnapi+runtime@1.11.3_@parcel+watcher@2.5.6_@types+nod_529923af24574705ccdd3c2cb50f4411/node_modules/nuxt/dist/app/plugins/payload.client.js?v=13688f5d:37
[    3498ms] [INFO] <Suspense> is an experimental feature and its API will likely change. @ http://localhost:3001/_nuxt/node_modules/.pnpm/@vue+runtime-core@3.5.33/node_modules/@vue/runtime-core/dist/runtime-core.esm-bundler.js?v=13688f5d:7239
[    3872ms] [LOG] %c[Vercel Web Analytics]%c Debug mode is enabled by default in development. No requests will be sent to the server. color: rgb(120, 120, 120) color: inherit @ https://va.vercel-scripts.com/v1/script.debug.js:0
[    3873ms] [LOG] %c[Vercel Web Analytics]%c Running queued event color: rgb(120, 120, 120) color: inherit pageview {route: /demo, path: /demo} @ https://va.vercel-scripts.com/v1/script.debug.js:0
[    3873ms] [LOG] %c[Vercel Web Analytics]%c [view] http://localhost:3001/demo#discover color: rgb(120, 120, 120) color: inherit {o: http://localhost:3001/demo#discover, sv: 0.1.3, sdkn: @vercel/analytics/nuxt, sdkv: 2.0.1, ts: 1788921285614} /_vercel/insights/view @ https://va.vercel-scripts.com/v1/script.debug.js:0
[    3950ms] [LOG] ✨ %cNuxt DevTools %c Press Shift + Option + D to open DevTools color: black; border-radius: 3px 0 0 3px; padding: 2px 2px 1px 10px; background: #00DC82 border-radius: 0 3px 3px 0; padding: 2px 10px 1px 2px; background: #00DC8220  @ http://localhost:3001/_nuxt/node_modules/.pnpm/@nuxt+devtools@3.2.4_supports-color@10.2.2_vite@7.3.2_@types+node@26.1.1_jiti@2.6.1_ter_28972f42c82fd27b0e3f96c17cda5782/node_modules/@nuxt/devtools/dist/runtime/plugins/devtools.client.js?v=13688f5d:51
[    7269ms] [INFO] [gymscan] 0B calls explode 57 @ http://localhost:3001/_nuxt/utils/gymscan/stage.ts:1267
[    8056ms] [INFO] [gymscan] 0B calls planted 51 @ http://localhost:3001/_nuxt/utils/gymscan/stage.ts:1271
[   53173ms] [ERROR] WebSocket connection to 'ws://localhost:3001/_nuxt/?token=y67UVh1I2Zoj' failed: The network connection was lost. @ :0
[   53174ms] [LOG] [vite] server connection lost. Polling for restart... @ http://localhost:3001/_nuxt/@vite/client:864
[   54406ms] [ERROR] Failed to load resource: the server responded with a status of 503 (Service Unavailable) @ http://localhost:3001/demo#discover:0
[   54543ms] [ERROR] Failed to load resource: the server responded with a status of 503 (Service Unavailable) @ http://localhost:3001/demo#discover:0
[   55703ms] [ERROR] Failed to load resource: the server responded with a status of 503 (Service Unavailable) @ http://localhost:3001/demo#discover:0
[   59589ms] [INFO] <Suspense> is an experimental feature and its API will likely change. @ http://localhost:3001/_nuxt/node_modules/.pnpm/@vue+runtime-core@3.5.33/node_modules/@vue/runtime-core/dist/runtime-core.esm-bundler.js?v=13688f5d:7239
[   59758ms] [LOG] %c[Vercel Web Analytics]%c Debug mode is enabled by default in development. No requests will be sent to the server. color: rgb(120, 120, 120) color: inherit @ https://va.vercel-scripts.com/v1/script.debug.js:0
[   59759ms] [LOG] %c[Vercel Web Analytics]%c Running queued event color: rgb(120, 120, 120) color: inherit pageview {route: /demo, path: /demo} @ https://va.vercel-scripts.com/v1/script.debug.js:0
[   59759ms] [LOG] %c[Vercel Web Analytics]%c [view] http://localhost:3001/demo#discover color: rgb(120, 120, 120) color: inherit {o: http://localhost:3001/demo#discover, sv: 0.1.3, sdkn: @vercel/analytics/nuxt, sdkv: 2.0.1, ts: 1788921341500} /_vercel/insights/view @ https://va.vercel-scripts.com/v1/script.debug.js:0
[   59828ms] [LOG] ✨ %cNuxt DevTools %c Press Shift + Option + D to open DevTools color: black; border-radius: 3px 0 0 3px; padding: 2px 2px 1px 10px; background: #00DC82 border-radius: 0 3px 3px 0; padding: 2px 10px 1px 2px; background: #00DC8220  @ http://localhost:3001/_nuxt/node_modules/.pnpm/@nuxt+devtools@3.2.4_supports-color@10.2.2_vite@7.3.2_@types+node@26.1.1_jiti@2.6.1_ter_28972f42c82fd27b0e3f96c17cda5782/node_modules/@nuxt/devtools/dist/runtime/plugins/devtools.client.js?v=13688f5d:51
[   62015ms] [INFO] [gymscan] 0B calls explode 26 @ http://localhost:3001/_nuxt/utils/gymscan/stage.ts:1267
[   62202ms] [INFO] [gymscan] 0B calls planted 51 @ http://localhost:3001/_nuxt/utils/gymscan/stage.ts:1271
[   65055ms] [ERROR] WebSocket connection to 'ws://localhost:3001/_nuxt/?token=xqTF6xxCKvZP' failed: The network connection was lost. @ :0
[   65056ms] [LOG] [vite] server connection lost. Polling for restart... @ http://localhost:3001/_nuxt/@vite/client:864
[   66361ms] [ERROR] Failed to load resource: the server responded with a status of 503 (Service Unavailable) @ http://localhost:3001/demo#discover:0
[   66480ms] [ERROR] Failed to load resource: the server responded with a status of 503 (Service Unavailable) @ http://localhost:3001/demo#discover:0
[   67712ms] [ERROR] Failed to load resource: the server responded with a status of 503 (Service Unavailable) @ http://localhost:3001/demo#discover:0
[   71315ms] [INFO] <Suspense> is an experimental feature and its API will likely change. @ http://localhost:3001/_nuxt/node_modules/.pnpm/@vue+runtime-core@3.5.33/node_modules/@vue/runtime-core/dist/runtime-core.esm-bundler.js?v=13688f5d:7239
[   71463ms] [LOG] %c[Vercel Web Analytics]%c Debug mode is enabled by default in development. No requests will be sent to the server. color: rgb(120, 120, 120) color: inherit @ https://va.vercel-scripts.com/v1/script.debug.js:0
[   71463ms] [LOG] %c[Vercel Web Analytics]%c Running queued event color: rgb(120, 120, 120) color: inherit pageview {route: /demo, path: /demo} @ https://va.vercel-scripts.com/v1/script.debug.js:0
[   71464ms] [LOG] %c[Vercel Web Analytics]%c [view] http://localhost:3001/demo#discover color: rgb(120, 120, 120) color: inherit {o: http://localhost:3001/demo#discover, sv: 0.1.3, sdkn: @vercel/analytics/nuxt, sdkv: 2.0.1, ts: 1788921353205} /_vercel/insights/view @ https://va.vercel-scripts.com/v1/script.debug.js:0
[   71502ms] [LOG] ✨ %cNuxt DevTools %c Press Shift + Option + D to open DevTools color: black; border-radius: 3px 0 0 3px; padding: 2px 2px 1px 10px; background: #00DC82 border-radius: 0 3px 3px 0; padding: 2px 10px 1px 2px; background: #00DC8220  @ http://localhost:3001/_nuxt/node_modules/.pnpm/@nuxt+devtools@3.2.4_supports-color@10.2.2_vite@7.3.2_@types+node@26.1.1_jiti@2.6.1_ter_28972f42c82fd27b0e3f96c17cda5782/node_modules/@nuxt/devtools/dist/runtime/plugins/devtools.client.js?v=13688f5d:51
[   75349ms] [INFO] [gymscan] 0B calls planted 82 @ http://localhost:3001/_nuxt/utils/gymscan/stage.ts:1271
[   75375ms] [ERROR] WebGL: INVALID_OPERATION: glDrawElements: Mismatch between texture format and sampler type (signed/unsigned/float/shadow). @ :0
[   75375ms] [ERROR] WebGL: INVALID_OPERATION: glDrawElements: Mismatch between texture format and sampler type (signed/unsigned/float/shadow). @ :0
[   75375ms] [ERROR] WebGL: INVALID_OPERATION: glDrawArrays: Mismatch between texture format and sampler type (signed/unsigned/float/shadow). @ :0
[   75375ms] [ERROR] WebGL: INVALID_OPERATION: glDrawElements: Mismatch between texture format and sampler type (signed/unsigned/float/shadow). @ :0
[   75375ms] [ERROR] WebGL: INVALID_OPERATION: glDrawElements: Mismatch between texture format and sampler type (signed/unsigned/float/shadow). @ :0
[   75375ms] [ERROR] WebGL: INVALID_OPERATION: glDrawElements: Mismatch between texture format and sampler type (signed/unsigned/float/shadow). @ :0
[   75375ms] [ERROR] WebGL: INVALID_OPERATION: glDrawElements: Mismatch between texture format and sampler type (signed/unsigned/float/shadow). @ :0
[   75375ms] [ERROR] WebGL: INVALID_OPERATION: glDrawElements: Mismatch between texture format and sampler type (signed/unsigned/float/shadow). @ :0
[   75375ms] [ERROR] WebGL: INVALID_OPERATION: glDrawElements: Mismatch between texture format and sampler type (signed/unsigned/float/shadow). @ :0
[   75375ms] [ERROR] WebGL: INVALID_OPERATION: glDrawElements: Mismatch between texture format and sampler type (signed/unsigned/float/shadow). @ :0
[   75375ms] [ERROR] WebGL: INVALID_OPERATION: glDrawElements: Mismatch between texture format and sampler type (signed/unsigned/float/shadow). @ :0
[   75375ms] [ERROR] WebGL: INVALID_OPERATION: glDrawElements: Mismatch between texture format and sampler type (signed/unsigned/float/shadow). @ :0
[   75375ms] [ERROR] WebGL: INVALID_OPERATION: glDrawElements: Mismatch between texture format and sampler type (signed/unsigned/float/shadow). @ :0
[   75375ms] [ERROR] WebGL: INVALID_OPERATION: glDrawElements: Mismatch between texture format and sampler type (signed/unsigned/float/shadow). @ :0
[   80806ms] [INFO] [gymscan] 0B calls explode 40 @ http://localhost:3001/_nuxt/utils/gymscan/stage.ts?t=1788921359386:1267
[   80972ms] [INFO] [gymscan] 0B calls planted 51 @ http://localhost:3001/_nuxt/utils/gymscan/stage.ts?t=1788921359386:1271
[   81151ms] [WARNING] [nuxt] Cannot load payload  /exercises/_payload.json?1788921353294 TypeError: Load failed @ http://localhost:3001/_nuxt/node_modules/.pnpm/nuxt@3.21.2_@emnapi+core@1.10.0_@emnapi+runtime@1.11.3_@parcel+watcher@2.5.6_@types+nod_529923af24574705ccdd3c2cb50f4411/node_modules/nuxt/dist/app/composables/payload.js?v=13688f5d:81
[   81154ms] [WARNING] [nuxt] Cannot load payload  /_payload.json?1788921353294 TypeError: Load failed @ http://localhost:3001/_nuxt/node_modules/.pnpm/nuxt@3.21.2_@emnapi+core@1.10.0_@emnapi+runtime@1.11.3_@parcel+watcher@2.5.6_@types+nod_529923af24574705ccdd3c2cb50f4411/node_modules/nuxt/dist/app/composables/payload.js?v=13688f5d:81
[   83967ms] [INFO] <Suspense> is an experimental feature and its API will likely change. @ http://localhost:3001/_nuxt/node_modules/.pnpm/@vue+runtime-core@3.5.33/node_modules/@vue/runtime-core/dist/runtime-core.esm-bundler.js?v=13688f5d:7239
[   84255ms] [LOG] %c[Vercel Web Analytics]%c Debug mode is enabled by default in development. No requests will be sent to the server. color: rgb(120, 120, 120) color: inherit @ https://va.vercel-scripts.com/v1/script.debug.js:0
[   84256ms] [LOG] %c[Vercel Web Analytics]%c Running queued event color: rgb(120, 120, 120) color: inherit pageview {route: /demo, path: /demo} @ https://va.vercel-scripts.com/v1/script.debug.js:0
[   84257ms] [LOG] %c[Vercel Web Analytics]%c [view] http://localhost:3001/demo#discover color: rgb(120, 120, 120) color: inherit {o: http://localhost:3001/demo#discover, sv: 0.1.3, sdkn: @vercel/analytics/nuxt, sdkv: 2.0.1, ts: 1788921365998} /_vercel/insights/view @ https://va.vercel-scripts.com/v1/script.debug.js:0
[   84347ms] [LOG] ✨ %cNuxt DevTools %c Press Shift + Option + D to open DevTools color: black; border-radius: 3px 0 0 3px; padding: 2px 2px 1px 10px; background: #00DC82 border-radius: 0 3px 3px 0; padding: 2px 10px 1px 2px; background: #00DC8220  @ http://localhost:3001/_nuxt/node_modules/.pnpm/@nuxt+devtools@3.2.4_supports-color@10.2.2_vite@7.3.2_@types+node@26.1.1_jiti@2.6.1_ter_28972f42c82fd27b0e3f96c17cda5782/node_modules/@nuxt/devtools/dist/runtime/plugins/devtools.client.js?v=13688f5d:51
[   87998ms] [INFO] [gymscan] 0B calls planted 71 @ http://localhost:3001/_nuxt/utils/gymscan/stage.ts?t=1788921359386:1271
[  127216ms] [INFO] [gymscan] 0B calls planted 71 @ http://localhost:3001/_nuxt/utils/gymscan/stage.ts?t=1788921407820:1271
[  146295ms] [LOG] %cssr:success%c Vite server hmr 35 files 
      background: #2ecc71;
      border-radius: 0.5em;
      color: white;
      font-weight: bold;
      padding: 2px 0.5em;
      in 29.384ms 
  at vite_node_entry_default (node_modules/.pnpm/@nuxt+vite-builder@3.21.2_@types+node@26.1.1_magicast@0.5.2_nuxt@3.21.2_@emnapi+core@1._a4b3153523cf62a7d8205505e2d0041e/node_modules/@nuxt/vite-builder/dist/vite-node-entry.mjs)
  at process.processTicksAndRejections (node:internal/process/task_queues)
  at async Object.renderToString (node_modules/.pnpm/vue-bundle-renderer@2.2.0/node_modules/vue-bundle-renderer/dist/runtime.mjs)
 @ http://localhost:3001/_nuxt/node_modules/.pnpm/consola@3.4.2/node_modules/consola/dist/browser.mjs?v=13688f5d:47
[  146333ms] [INFO] <Suspense> is an experimental feature and its API will likely change. @ http://localhost:3001/_nuxt/node_modules/.pnpm/@vue+runtime-core@3.5.33/node_modules/@vue/runtime-core/dist/runtime-core.esm-bundler.js?v=13688f5d:7239
[  146584ms] [LOG] %c[Vercel Web Analytics]%c Debug mode is enabled by default in development. No requests will be sent to the server. color: rgb(120, 120, 120) color: inherit @ https://va.vercel-scripts.com/v1/script.debug.js:0
[  146584ms] [LOG] %c[Vercel Web Analytics]%c Running queued event color: rgb(120, 120, 120) color: inherit pageview {route: /demo, path: /demo} @ https://va.vercel-scripts.com/v1/script.debug.js:0
[  146587ms] [LOG] %c[Vercel Web Analytics]%c [view] http://localhost:3001/demo#discover color: rgb(120, 120, 120) color: inherit {o: http://localhost:3001/demo#discover, sv: 0.1.3, sdkn: @vercel/analytics/nuxt, sdkv: 2.0.1, ts: 1788921428328} /_vercel/insights/view @ https://va.vercel-scripts.com/v1/script.debug.js:0
[  146668ms] [LOG] ✨ %cNuxt DevTools %c Press Shift + Option + D to open DevTools color: black; border-radius: 3px 0 0 3px; padding: 2px 2px 1px 10px; background: #00DC82 border-radius: 0 3px 3px 0; padding: 2px 10px 1px 2px; background: #00DC8220  @ http://localhost:3001/_nuxt/node_modules/.pnpm/@nuxt+devtools@3.2.4_supports-color@10.2.2_vite@7.3.2_@types+node@26.1.1_jiti@2.6.1_ter_28972f42c82fd27b0e3f96c17cda5782/node_modules/@nuxt/devtools/dist/runtime/plugins/devtools.client.js?v=13688f5d:51
[  148309ms] [INFO] [gymscan] 0B calls explode 26 @ http://localhost:3001/_nuxt/utils/gymscan/stage.ts?t=1788921407820:1267
[  148402ms] [INFO] [gymscan] 0B calls planted 51 @ http://localhost:3001/_nuxt/utils/gymscan/stage.ts?t=1788921407820:1271
[  376211ms] [INFO] [gymscan] 0B calls explode 81 @ http://localhost:3001/_nuxt/utils/gymscan/stage.ts?t=1788921656576:1267
[  376313ms] [INFO] [gymscan] 0B calls planted 51 @ http://localhost:3001/_nuxt/utils/gymscan/stage.ts?t=1788921656576:1271
[  408330ms] [ERROR] THREE.GLTFLoader: Couldn't load texture blob:http://localhost:3001/746079f6-5a04-477f-abbb-82b3b909ee80 @ http://localhost:3001/_nuxt/node_modules/.cache/vite/client/deps/three_examples_jsm_loaders_GLTFLoader__js.js?v=13688f5d:1830
[  408331ms] [ERROR] THREE.GLTFLoader: Couldn't load texture blob:http://localhost:3001/7461e13a-39f5-4ac0-84bb-5c6d9bb0edf6 @ http://localhost:3001/_nuxt/node_modules/.cache/vite/client/deps/three_examples_jsm_loaders_GLTFLoader__js.js?v=13688f5d:1830
[  408331ms] [WARNING] [nuxt] Cannot load payload  /for-trainers/_payload.json?1788921690038 TypeError: Load failed @ http://localhost:3001/_nuxt/node_modules/.pnpm/nuxt@3.21.2_@emnapi+core@1.10.0_@emnapi+runtime@1.11.3_@parcel+watcher@2.5.6_@types+nod_529923af24574705ccdd3c2cb50f4411/node_modules/nuxt/dist/app/composables/payload.js?t=1788921362308&v=13688f5d:81
[  408333ms] [ERROR] THREE.GLTFLoader: Couldn't load texture blob:http://localhost:3001/7dccfa58-76ce-433c-898c-83fae4944958 @ http://localhost:3001/_nuxt/node_modules/.cache/vite/client/deps/three_examples_jsm_loaders_GLTFLoader__js.js?v=13688f5d:1830
[  408333ms] [ERROR] THREE.GLTFLoader: Couldn't load texture blob:http://localhost:3001/e88289ee-6aa6-4774-a179-f0f238817cc8 @ http://localhost:3001/_nuxt/node_modules/.cache/vite/client/deps/three_examples_jsm_loaders_GLTFLoader__js.js?v=13688f5d:1830
[  408333ms] [ERROR] THREE.GLTFLoader: Couldn't load texture blob:http://localhost:3001/9e82de19-9f23-43d5-a0d3-44da4d713bc0 @ http://localhost:3001/_nuxt/node_modules/.cache/vite/client/deps/three_examples_jsm_loaders_GLTFLoader__js.js?v=13688f5d:1830
[  408333ms] [ERROR] THREE.GLTFLoader: Couldn't load texture blob:http://localhost:3001/3dafa0b3-5629-4186-a129-f788ab09f004 @ http://localhost:3001/_nuxt/node_modules/.cache/vite/client/deps/three_examples_jsm_loaders_GLTFLoader__js.js?v=13688f5d:1830
[  408333ms] [ERROR] THREE.GLTFLoader: Couldn't load texture blob:http://localhost:3001/197f1cb8-95d6-47b8-9e5f-f0e3332a6424 @ http://localhost:3001/_nuxt/node_modules/.cache/vite/client/deps/three_examples_jsm_loaders_GLTFLoader__js.js?v=13688f5d:1830
[  408333ms] [ERROR] THREE.GLTFLoader: Couldn't load texture blob:http://localhost:3001/8941a237-5f27-4cc3-be39-2cb821fefab5 @ http://localhost:3001/_nuxt/node_modules/.cache/vite/client/deps/three_examples_jsm_loaders_GLTFLoader__js.js?v=13688f5d:1830
[  408333ms] [ERROR] THREE.GLTFLoader: Couldn't load texture blob:http://localhost:3001/5b21a5f0-0477-4821-9210-a6ced903fbd9 @ http://localhost:3001/_nuxt/node_modules/.cache/vite/client/deps/three_examples_jsm_loaders_GLTFLoader__js.js?v=13688f5d:1830
[  408333ms] [ERROR] THREE.GLTFLoader: Couldn't load texture blob:http://localhost:3001/4880d5ad-d461-46f1-a6a6-407422f410dc @ http://localhost:3001/_nuxt/node_modules/.cache/vite/client/deps/three_examples_jsm_loaders_GLTFLoader__js.js?v=13688f5d:1830
[  408333ms] [ERROR] THREE.GLTFLoader: Couldn't load texture blob:http://localhost:3001/be0b40dd-a374-48f5-949c-b37ea1e52533 @ http://localhost:3001/_nuxt/node_modules/.cache/vite/client/deps/three_examples_jsm_loaders_GLTFLoader__js.js?v=13688f5d:1830
[  408333ms] [ERROR] THREE.GLTFLoader: Couldn't load texture blob:http://localhost:3001/d46b5d52-8271-4437-bcbb-a76b9f7db974 @ http://localhost:3001/_nuxt/node_modules/.cache/vite/client/deps/three_examples_jsm_loaders_GLTFLoader__js.js?v=13688f5d:1830
[  408333ms] [ERROR] THREE.GLTFLoader: Couldn't load texture blob:http://localhost:3001/57f1c08e-210a-4939-807b-7f10dcf087e2 @ http://localhost:3001/_nuxt/node_modules/.cache/vite/client/deps/three_examples_jsm_loaders_GLTFLoader__js.js?v=13688f5d:1830
[  408333ms] [WARNING] [nuxt] Cannot load payload  /exercises/_payload.json?1788921690038 TypeError: Load failed @ http://localhost:3001/_nuxt/node_modules/.pnpm/nuxt@3.21.2_@emnapi+core@1.10.0_@emnapi+runtime@1.11.3_@parcel+watcher@2.5.6_@types+nod_529923af24574705ccdd3c2cb50f4411/node_modules/nuxt/dist/app/composables/payload.js?t=1788921362308&v=13688f5d:81
[  408333ms] [ERROR] THREE.GLTFLoader: Couldn't load texture blob:http://localhost:3001/96569b99-ba4a-44b5-81aa-11381694a6b7 @ http://localhost:3001/_nuxt/node_modules/.cache/vite/client/deps/three_examples_jsm_loaders_GLTFLoader__js.js?v=13688f5d:1830
[  408333ms] [ERROR] THREE.GLTFLoader: Couldn't load texture blob:http://localhost:3001/bad0cc1b-930a-4c48-bf1b-67b65e8e5267 @ http://localhost:3001/_nuxt/node_modules/.cache/vite/client/deps/three_examples_jsm_loaders_GLTFLoader__js.js?v=13688f5d:1830
[  408333ms] [ERROR] THREE.GLTFLoader: Couldn't load texture blob:http://localhost:3001/5f96178f-4909-48e5-9040-dd9b19a58d47 @ http://localhost:3001/_nuxt/node_modules/.cache/vite/client/deps/three_examples_jsm_loaders_GLTFLoader__js.js?v=13688f5d:1830
[  408333ms] [ERROR] THREE.GLTFLoader: Couldn't load texture blob:http://localhost:3001/39b50517-b903-4b1c-8de7-3c3b187684d2 @ http://localhost:3001/_nuxt/node_modules/.cache/vite/client/deps/three_examples_jsm_loaders_GLTFLoader__js.js?v=13688f5d:1830
[  408333ms] [ERROR] THREE.GLTFLoader: Couldn't load texture blob:http://localhost:3001/93047ac9-3e18-44b2-800f-9ca10a6ef42f @ http://localhost:3001/_nuxt/node_modules/.cache/vite/client/deps/three_examples_jsm_loaders_GLTFLoader__js.js?v=13688f5d:1830
[  408333ms] [ERROR] THREE.GLTFLoader: Couldn't load texture blob:http://localhost:3001/aeb54663-ce25-4fde-b065-a336a33dfb48 @ http://localhost:3001/_nuxt/node_modules/.cache/vite/client/deps/three_examples_jsm_loaders_GLTFLoader__js.js?v=13688f5d:1830
[  408333ms] [WARNING] [nuxt] Cannot load payload  /pricing/_payload.json?1788921690038 TypeError: Load failed @ http://localhost:3001/_nuxt/node_modules/.pnpm/nuxt@3.21.2_@emnapi+core@1.10.0_@emnapi+runtime@1.11.3_@parcel+watcher@2.5.6_@types+nod_529923af24574705ccdd3c2cb50f4411/node_modules/nuxt/dist/app/composables/payload.js?t=1788921362308&v=13688f5d:81
[  408333ms] [ERROR] THREE.GLTFLoader: Couldn't load texture blob:http://localhost:3001/d8d8e102-985c-455d-8e1b-7cab0e8ee0d0 @ http://localhost:3001/_nuxt/node_modules/.cache/vite/client/deps/three_examples_jsm_loaders_GLTFLoader__js.js?v=13688f5d:1830
[  408333ms] [ERROR] THREE.GLTFLoader: Couldn't load texture blob:http://localhost:3001/218c596a-2876-444b-97fd-72fd9caff74e @ http://localhost:3001/_nuxt/node_modules/.cache/vite/client/deps/three_examples_jsm_loaders_GLTFLoader__js.js?v=13688f5d:1830
[  408333ms] [ERROR] THREE.GLTFLoader: Couldn't load texture blob:http://localhost:3001/818a125e-21e6-4649-a505-61690638adaf @ http://localhost:3001/_nuxt/node_modules/.cache/vite/client/deps/three_examples_jsm_loaders_GLTFLoader__js.js?v=13688f5d:1830
[  408333ms] [ERROR] THREE.GLTFLoader: Couldn't load texture blob:http://localhost:3001/02e31f07-6be2-43d4-9f2a-c92385ec8efb @ http://localhost:3001/_nuxt/node_modules/.cache/vite/client/deps/three_examples_jsm_loaders_GLTFLoader__js.js?v=13688f5d:1830
[  408333ms] [ERROR] THREE.GLTFLoader: Couldn't load texture blob:http://localhost:3001/ea7e4507-583e-40c2-84ff-ce7b701ad776 @ http://localhost:3001/_nuxt/node_modules/.cache/vite/client/deps/three_examples_jsm_loaders_GLTFLoader__js.js?v=13688f5d:1830
[  408333ms] [ERROR] THREE.GLTFLoader: Couldn't load texture blob:http://localhost:3001/3f240edf-8c29-4882-8816-d82f88d35e68 @ http://localhost:3001/_nuxt/node_modules/.cache/vite/client/deps/three_examples_jsm_loaders_GLTFLoader__js.js?v=13688f5d:1830
[  408336ms] [ERROR] THREE.GLTFLoader: Couldn't load texture blob:http://localhost:3001/c8b7a5e8-c503-42ef-b6bb-bd6f4e7761f0 @ http://localhost:3001/_nuxt/node_modules/.cache/vite/client/deps/three_examples_jsm_loaders_GLTFLoader__js.js?v=13688f5d:1830
[  408336ms] [WARNING] [nuxt] Cannot load payload  /_payload.json?1788921690038 TypeError: Load failed @ http://localhost:3001/_nuxt/node_modules/.pnpm/nuxt@3.21.2_@emnapi+core@1.10.0_@emnapi+runtime@1.11.3_@parcel+watcher@2.5.6_@types+nod_529923af24574705ccdd3c2cb50f4411/node_modules/nuxt/dist/app/composables/payload.js?t=1788921362308&v=13688f5d:81
[  409738ms] [INFO] <Suspense> is an experimental feature and its API will likely change. @ http://localhost:3001/_nuxt/node_modules/.pnpm/@vue+runtime-core@3.5.33/node_modules/@vue/runtime-core/dist/runtime-core.esm-bundler.js?v=13688f5d:7239
[  410078ms] [LOG] %c[Vercel Web Analytics]%c Debug mode is enabled by default in development. No requests will be sent to the server. color: rgb(120, 120, 120) color: inherit @ https://va.vercel-scripts.com/v1/script.debug.js:0
[  410078ms] [LOG] %c[Vercel Web Analytics]%c Running queued event color: rgb(120, 120, 120) color: inherit pageview {route: /demo, path: /demo} @ https://va.vercel-scripts.com/v1/script.debug.js:0
[  410079ms] [LOG] %c[Vercel Web Analytics]%c [view] http://localhost:3001/demo#discover color: rgb(120, 120, 120) color: inherit {o: http://localhost:3001/demo#discover, sv: 0.1.3, sdkn: @vercel/analytics/nuxt, sdkv: 2.0.1, ts: 1788921691821} /_vercel/insights/view @ https://va.vercel-scripts.com/v1/script.debug.js:0
[  410120ms] [LOG] ✨ %cNuxt DevTools %c Press Shift + Option + D to open DevTools color: black; border-radius: 3px 0 0 3px; padding: 2px 2px 1px 10px; background: #00DC82 border-radius: 0 3px 3px 0; padding: 2px 10px 1px 2px; background: #00DC8220  @ http://localhost:3001/_nuxt/node_modules/.pnpm/@nuxt+devtools@3.2.4_supports-color@10.2.2_vite@7.3.2_@types+node@26.1.1_jiti@2.6.1_ter_28972f42c82fd27b0e3f96c17cda5782/node_modules/@nuxt/devtools/dist/runtime/plugins/devtools.client.js?v=13688f5d:51
[  412333ms] [INFO] [gymscan] 0B calls planted 71 @ http://localhost:3001/_nuxt/utils/gymscan/stage.ts?t=1788921688975:1271
