[      29ms] [WARNING] [nuxt] Cannot load payload  /_payload.json?1788610287882 TypeError: Load failed @ http://localhost:3000/_nuxt/node_modules/.pnpm/nuxt@3.21.2_@emnapi+core@1.10.0_@emnapi+runtime@1.11.3_@parcel+watcher@2.5.6_@types+nod_529923af24574705ccdd3c2cb50f4411/node_modules/nuxt/dist/app/composables/payload.js?v=4a573216:81
[      31ms] [WARNING] [nuxt] Cannot load payload  /exercises/_payload.json?1788610287883 TypeError: Load failed @ http://localhost:3000/_nuxt/node_modules/.pnpm/nuxt@3.21.2_@emnapi+core@1.10.0_@emnapi+runtime@1.11.3_@parcel+watcher@2.5.6_@types+nod_529923af24574705ccdd3c2cb50f4411/node_modules/nuxt/dist/app/composables/payload.js?v=4a573216:81
[    2127ms] [INFO] <Suspense> is an experimental feature and its API will likely change. @ http://localhost:3000/_nuxt/node_modules/.pnpm/@vue+runtime-core@3.5.33/node_modules/@vue/runtime-core/dist/runtime-core.esm-bundler.js?v=4a573216:7239
[    2358ms] [LOG] %c[Vercel Web Analytics]%c Debug mode is enabled by default in development. No requests will be sent to the server. color: rgb(120, 120, 120) color: inherit @ https://va.vercel-scripts.com/v1/script.debug.js:0
[    2358ms] [LOG] %c[Vercel Web Analytics]%c Running queued event color: rgb(120, 120, 120) color: inherit pageview {route: /demo, path: /demo} @ https://va.vercel-scripts.com/v1/script.debug.js:0
[    2360ms] [LOG] %c[Vercel Web Analytics]%c [view] http://localhost:3000/demo#gyms color: rgb(120, 120, 120) color: inherit {o: http://localhost:3000/demo#gyms, sv: 0.1.3, sdkn: @vercel/analytics/nuxt, sdkv: 2.0.1, ts: 1788610309126} /_vercel/insights/view @ https://va.vercel-scripts.com/v1/script.debug.js:0
[    2716ms] [ERROR] Failed to load resource: the server responded with a status of 503 (Service Unavailable) @ http://localhost:3000/_nuxt/@id/virtual:nuxt:%2FUsers%2Fadrian%2Fliftag_repos%2Fliftag_showcase_website%2Fnew_app%2F.nuxt%2Fdevtools%2Fsettings.mjs:0
[    2785ms] TypeError: Importing a module script failed.
[    2725ms] [ERROR] Failed to load resource: the server responded with a status of 503 (Service Unavailable) @ http://localhost:3000/exercises/_payload.json?1788610309266:0
[    2733ms] [ERROR] Failed to load resource: the server responded with a status of 503 (Service Unavailable) @ http://localhost:3000/_nuxt/utils/gymscan/stage.ts?t=1788610298156:0
[    2738ms] [ERROR] Failed to load resource: the server responded with a status of 503 (Service Unavailable) @ http://localhost:3000/_nuxt/builds/meta/dev.json:0
[    2738ms] [ERROR] Failed to load resource: the server responded with a status of 503 (Service Unavailable) @ http://localhost:3000/_payload.json?1788610309265:0
[    2740ms] [ERROR] Failed to load resource: the server responded with a status of 503 (Service Unavailable) @ http://localhost:3000/for-trainers/_payload.json?1788610309266:0
[    2744ms] [ERROR] Failed to load resource: the server responded with a status of 503 (Service Unavailable) @ http://localhost:3000/pricing/_payload.json?1788610309266:0
[    2746ms] [WARNING] [nuxt] Cannot load payload  /exercises/_payload.json?1788610309266 SyntaxError: JSON Parse error: Unrecognized token '<' @ http://localhost:3000/_nuxt/node_modules/.pnpm/nuxt@3.21.2_@emnapi+core@1.10.0_@emnapi+runtime@1.11.3_@parcel+watcher@2.5.6_@types+nod_529923af24574705ccdd3c2cb50f4411/node_modules/nuxt/dist/app/composables/payload.js?v=4a573216:81
[    2749ms] [WARNING] [nuxt] Cannot load payload  /_payload.json?1788610309265 SyntaxError: JSON Parse error: Unrecognized token '<' @ http://localhost:3000/_nuxt/node_modules/.pnpm/nuxt@3.21.2_@emnapi+core@1.10.0_@emnapi+runtime@1.11.3_@parcel+watcher@2.5.6_@types+nod_529923af24574705ccdd3c2cb50f4411/node_modules/nuxt/dist/app/composables/payload.js?v=4a573216:81
[    2750ms] [WARNING] [nuxt] Cannot load payload  /for-trainers/_payload.json?1788610309266 SyntaxError: JSON Parse error: Unrecognized token '<' @ http://localhost:3000/_nuxt/node_modules/.pnpm/nuxt@3.21.2_@emnapi+core@1.10.0_@emnapi+runtime@1.11.3_@parcel+watcher@2.5.6_@types+nod_529923af24574705ccdd3c2cb50f4411/node_modules/nuxt/dist/app/composables/payload.js?v=4a573216:81
[    2750ms] [WARNING] [nuxt] Cannot load payload  /pricing/_payload.json?1788610309266 SyntaxError: JSON Parse error: Unrecognized token '<' @ http://localhost:3000/_nuxt/node_modules/.pnpm/nuxt@3.21.2_@emnapi+core@1.10.0_@emnapi+runtime@1.11.3_@parcel+watcher@2.5.6_@types+nod_529923af24574705ccdd3c2cb50f4411/node_modules/nuxt/dist/app/composables/payload.js?v=4a573216:81
[    2801ms] [ERROR] Failed to load resource: the server responded with a status of 503 (Service Unavailable) @ http://localhost:3000/_nuxt/builds/meta/dev.json:0
[    2802ms] [ERROR] [nuxt] Error fetching app manifest. FetchError: [GET] "/_nuxt/builds/meta/dev.json": 503 Service Unavailable @ http://localhost:3000/_nuxt/node_modules/.pnpm/nuxt@3.21.2_@emnapi+core@1.10.0_@emnapi+runtime@1.11.3_@parcel+watcher@2.5.6_@types+nod_529923af24574705ccdd3c2cb50f4411/node_modules/nuxt/dist/app/composables/manifest.js?v=4a573216:18
[    2803ms] [WARNING] [nuxt] Error preloading payload for /get @ http://localhost:3000/_nuxt/node_modules/.pnpm/nuxt@3.21.2_@emnapi+core@1.10.0_@emnapi+runtime@1.11.3_@parcel+watcher@2.5.6_@types+nod_529923af24574705ccdd3c2cb50f4411/node_modules/nuxt/dist/app/plugins/payload.client.js?v=4a573216:37
[    2803ms] [WARNING] [nuxt] Error preloading payload for /get @ http://localhost:3000/_nuxt/node_modules/.pnpm/nuxt@3.21.2_@emnapi+core@1.10.0_@emnapi+runtime@1.11.3_@parcel+watcher@2.5.6_@types+nod_529923af24574705ccdd3c2cb50f4411/node_modules/nuxt/dist/app/plugins/payload.client.js?v=4a573216:37
[    4049ms] [ERROR] WebSocket connection to 'ws://localhost:3000/_nuxt/?token=Bbb6AjgHBR9X' failed: The network connection was lost. @ :0
[    4056ms] [LOG] [vite] server connection lost. Polling for restart... @ http://localhost:3000/_nuxt/@vite/client:864
[    8790ms] [ERROR] Failed to load resource: the server responded with a status of 503 (Service Unavailable) @ http://localhost:3000/demo#gyms:0
[    9156ms] [ERROR] Failed to load resource: the server responded with a status of 503 (Service Unavailable) @ http://localhost:3000/demo#gyms:0
[   10288ms] [ERROR] Failed to load resource: the server responded with a status of 503 (Service Unavailable) @ http://localhost:3000/demo#gyms:0
[   11320ms] [ERROR] Failed to load resource: the server responded with a status of 503 (Service Unavailable) @ http://localhost:3000/demo#gyms:0
[   16958ms] [INFO] <Suspense> is an experimental feature and its API will likely change. @ http://localhost:3000/_nuxt/node_modules/.pnpm/@vue+runtime-core@3.5.33/node_modules/@vue/runtime-core/dist/runtime-core.esm-bundler.js?v=4a573216:7239
[   17318ms] [LOG] %c[Vercel Web Analytics]%c Debug mode is enabled by default in development. No requests will be sent to the server. color: rgb(120, 120, 120) color: inherit @ https://va.vercel-scripts.com/v1/script.debug.js:0
[   17318ms] [LOG] %c[Vercel Web Analytics]%c Running queued event color: rgb(120, 120, 120) color: inherit pageview {route: /demo, path: /demo} @ https://va.vercel-scripts.com/v1/script.debug.js:0
[   17325ms] [LOG] %c[Vercel Web Analytics]%c [view] http://localhost:3000/demo#gyms color: rgb(120, 120, 120) color: inherit {o: http://localhost:3000/demo#gyms, sv: 0.1.3, sdkn: @vercel/analytics/nuxt, sdkv: 2.0.1, ts: 1788610324090} /_vercel/insights/view @ https://va.vercel-scripts.com/v1/script.debug.js:0
[   17742ms] [LOG] ✨ %cNuxt DevTools %c Press Shift + Option + D to open DevTools color: black; border-radius: 3px 0 0 3px; padding: 2px 2px 1px 10px; background: #00DC82 border-radius: 0 3px 3px 0; padding: 2px 10px 1px 2px; background: #00DC8220  @ http://localhost:3000/_nuxt/node_modules/.pnpm/@nuxt+devtools@3.2.4_supports-color@10.2.2_vite@7.3.2_@types+node@26.1.1_jiti@2.6.1_ter_28972f42c82fd27b0e3f96c17cda5782/node_modules/@nuxt/devtools/dist/runtime/plugins/devtools.client.js?v=4a573216:51
