[    1988ms] [INFO] <Suspense> is an experimental feature and its API will likely change. @ http://localhost:3001/_nuxt/node_modules/.pnpm/@vue+runtime-core@3.5.33/node_modules/@vue/runtime-core/dist/runtime-core.esm-bundler.js?v=13688f5d:7239
[    2149ms] [LOG] %c[Vercel Web Analytics]%c Debug mode is enabled by default in development. No requests will be sent to the server. color: rgb(120, 120, 120) color: inherit @ https://va.vercel-scripts.com/v1/script.debug.js:0
[    2149ms] [LOG] %c[Vercel Web Analytics]%c Running queued event color: rgb(120, 120, 120) color: inherit pageview {route: /demo, path: /demo} @ https://va.vercel-scripts.com/v1/script.debug.js:0
[    2150ms] [LOG] %c[Vercel Web Analytics]%c [view] http://localhost:3001/demo#discover color: rgb(120, 120, 120) color: inherit {o: http://localhost:3001/demo#discover, sv: 0.1.3, sdkn: @vercel/analytics/nuxt, sdkv: 2.0.1, ts: 1788920417368} /_vercel/insights/view @ https://va.vercel-scripts.com/v1/script.debug.js:0
[    2175ms] [LOG] ✨ %cNuxt DevTools %c Press Shift + Option + D to open DevTools color: black; border-radius: 3px 0 0 3px; padding: 2px 2px 1px 10px; background: #00DC82 border-radius: 0 3px 3px 0; padding: 2px 10px 1px 2px; background: #00DC8220  @ http://localhost:3001/_nuxt/node_modules/.pnpm/@nuxt+devtools@3.2.4_supports-color@10.2.2_vite@7.3.2_@types+node@26.1.1_jiti@2.6.1_ter_28972f42c82fd27b0e3f96c17cda5782/node_modules/@nuxt/devtools/dist/runtime/plugins/devtools.client.js?v=13688f5d:51
[    3114ms] [INFO] [gymscan] 0B calls explode 81 @ http://localhost:3001/_nuxt/utils/gymscan/stage.ts:1250
[    3163ms] [INFO] [gymscan] 0B calls planted 51 @ http://localhost:3001/_nuxt/utils/gymscan/stage.ts:1254
[  227043ms] [ERROR] [vite] TypeError: Importing a module script failed. @ http://localhost:3001/_nuxt/@vite/client:179
[  227045ms] [ERROR] [vite] Failed to reload /assets/css/gym-discovery.css?vue&type=style&index=0&src=true&lang.css. This could be due to syntax errors or importing non-existent modules. (see errors above) @ http://localhost:3001/_nuxt/@vite/client:180
[  227046ms] [ERROR] [vite] TypeError: Importing a module script failed. @ http://localhost:3001/_nuxt/@vite/client:179
[  227046ms] [ERROR] [vite] Failed to reload /components/gym/GymGlobeStory.vue. This could be due to syntax errors or importing non-existent modules. (see errors above) @ http://localhost:3001/_nuxt/@vite/client:180
[  227908ms] [INFO] <Suspense> is an experimental feature and its API will likely change. @ http://localhost:3001/_nuxt/node_modules/.pnpm/@vue+runtime-core@3.5.33/node_modules/@vue/runtime-core/dist/runtime-core.esm-bundler.js?v=13688f5d:7239
[  227951ms] [WARNING] [Vue warn]: Hydration node mismatch:
- rendered on server: JSHandle@node  
- expected on client: div 
  at <BaseTransition mode="out-in" appear=false persisted=false  ... > 
  at <Transition name="gd-copy" mode="out-in" > 
  at <GymGlobeStory reduced=false > 
  at <GymExperience > 
  at <Demo onVnodeUnmounted=fn<onVnodeUnmounted> ref=Ref< undefined > > 
  at <RouteProvider key="/demo" vnode= {__v_isVNode: true, __v_skip: true, type: Object, props: Object, key: null} route= {fullPath: /demo#discover, hash: #discover, query: undefined, name: demo, path: /demo}  ... > 
  at <RouterView name=undefined route=undefined > 
  at <NuxtPage > 
  at <NuxtLayoutProvider layoutProps= {ref: RefImpl} key=undefined name=false  ... > 
  at <NuxtLayout > 
  at <App key=4 > 
  at <NuxtRoot> @ http://localhost:3001/_nuxt/node_modules/.pnpm/@vue+runtime-core@3.5.33/node_modules/@vue/runtime-core/dist/runtime-core.esm-bundler.js?v=13688f5d:49
[  227954ms] [ERROR] Hydration completed but contains mismatches. @ http://localhost:3001/_nuxt/node_modules/.pnpm/@vue+runtime-core@3.5.33/node_modules/@vue/runtime-core/dist/runtime-core.esm-bundler.js?v=13688f5d:1887
[  227955ms] [WARNING] [Vue warn]: Hydration node mismatch:
- rendered on server: JSHandle@node  
- expected on client: div 
  at <GymGlobeStory reduced=false > 
  at <GymExperience > 
  at <Demo onVnodeUnmounted=fn<onVnodeUnmounted> ref=Ref< undefined > > 
  at <RouteProvider key="/demo" vnode= {__v_isVNode: true, __v_skip: true, type: Object, props: Object, key: null} route= {fullPath: /demo#discover, hash: #discover, query: undefined, name: demo, path: /demo}  ... > 
  at <RouterView name=undefined route=undefined > 
  at <NuxtPage > 
  at <NuxtLayoutProvider layoutProps= {ref: RefImpl} key=undefined name=false  ... > 
  at <NuxtLayout > 
  at <App key=4 > 
  at <NuxtRoot> @ http://localhost:3001/_nuxt/node_modules/.pnpm/@vue+runtime-core@3.5.33/node_modules/@vue/runtime-core/dist/runtime-core.esm-bundler.js?v=13688f5d:49
[  227959ms] [WARNING] [Vue warn]: Hydration node mismatch:
- rendered on server: JSHandle@node  
- expected on client: Symbol(v-cmt) 
  at <GymGlobeStory reduced=false > 
  at <GymExperience > 
  at <Demo onVnodeUnmounted=fn<onVnodeUnmounted> ref=Ref< undefined > > 
  at <RouteProvider key="/demo" vnode= {__v_isVNode: true, __v_skip: true, type: Object, props: Object, key: null} route= {fullPath: /demo#discover, hash: #discover, query: undefined, name: demo, path: /demo}  ... > 
  at <RouterView name=undefined route=undefined > 
  at <NuxtPage > 
  at <NuxtLayoutProvider layoutProps= {ref: RefImpl} key=undefined name=false  ... > 
  at <NuxtLayout > 
  at <App key=4 > 
  at <NuxtRoot> @ http://localhost:3001/_nuxt/node_modules/.pnpm/@vue+runtime-core@3.5.33/node_modules/@vue/runtime-core/dist/runtime-core.esm-bundler.js?v=13688f5d:49
[  227959ms] [WARNING] [Vue warn]: Hydration children mismatch on JSHandle@node 
Server rendered element contains more child nodes than client vdom. 
  at <GymGlobeStory reduced=false > 
  at <GymExperience > 
  at <Demo onVnodeUnmounted=fn<onVnodeUnmounted> ref=Ref< undefined > > 
  at <RouteProvider key="/demo" vnode= {__v_isVNode: true, __v_skip: true, type: Object, props: Object, key: null} route= {fullPath: /demo#discover, hash: #discover, query: undefined, name: demo, path: /demo}  ... > 
  at <RouterView name=undefined route=undefined > 
  at <NuxtPage > 
  at <NuxtLayoutProvider layoutProps= {ref: RefImpl} key=undefined name=false  ... > 
  at <NuxtLayout > 
  at <App key=4 > 
  at <NuxtRoot> @ http://localhost:3001/_nuxt/node_modules/.pnpm/@vue+runtime-core@3.5.33/node_modules/@vue/runtime-core/dist/runtime-core.esm-bundler.js?v=13688f5d:49
[  228089ms] [LOG] %c[Vercel Web Analytics]%c Debug mode is enabled by default in development. No requests will be sent to the server. color: rgb(120, 120, 120) color: inherit @ https://va.vercel-scripts.com/v1/script.debug.js:0
[  228089ms] [LOG] %c[Vercel Web Analytics]%c Running queued event color: rgb(120, 120, 120) color: inherit pageview {route: /demo, path: /demo} @ https://va.vercel-scripts.com/v1/script.debug.js:0
[  228089ms] [LOG] %c[Vercel Web Analytics]%c [view] http://localhost:3001/demo#discover color: rgb(120, 120, 120) color: inherit {o: http://localhost:3001/demo#discover, sv: 0.1.3, sdkn: @vercel/analytics/nuxt, sdkv: 2.0.1, ts: 1788920643307} /_vercel/insights/view @ https://va.vercel-scripts.com/v1/script.debug.js:0
[  228112ms] [LOG] ✨ %cNuxt DevTools %c Press Shift + Option + D to open DevTools color: black; border-radius: 3px 0 0 3px; padding: 2px 2px 1px 10px; background: #00DC82 border-radius: 0 3px 3px 0; padding: 2px 10px 1px 2px; background: #00DC8220  @ http://localhost:3001/_nuxt/node_modules/.pnpm/@nuxt+devtools@3.2.4_supports-color@10.2.2_vite@7.3.2_@types+node@26.1.1_jiti@2.6.1_ter_28972f42c82fd27b0e3f96c17cda5782/node_modules/@nuxt/devtools/dist/runtime/plugins/devtools.client.js?v=13688f5d:51
[  229646ms] [INFO] [gymscan] 0B calls explode 40 @ http://localhost:3001/_nuxt/utils/gymscan/stage.ts:1250
[  229942ms] [INFO] [gymscan] 0B calls planted 51 @ http://localhost:3001/_nuxt/utils/gymscan/stage.ts:1254
[  647518ms] [ERROR] There are too many active WebGL contexts on this page, the oldest context will be lost. @ http://localhost:3001/_nuxt/node_modules/.cache/vite/client/deps/chunk-EBR7NRNZ.js?v=13688f5d:41339
[  648168ms] [LOG] THREE.WebGLRenderer: Context Lost. @ http://localhost:3001/_nuxt/node_modules/.cache/vite/client/deps/chunk-EBR7NRNZ.js?v=13688f5d:271
[  652313ms] [ERROR] There are too many active WebGL contexts on this page, the oldest context will be lost. @ http://localhost:3001/_nuxt/node_modules/.cache/vite/client/deps/chunk-EBR7NRNZ.js?v=13688f5d:41339
[  665693ms] [ERROR] There are too many active WebGL contexts on this page, the oldest context will be lost. @ http://localhost:3001/_nuxt/node_modules/.cache/vite/client/deps/chunk-EBR7NRNZ.js?v=13688f5d:41339
