[    1234ms] [INFO] <Suspense> is an experimental feature and its API will likely change. @ http://localhost:3000/_nuxt/node_modules/.pnpm/@vue+runtime-core@3.5.33/node_modules/@vue/runtime-core/dist/runtime-core.esm-bundler.js?v=3efe9c86:7239
[    1391ms] [LOG] %c[Vercel Web Analytics]%c Debug mode is enabled by default in development. No requests will be sent to the server. color: rgb(120, 120, 120) color: inherit @ https://va.vercel-scripts.com/v1/script.debug.js:0
[    1391ms] [LOG] %c[Vercel Web Analytics]%c Running queued event color: rgb(120, 120, 120) color: inherit pageview {route: /demo, path: /demo} @ https://va.vercel-scripts.com/v1/script.debug.js:0
[    1392ms] [LOG] %c[Vercel Web Analytics]%c [view] http://localhost:3000/demo color: rgb(120, 120, 120) color: inherit {o: http://localhost:3000/demo, sv: 0.1.3, sdkn: @vercel/analytics/nuxt, sdkv: 2.0.1, ts: 1788879931693} /_vercel/insights/view @ https://va.vercel-scripts.com/v1/script.debug.js:0
[    1416ms] [LOG] ✨ %cNuxt DevTools %c Press Shift + Option + D to open DevTools color: black; border-radius: 3px 0 0 3px; padding: 2px 2px 1px 10px; background: #00DC82 border-radius: 0 3px 3px 0; padding: 2px 10px 1px 2px; background: #00DC8220  @ http://localhost:3000/_nuxt/node_modules/.pnpm/@nuxt+devtools@3.2.4_supports-color@10.2.2_vite@7.3.2_@types+node@26.1.1_jiti@2.6.1_ter_28972f42c82fd27b0e3f96c17cda5782/node_modules/@nuxt/devtools/dist/runtime/plugins/devtools.client.js?v=3efe9c86:51
[    6434ms] [INFO] [gymscan] 0B calls explode 9 @ http://localhost:3000/_nuxt/utils/gymscan/stage.ts:1218
[    8220ms] [INFO] [gymscan] 0B calls planted 24 @ http://localhost:3000/_nuxt/utils/gymscan/stage.ts:1222
[   68670ms] [INFO] [gymscan] 0B calls planted 57 @ http://localhost:3000/_nuxt/utils/gymscan/stage.ts?t=1788879992950:1227
[  109477ms] [INFO] [gymscan] 0B calls explode 27 @ http://localhost:3000/_nuxt/utils/gymscan/stage.ts?t=1788879992950:1223
[  109531ms] [INFO] [gymscan] 0B calls planted 37 @ http://localhost:3000/_nuxt/utils/gymscan/stage.ts?t=1788879992950:1227
[  126240ms] [INFO] <Suspense> is an experimental feature and its API will likely change. @ http://localhost:3000/_nuxt/node_modules/.pnpm/@vue+runtime-core@3.5.33/node_modules/@vue/runtime-core/dist/runtime-core.esm-bundler.js?v=3efe9c86:7239
[  126698ms] [LOG] %c[Vercel Web Analytics]%c Debug mode is enabled by default in development. No requests will be sent to the server. color: rgb(120, 120, 120) color: inherit @ https://va.vercel-scripts.com/v1/script.debug.js:0
[  126698ms] [LOG] %c[Vercel Web Analytics]%c Running queued event color: rgb(120, 120, 120) color: inherit pageview {route: /demo, path: /demo} @ https://va.vercel-scripts.com/v1/script.debug.js:0
[  126699ms] [LOG] %c[Vercel Web Analytics]%c [view] http://localhost:3000/demo color: rgb(120, 120, 120) color: inherit {o: http://localhost:3000/demo, sv: 0.1.3, sdkn: @vercel/analytics/nuxt, sdkv: 2.0.1, ts: 1788880056999} /_vercel/insights/view @ https://va.vercel-scripts.com/v1/script.debug.js:0
[  126789ms] [LOG] ✨ %cNuxt DevTools %c Press Shift + Option + D to open DevTools color: black; border-radius: 3px 0 0 3px; padding: 2px 2px 1px 10px; background: #00DC82 border-radius: 0 3px 3px 0; padding: 2px 10px 1px 2px; background: #00DC8220  @ http://localhost:3000/_nuxt/node_modules/.pnpm/@nuxt+devtools@3.2.4_supports-color@10.2.2_vite@7.3.2_@types+node@26.1.1_jiti@2.6.1_ter_28972f42c82fd27b0e3f96c17cda5782/node_modules/@nuxt/devtools/dist/runtime/plugins/devtools.client.js?v=3efe9c86:51
[  128936ms] [INFO] [gymscan] 0B calls planted 57 @ http://localhost:3000/_nuxt/utils/gymscan/stage.ts?t=1788879992950:1227
[  144670ms] [ERROR] WebSocket connection to 'ws://localhost:3000/_nuxt/?token=ixL30tl7LUUJ' failed: The network connection was lost. @ :0
[  144671ms] [LOG] [vite] server connection lost. Polling for restart... @ http://localhost:3000/_nuxt/@vite/client:864
[  146151ms] [ERROR] Failed to load resource: the server responded with a status of 503 (Service Unavailable) @ http://localhost:3000/demo:0
[  146236ms] [ERROR] Failed to load resource: the server responded with a status of 503 (Service Unavailable) @ http://localhost:3000/demo:0
[  147241ms] [ERROR] Failed to load resource: the server responded with a status of 503 (Service Unavailable) @ http://localhost:3000/demo:0
[  153415ms] [INFO] <Suspense> is an experimental feature and its API will likely change. @ http://localhost:3000/_nuxt/node_modules/.pnpm/@vue+runtime-core@3.5.33/node_modules/@vue/runtime-core/dist/runtime-core.esm-bundler.js?v=3efe9c86:7239
[  153580ms] [LOG] %c[Vercel Web Analytics]%c Debug mode is enabled by default in development. No requests will be sent to the server. color: rgb(120, 120, 120) color: inherit @ https://va.vercel-scripts.com/v1/script.debug.js:0
[  153580ms] [LOG] %c[Vercel Web Analytics]%c Running queued event color: rgb(120, 120, 120) color: inherit pageview {route: /demo, path: /demo} @ https://va.vercel-scripts.com/v1/script.debug.js:0
[  153581ms] [LOG] %c[Vercel Web Analytics]%c [view] http://localhost:3000/demo color: rgb(120, 120, 120) color: inherit {o: http://localhost:3000/demo, sv: 0.1.3, sdkn: @vercel/analytics/nuxt, sdkv: 2.0.1, ts: 1788880083881} /_vercel/insights/view @ https://va.vercel-scripts.com/v1/script.debug.js:0
[  153670ms] [LOG] ✨ %cNuxt DevTools %c Press Shift + Option + D to open DevTools color: black; border-radius: 3px 0 0 3px; padding: 2px 2px 1px 10px; background: #00DC82 border-radius: 0 3px 3px 0; padding: 2px 10px 1px 2px; background: #00DC8220  @ http://localhost:3000/_nuxt/node_modules/.pnpm/@nuxt+devtools@3.2.4_supports-color@10.2.2_vite@7.3.2_@types+node@26.1.1_jiti@2.6.1_ter_28972f42c82fd27b0e3f96c17cda5782/node_modules/@nuxt/devtools/dist/runtime/plugins/devtools.client.js?v=3efe9c86:51
[  156852ms] [INFO] [gymscan] 0B calls explode 35 @ http://localhost:3000/_nuxt/utils/gymscan/stage.ts:1223
[  156996ms] [INFO] [gymscan] 0B calls planted 37 @ http://localhost:3000/_nuxt/utils/gymscan/stage.ts:1227
[  161000ms] [ERROR] WebSocket connection to 'ws://localhost:3000/_nuxt/?token=_8GXVh9KQsNC' failed: The network connection was lost. @ :0
[  161001ms] [LOG] [vite] server connection lost. Polling for restart... @ http://localhost:3000/_nuxt/@vite/client:864
[  162719ms] [ERROR] Failed to load resource: the server responded with a status of 503 (Service Unavailable) @ http://localhost:3000/demo:0
[  162874ms] [ERROR] Failed to load resource: the server responded with a status of 503 (Service Unavailable) @ http://localhost:3000/demo:0
[  163898ms] [ERROR] Failed to load resource: the server responded with a status of 503 (Service Unavailable) @ http://localhost:3000/demo:0
[  168593ms] [INFO] <Suspense> is an experimental feature and its API will likely change. @ http://localhost:3000/_nuxt/node_modules/.pnpm/@vue+runtime-core@3.5.33/node_modules/@vue/runtime-core/dist/runtime-core.esm-bundler.js?v=3efe9c86:7239
[  168853ms] [LOG] %c[Vercel Web Analytics]%c Debug mode is enabled by default in development. No requests will be sent to the server. color: rgb(120, 120, 120) color: inherit @ https://va.vercel-scripts.com/v1/script.debug.js:0
[  168853ms] [LOG] %c[Vercel Web Analytics]%c Running queued event color: rgb(120, 120, 120) color: inherit pageview {route: /demo, path: /demo} @ https://va.vercel-scripts.com/v1/script.debug.js:0
[  168853ms] [LOG] %c[Vercel Web Analytics]%c [view] http://localhost:3000/demo color: rgb(120, 120, 120) color: inherit {o: http://localhost:3000/demo, sv: 0.1.3, sdkn: @vercel/analytics/nuxt, sdkv: 2.0.1, ts: 1788880099154} /_vercel/insights/view @ https://va.vercel-scripts.com/v1/script.debug.js:0
[  169177ms] [LOG] ✨ %cNuxt DevTools %c Press Shift + Option + D to open DevTools color: black; border-radius: 3px 0 0 3px; padding: 2px 2px 1px 10px; background: #00DC82 border-radius: 0 3px 3px 0; padding: 2px 10px 1px 2px; background: #00DC8220  @ http://localhost:3000/_nuxt/node_modules/.pnpm/@nuxt+devtools@3.2.4_supports-color@10.2.2_vite@7.3.2_@types+node@26.1.1_jiti@2.6.1_ter_28972f42c82fd27b0e3f96c17cda5782/node_modules/@nuxt/devtools/dist/runtime/plugins/devtools.client.js?v=3efe9c86:51
[  170712ms] [INFO] [gymscan] 0B calls explode 35 @ http://localhost:3000/_nuxt/utils/gymscan/stage.ts:1223
[  170835ms] [INFO] [gymscan] 0B calls planted 37 @ http://localhost:3000/_nuxt/utils/gymscan/stage.ts:1227
[  375644ms] [INFO] <Suspense> is an experimental feature and its API will likely change. @ http://localhost:3000/_nuxt/node_modules/.pnpm/@vue+runtime-core@3.5.33/node_modules/@vue/runtime-core/dist/runtime-core.esm-bundler.js?v=3efe9c86:7239
[  375897ms] [LOG] %c[Vercel Web Analytics]%c Debug mode is enabled by default in development. No requests will be sent to the server. color: rgb(120, 120, 120) color: inherit @ https://va.vercel-scripts.com/v1/script.debug.js:0
[  375897ms] [LOG] %c[Vercel Web Analytics]%c Running queued event color: rgb(120, 120, 120) color: inherit pageview {route: /demo, path: /demo} @ https://va.vercel-scripts.com/v1/script.debug.js:0
[  375897ms] [LOG] %c[Vercel Web Analytics]%c [view] http://localhost:3000/demo color: rgb(120, 120, 120) color: inherit {o: http://localhost:3000/demo, sv: 0.1.3, sdkn: @vercel/analytics/nuxt, sdkv: 2.0.1, ts: 1788880306197} /_vercel/insights/view @ https://va.vercel-scripts.com/v1/script.debug.js:0
[  375989ms] [LOG] ✨ %cNuxt DevTools %c Press Shift + Option + D to open DevTools color: black; border-radius: 3px 0 0 3px; padding: 2px 2px 1px 10px; background: #00DC82 border-radius: 0 3px 3px 0; padding: 2px 10px 1px 2px; background: #00DC8220  @ http://localhost:3000/_nuxt/node_modules/.pnpm/@nuxt+devtools@3.2.4_supports-color@10.2.2_vite@7.3.2_@types+node@26.1.1_jiti@2.6.1_ter_28972f42c82fd27b0e3f96c17cda5782/node_modules/@nuxt/devtools/dist/runtime/plugins/devtools.client.js?v=3efe9c86:51
[  377244ms] [INFO] [gymscan] 0B calls explode 8 @ http://localhost:3000/_nuxt/utils/gymscan/stage.ts?t=1788880303830:1223
[  377373ms] [INFO] [gymscan] 0B calls planted 37 @ http://localhost:3000/_nuxt/utils/gymscan/stage.ts?t=1788880303830:1227
