[     367ms] [INFO] <Suspense> is an experimental feature and its API will likely change. @ http://localhost:3000/_nuxt/node_modules/.pnpm/@vue+runtime-core@3.5.33/node_modules/@vue/runtime-core/dist/runtime-core.esm-bundler.js?v=4a573216:7239
[     396ms] [LOG] %c[Vercel Web Analytics]%c Debug mode is enabled by default in development. No requests will be sent to the server. color: rgb(120, 120, 120) color: inherit @ https://va.vercel-scripts.com/v1/script.debug.js:0
[     396ms] [LOG] %c[Vercel Web Analytics]%c Running queued event color: rgb(120, 120, 120) color: inherit pageview {route: /demo, path: /demo} @ https://va.vercel-scripts.com/v1/script.debug.js:0
[     396ms] [LOG] %c[Vercel Web Analytics]%c [view] http://localhost:3000/demo?shot=sweep color: rgb(120, 120, 120) color: inherit {o: http://localhost:3000/demo?shot=sweep, sv: 0.1.3, sdkn: @vercel/analytics/nuxt, sdkv: 2.0.1, ts: 1788717603958} /_vercel/insights/view @ https://va.vercel-scripts.com/v1/script.debug.js:0
[     408ms] [LOG] ✨ %cNuxt DevTools %c Press Shift + Option + D to open DevTools color: black; border-radius: 3px 0 0 3px; padding: 2px 2px 1px 10px; background: #00DC82 border-radius: 0 3px 3px 0; padding: 2px 10px 1px 2px; background: #00DC8220  @ http://localhost:3000/_nuxt/node_modules/.pnpm/@nuxt+devtools@3.2.4_supports-color@10.2.2_vite@7.3.2_@types+node@26.1.1_jiti@2.6.1_ter_28972f42c82fd27b0e3f96c17cda5782/node_modules/@nuxt/devtools/dist/runtime/plugins/devtools.client.js?v=4a573216:51
[    4843ms] [INFO] [gymscan] 0B calls explode 26 @ http://localhost:3000/_nuxt/utils/gymscan/stage.ts:1222
[    6629ms] [INFO] [gymscan] 0B calls planted 48 @ http://localhost:3000/_nuxt/utils/gymscan/stage.ts:1226
[   85514ms] [LOG] %c[Vercel Web Analytics]%c [view] http://localhost:3000/demo?shot=sweep#kit color: rgb(120, 120, 120) color: inherit {o: http://localhost:3000/demo?shot=sweep#kit, sv: 0.1.3, sdkn: @vercel/analytics/nuxt, sdkv: 2.0.1, ts: 1788717689075} /_vercel/insights/view @ https://va.vercel-scripts.com/v1/script.debug.js:0
[   88330ms] Blocked a frame with origin "https://challenges.cloudflare.com" from accessing a frame with origin "http://localhost:3000".  The frame requesting access has a protocol of "https", the frame being accessed has a protocol of "http". Protocols must match.

    at unknown (https://challenges.cloudflare.com/cdn-cgi/challenge-platform/h/g/turnstile/f/av0/rch/l3gsl/0x4AAAAAADV3ju2YEd8uiR-k/dark/fbE/new/flexible?lang=auto:1:49993)
    at dz (https://challenges.cloudflare.com/cdn-cgi/challenge-platform/h/g/turnstile/f/av0/rch/l3gsl/0x4AAAAAADV3ju2YEd8uiR-k/dark/fbE/new/flexible?lang=auto:1:94097)
    at dp (https://challenges.cloudflare.com/cdn-cgi/challenge-platform/h/g/turnstile/f/av0/rch/l3gsl/0x4AAAAAADV3ju2YEd8uiR-k/dark/fbE/new/flexible?lang=auto:1:56754)
    at unknown (https://challenges.cloudflare.com/cdn-cgi/challenge-platform/h/g/turnstile/f/av0/rch/l3gsl/0x4AAAAAADV3ju2YEd8uiR-k/dark/fbE/new/flexible?lang=auto:1:49543)
    at dz (https://challenges.cloudflare.com/cdn-cgi/challenge-platform/h/g/turnstile/f/av0/rch/l3gsl/0x4AAAAAADV3ju2YEd8uiR-k/dark/fbE/new/flexible?lang=auto:1:94097)
    at lQZDD (https://challenges.cloudflare.com/cdn-cgi/challenge-platform/h/g/turnstile/f/av0/rch/l3gsl/0x4AAAAAADV3ju2YEd8uiR-k/dark/fbE/new/flexible?lang=auto:1:61780)
    at R (https://challenges.cloudflare.com/cdn-cgi/challenge-platform/h/g/turnstile/f/av0/rch/l3gsl/0x4AAAAAADV3ju2YEd8uiR-k/dark/fbE/new/flexible?lang=auto:1:70165)
    at LmcXL (https://challenges.cloudflare.com/cdn-cgi/challenge-platform/h/g/turnstile/f/av0/rch/l3gsl/0x4AAAAAADV3ju2YEd8uiR-k/dark/fbE/new/flexible?lang=auto:1:144945)
    at dN (https://challenges.cloudflare.com/cdn-cgi/challenge-platform/h/g/turnstile/f/av0/rch/l3gsl/0x4AAAAAADV3ju2YEd8uiR-k/dark/fbE/new/flexible?lang=auto:1:148897)
    at dq (https://challenges.cloudflare.com/cdn-cgi/challenge-platform/h/g/turnstile/f/av0/rch/l3gsl/0x4AAAAAADV3ju2YEd8uiR-k/dark/fbE/new/flexible?lang=auto:1:147569)
[   88473ms] [ERROR] Failed to load resource: the server responded with a status of 400 () @ https://challenges.cloudflare.com/cdn-cgi/challenge-platform/h/g/fo/777032624:1788714315:k_tbDmvXniKKiNH276r563LXswLxLahPEBF2Kf4AnGk/a36f61194d27c4f7/5OzIA_v8vNWOrz2BplizX49SmiK6gMGm._aXQtNZXtI-1788717689-1.2.1.1-bpVOa3eIXjlm4OeeQVyjc6dQ0We7xz.gFtuddVH4Co7ZlVzK7ATGreeq5R0nc2Y.:0
[   98578ms] Blocked a frame with origin "https://challenges.cloudflare.com" from accessing a frame with origin "http://localhost:3000".  The frame requesting access has a protocol of "https", the frame being accessed has a protocol of "http". Protocols must match.

    at unknown (https://challenges.cloudflare.com/cdn-cgi/challenge-platform/h/g/turnstile/f/av0/rchlHT8BmzIT.ggKXK8V9juUk0QaWFrDbjGaERGT_yHnRM-1788717689-1.3.1.1-iBegnKuCUpjRGENLH2FDdvPOUz2DLQ.F2LzD1rnnPak/l3gsl/0x4AAAAAADV3ju2YEd8uiR-k/dark/fbE/failure_retry/flexible?lang=auto:1:51562)
    at dz (https://challenges.cloudflare.com/cdn-cgi/challenge-platform/h/g/turnstile/f/av0/rchlHT8BmzIT.ggKXK8V9juUk0QaWFrDbjGaERGT_yHnRM-1788717689-1.3.1.1-iBegnKuCUpjRGENLH2FDdvPOUz2DLQ.F2LzD1rnnPak/l3gsl/0x4AAAAAADV3ju2YEd8uiR-k/dark/fbE/failure_retry/flexible?lang=auto:1:119381)
    at dp (https://challenges.cloudflare.com/cdn-cgi/challenge-platform/h/g/turnstile/f/av0/rchlHT8BmzIT.ggKXK8V9juUk0QaWFrDbjGaERGT_yHnRM-1788717689-1.3.1.1-iBegnKuCUpjRGENLH2FDdvPOUz2DLQ.F2LzD1rnnPak/l3gsl/0x4AAAAAADV3ju2YEd8uiR-k/dark/fbE/failure_retry/flexible?lang=auto:1:122235)
    at unknown (https://challenges.cloudflare.com/cdn-cgi/challenge-platform/h/g/turnstile/f/av0/rchlHT8BmzIT.ggKXK8V9juUk0QaWFrDbjGaERGT_yHnRM-1788717689-1.3.1.1-iBegnKuCUpjRGENLH2FDdvPOUz2DLQ.F2LzD1rnnPak/l3gsl/0x4AAAAAADV3ju2YEd8uiR-k/dark/fbE/failure_retry/flexible?lang=auto:1:51112)
    at dz (https://challenges.cloudflare.com/cdn-cgi/challenge-platform/h/g/turnstile/f/av0/rchlHT8BmzIT.ggKXK8V9juUk0QaWFrDbjGaERGT_yHnRM-1788717689-1.3.1.1-iBegnKuCUpjRGENLH2FDdvPOUz2DLQ.F2LzD1rnnPak/l3gsl/0x4AAAAAADV3ju2YEd8uiR-k/dark/fbE/failure_retry/flexible?lang=auto:1:119381)
    at R (https://challenges.cloudflare.com/cdn-cgi/challenge-platform/h/g/turnstile/f/av0/rchlHT8BmzIT.ggKXK8V9juUk0QaWFrDbjGaERGT_yHnRM-1788717689-1.3.1.1-iBegnKuCUpjRGENLH2FDdvPOUz2DLQ.F2LzD1rnnPak/l3gsl/0x4AAAAAADV3ju2YEd8uiR-k/dark/fbE/failure_retry/flexible?lang=auto:1:214524)
    at CKQZe (https://challenges.cloudflare.com/cdn-cgi/challenge-platform/h/g/turnstile/f/av0/rchlHT8BmzIT.ggKXK8V9juUk0QaWFrDbjGaERGT_yHnRM-1788717689-1.3.1.1-iBegnKuCUpjRGENLH2FDdvPOUz2DLQ.F2LzD1rnnPak/l3gsl/0x4AAAAAADV3ju2YEd8uiR-k/dark/fbE/failure_retry/flexible?lang=auto:1:137257)
    at dN (https://challenges.cloudflare.com/cdn-cgi/challenge-platform/h/g/turnstile/f/av0/rchlHT8BmzIT.ggKXK8V9juUk0QaWFrDbjGaERGT_yHnRM-1788717689-1.3.1.1-iBegnKuCUpjRGENLH2FDdvPOUz2DLQ.F2LzD1rnnPak/l3gsl/0x4AAAAAADV3ju2YEd8uiR-k/dark/fbE/failure_retry/flexible?lang=auto:1:145089)
    at dq (https://challenges.cloudflare.com/cdn-cgi/challenge-platform/h/g/turnstile/f/av0/rchlHT8BmzIT.ggKXK8V9juUk0QaWFrDbjGaERGT_yHnRM-1788717689-1.3.1.1-iBegnKuCUpjRGENLH2FDdvPOUz2DLQ.F2LzD1rnnPak/l3gsl/0x4AAAAAADV3ju2YEd8uiR-k/dark/fbE/failure_retry/flexible?lang=auto:1:139479)
[   98732ms] [ERROR] Failed to load resource: the server responded with a status of 400 () @ https://challenges.cloudflare.com/cdn-cgi/challenge-platform/h/g/fo/777032624:1788714315:k_tbDmvXniKKiNH276r563LXswLxLahPEBF2Kf4AnGk/a36f6165f952c4f7/8w6WI_YgW2MR7XgZ_3DSI2rqFXF8NGZ9.GdHjarPOdg-1788717702-1.2.1.1-rzNGN7omk2sQ.L0QB1J85BHWia_gZozlVcx6fMxaWLwQGm39l0MJ0wxHnXdKnpUJ:0
[  108849ms] Blocked a frame with origin "https://challenges.cloudflare.com" from accessing a frame with origin "http://localhost:3000".  The frame requesting access has a protocol of "https", the frame being accessed has a protocol of "http". Protocols must match.

    at unknown (https://challenges.cloudflare.com/cdn-cgi/challenge-platform/h/g/turnstile/f/av0/rchNIpK0geEsVvbYSnSad.jH6SZQCW1iIDIbIeA0RZYWKA-1788717702-1.3.1.1-gFMGnjNGz.jOnWAbCtdeL2fWjYfrCmpv3SdPPHROdAs/l3gsl/0x4AAAAAADV3ju2YEd8uiR-k/dark/fbE/failure_retry/flexible?lang=auto:1:50575)
    at Ao (https://challenges.cloudflare.com/cdn-cgi/challenge-platform/h/g/turnstile/f/av0/rchNIpK0geEsVvbYSnSad.jH6SZQCW1iIDIbIeA0RZYWKA-1788717702-1.3.1.1-gFMGnjNGz.jOnWAbCtdeL2fWjYfrCmpv3SdPPHROdAs/l3gsl/0x4AAAAAADV3ju2YEd8uiR-k/dark/fbE/failure_retry/flexible?lang=auto:1:58800)
    at Aj (https://challenges.cloudflare.com/cdn-cgi/challenge-platform/h/g/turnstile/f/av0/rchNIpK0geEsVvbYSnSad.jH6SZQCW1iIDIbIeA0RZYWKA-1788717702-1.3.1.1-gFMGnjNGz.jOnWAbCtdeL2fWjYfrCmpv3SdPPHROdAs/l3gsl/0x4AAAAAADV3ju2YEd8uiR-k/dark/fbE/failure_retry/flexible?lang=auto:1:176586)
    at unknown (https://challenges.cloudflare.com/cdn-cgi/challenge-platform/h/g/turnstile/f/av0/rchNIpK0geEsVvbYSnSad.jH6SZQCW1iIDIbIeA0RZYWKA-1788717702-1.3.1.1-gFMGnjNGz.jOnWAbCtdeL2fWjYfrCmpv3SdPPHROdAs/l3gsl/0x4AAAAAADV3ju2YEd8uiR-k/dark/fbE/failure_retry/flexible?lang=auto:1:50125)
    at Ao (https://challenges.cloudflare.com/cdn-cgi/challenge-platform/h/g/turnstile/f/av0/rchNIpK0geEsVvbYSnSad.jH6SZQCW1iIDIbIeA0RZYWKA-1788717702-1.3.1.1-gFMGnjNGz.jOnWAbCtdeL2fWjYfrCmpv3SdPPHROdAs/l3gsl/0x4AAAAAADV3ju2YEd8uiR-k/dark/fbE/failure_retry/flexible?lang=auto:1:58800)
    at G (https://challenges.cloudflare.com/cdn-cgi/challenge-platform/h/g/turnstile/f/av0/rchNIpK0geEsVvbYSnSad.jH6SZQCW1iIDIbIeA0RZYWKA-1788717702-1.3.1.1-gFMGnjNGz.jOnWAbCtdeL2fWjYfrCmpv3SdPPHROdAs/l3gsl/0x4AAAAAADV3ju2YEd8uiR-k/dark/fbE/failure_retry/flexible?lang=auto:1:100655)
    at Ae (https://challenges.cloudflare.com/cdn-cgi/challenge-platform/h/g/turnstile/f/av0/rchNIpK0geEsVvbYSnSad.jH6SZQCW1iIDIbIeA0RZYWKA-1788717702-1.3.1.1-gFMGnjNGz.jOnWAbCtdeL2fWjYfrCmpv3SdPPHROdAs/l3gsl/0x4AAAAAADV3ju2YEd8uiR-k/dark/fbE/failure_retry/flexible?lang=auto:1:159114)
    at TCmLN (https://challenges.cloudflare.com/cdn-cgi/challenge-platform/h/g/turnstile/f/av0/rchNIpK0geEsVvbYSnSad.jH6SZQCW1iIDIbIeA0RZYWKA-1788717702-1.3.1.1-gFMGnjNGz.jOnWAbCtdeL2fWjYfrCmpv3SdPPHROdAs/l3gsl/0x4AAAAAADV3ju2YEd8uiR-k/dark/fbE/failure_retry/flexible?lang=auto:1:155705)
    at AH (https://challenges.cloudflare.com/cdn-cgi/challenge-platform/h/g/turnstile/f/av0/rchNIpK0geEsVvbYSnSad.jH6SZQCW1iIDIbIeA0RZYWKA-1788717702-1.3.1.1-gFMGnjNGz.jOnWAbCtdeL2fWjYfrCmpv3SdPPHROdAs/l3gsl/0x4AAAAAADV3ju2YEd8uiR-k/dark/fbE/failure_retry/flexible?lang=auto:1:157659)
[  108999ms] [ERROR] Failed to load resource: the server responded with a status of 400 () @ https://challenges.cloudflare.com/cdn-cgi/challenge-platform/h/g/fo/777032624:1788714315:k_tbDmvXniKKiNH276r563LXswLxLahPEBF2Kf4AnGk/a36f61a60ceac4f7/tpk3q9NYtfLcvTmsTlU1LfLlbhi2n4JMFjxn7wNoZc0-1788717712-1.2.1.1-IR_KmMoy.vpcVbtMAp0qyCg7ZLEeHwF8sqfupfUTG3qxaV4RsAbnm6vK84PAoDS0:0
[  119097ms] Blocked a frame with origin "https://challenges.cloudflare.com" from accessing a frame with origin "http://localhost:3000".  The frame requesting access has a protocol of "https", the frame being accessed has a protocol of "http". Protocols must match.

    at unknown (https://challenges.cloudflare.com/cdn-cgi/challenge-platform/h/g/turnstile/f/av0/rchXt0S5cufPtSdIlAxOUOMCh2ZyRyMObblhRDhYmFv6Pw-1788717712-1.3.1.1-YyxqLLNqPOGSxLx1q_WVOo6fBJmXJzsWqq8fl.qX5R0/l3gsl/0x4AAAAAADV3ju2YEd8uiR-k/dark/fbE/failure_retry/flexible?lang=auto:1:51171)
    at AZ (https://challenges.cloudflare.com/cdn-cgi/challenge-platform/h/g/turnstile/f/av0/rchXt0S5cufPtSdIlAxOUOMCh2ZyRyMObblhRDhYmFv6Pw-1788717712-1.3.1.1-YyxqLLNqPOGSxLx1q_WVOo6fBJmXJzsWqq8fl.qX5R0/l3gsl/0x4AAAAAADV3ju2YEd8uiR-k/dark/fbE/failure_retry/flexible?lang=auto:1:148326)
    at A9 (https://challenges.cloudflare.com/cdn-cgi/challenge-platform/h/g/turnstile/f/av0/rchXt0S5cufPtSdIlAxOUOMCh2ZyRyMObblhRDhYmFv6Pw-1788717712-1.3.1.1-YyxqLLNqPOGSxLx1q_WVOo6fBJmXJzsWqq8fl.qX5R0/l3gsl/0x4AAAAAADV3ju2YEd8uiR-k/dark/fbE/failure_retry/flexible?lang=auto:1:196156)
    at unknown (https://challenges.cloudflare.com/cdn-cgi/challenge-platform/h/g/turnstile/f/av0/rchXt0S5cufPtSdIlAxOUOMCh2ZyRyMObblhRDhYmFv6Pw-1788717712-1.3.1.1-YyxqLLNqPOGSxLx1q_WVOo6fBJmXJzsWqq8fl.qX5R0/l3gsl/0x4AAAAAADV3ju2YEd8uiR-k/dark/fbE/failure_retry/flexible?lang=auto:1:50721)
    at AZ (https://challenges.cloudflare.com/cdn-cgi/challenge-platform/h/g/turnstile/f/av0/rchXt0S5cufPtSdIlAxOUOMCh2ZyRyMObblhRDhYmFv6Pw-1788717712-1.3.1.1-YyxqLLNqPOGSxLx1q_WVOo6fBJmXJzsWqq8fl.qX5R0/l3gsl/0x4AAAAAADV3ju2YEd8uiR-k/dark/fbE/failure_retry/flexible?lang=auto:1:148326)
    at O (https://challenges.cloudflare.com/cdn-cgi/challenge-platform/h/g/turnstile/f/av0/rchXt0S5cufPtSdIlAxOUOMCh2ZyRyMObblhRDhYmFv6Pw-1788717712-1.3.1.1-YyxqLLNqPOGSxLx1q_WVOo6fBJmXJzsWqq8fl.qX5R0/l3gsl/0x4AAAAAADV3ju2YEd8uiR-k/dark/fbE/failure_retry/flexible?lang=auto:1:78728)
    at Ae (https://challenges.cloudflare.com/cdn-cgi/challenge-platform/h/g/turnstile/f/av0/rchXt0S5cufPtSdIlAxOUOMCh2ZyRyMObblhRDhYmFv6Pw-1788717712-1.3.1.1-YyxqLLNqPOGSxLx1q_WVOo6fBJmXJzsWqq8fl.qX5R0/l3gsl/0x4AAAAAADV3ju2YEd8uiR-k/dark/fbE/failure_retry/flexible?lang=auto:1:88380)
    at AH (https://challenges.cloudflare.com/cdn-cgi/challenge-platform/h/g/turnstile/f/av0/rchXt0S5cufPtSdIlAxOUOMCh2ZyRyMObblhRDhYmFv6Pw-1788717712-1.3.1.1-YyxqLLNqPOGSxLx1q_WVOo6fBJmXJzsWqq8fl.qX5R0/l3gsl/0x4AAAAAADV3ju2YEd8uiR-k/dark/fbE/failure_retry/flexible?lang=auto:1:86316)
[  119255ms] [ERROR] Failed to load resource: the server responded with a status of 400 () @ https://challenges.cloudflare.com/cdn-cgi/challenge-platform/h/g/fo/777032624:1788714315:k_tbDmvXniKKiNH276r563LXswLxLahPEBF2Kf4AnGk/a36f61e63e3dc4f7/HXYri5aZH1B4f_7LdOZZmi6DB6pHo69PhK9wykYaBh8-1788717722-1.2.1.1-Wkh3NLEU6OZV6kZTmCynpxLVF2.Yk.elM2AMhNzKmFCQsCl0Mq6lJDoJjCyp71xY:0
[  125503ms] [WARNING] [nuxt] Cannot load payload  /for-lifters/_payload.json?1788717729055 TypeError: Load failed @ http://localhost:3000/_nuxt/node_modules/.pnpm/nuxt@3.21.2_@emnapi+core@1.10.0_@emnapi+runtime@1.11.3_@parcel+watcher@2.5.6_@types+nod_529923af24574705ccdd3c2cb50f4411/node_modules/nuxt/dist/app/composables/payload.js?t=1788717479590&v=4a573216:81
[  125504ms] [WARNING] [nuxt] Cannot load payload  /contact/support/_payload.json?1788717729055 TypeError: Load failed @ http://localhost:3000/_nuxt/node_modules/.pnpm/nuxt@3.21.2_@emnapi+core@1.10.0_@emnapi+runtime@1.11.3_@parcel+watcher@2.5.6_@types+nod_529923af24574705ccdd3c2cb50f4411/node_modules/nuxt/dist/app/composables/payload.js?t=1788717479590&v=4a573216:81
[  125504ms] [WARNING] [nuxt] Cannot load payload  /privacy-policy/_payload.json?1788717729055 TypeError: Load failed @ http://localhost:3000/_nuxt/node_modules/.pnpm/nuxt@3.21.2_@emnapi+core@1.10.0_@emnapi+runtime@1.11.3_@parcel+watcher@2.5.6_@types+nod_529923af24574705ccdd3c2cb50f4411/node_modules/nuxt/dist/app/composables/payload.js?t=1788717479590&v=4a573216:81
[  125504ms] [WARNING] [nuxt] Cannot load payload  /_payload.json?1788717729055 TypeError: Load failed @ http://localhost:3000/_nuxt/node_modules/.pnpm/nuxt@3.21.2_@emnapi+core@1.10.0_@emnapi+runtime@1.11.3_@parcel+watcher@2.5.6_@types+nod_529923af24574705ccdd3c2cb50f4411/node_modules/nuxt/dist/app/composables/payload.js?t=1788717479590&v=4a573216:81
[  125504ms] [WARNING] [nuxt] Cannot load payload  /for-gyms/_payload.json?1788717729055 TypeError: Load failed @ http://localhost:3000/_nuxt/node_modules/.pnpm/nuxt@3.21.2_@emnapi+core@1.10.0_@emnapi+runtime@1.11.3_@parcel+watcher@2.5.6_@types+nod_529923af24574705ccdd3c2cb50f4411/node_modules/nuxt/dist/app/composables/payload.js?t=1788717479590&v=4a573216:81
[  125504ms] [WARNING] [nuxt] Cannot load payload  /for-trainers/_payload.json?1788717729055 TypeError: Load failed @ http://localhost:3000/_nuxt/node_modules/.pnpm/nuxt@3.21.2_@emnapi+core@1.10.0_@emnapi+runtime@1.11.3_@parcel+watcher@2.5.6_@types+nod_529923af24574705ccdd3c2cb50f4411/node_modules/nuxt/dist/app/composables/payload.js?t=1788717479590&v=4a573216:81
[  126063ms] [INFO] <Suspense> is an experimental feature and its API will likely change. @ http://localhost:3000/_nuxt/node_modules/.pnpm/@vue+runtime-core@3.5.33/node_modules/@vue/runtime-core/dist/runtime-core.esm-bundler.js?v=4a573216:7239
[  126126ms] [LOG] %c[Vercel Web Analytics]%c Debug mode is enabled by default in development. No requests will be sent to the server. color: rgb(120, 120, 120) color: inherit @ https://va.vercel-scripts.com/v1/script.debug.js:0
[  126126ms] [LOG] %c[Vercel Web Analytics]%c Running queued event color: rgb(120, 120, 120) color: inherit pageview {route: /demo, path: /demo} @ https://va.vercel-scripts.com/v1/script.debug.js:0
[  126126ms] [LOG] %c[Vercel Web Analytics]%c [view] http://localhost:3000/demo?rm=1 color: rgb(120, 120, 120) color: inherit {o: http://localhost:3000/demo?rm=1, sv: 0.1.3, sdkn: @vercel/analytics/nuxt, sdkv: 2.0.1, ts: 1788717729689} /_vercel/insights/view @ https://va.vercel-scripts.com/v1/script.debug.js:0
[  126144ms] [LOG] ✨ %cNuxt DevTools %c Press Shift + Option + D to open DevTools color: black; border-radius: 3px 0 0 3px; padding: 2px 2px 1px 10px; background: #00DC82 border-radius: 0 3px 3px 0; padding: 2px 10px 1px 2px; background: #00DC8220  @ http://localhost:3000/_nuxt/node_modules/.pnpm/@nuxt+devtools@3.2.4_supports-color@10.2.2_vite@7.3.2_@types+node@26.1.1_jiti@2.6.1_ter_28972f42c82fd27b0e3f96c17cda5782/node_modules/@nuxt/devtools/dist/runtime/plugins/devtools.client.js?v=4a573216:51
[  145893ms] [INFO] <Suspense> is an experimental feature and its API will likely change. @ http://localhost:3000/_nuxt/node_modules/.pnpm/@vue+runtime-core@3.5.33/node_modules/@vue/runtime-core/dist/runtime-core.esm-bundler.js?v=4a573216:7239
[  145929ms] [LOG] %c[Vercel Web Analytics]%c Debug mode is enabled by default in development. No requests will be sent to the server. color: rgb(120, 120, 120) color: inherit @ https://va.vercel-scripts.com/v1/script.debug.js:0
[  145929ms] [LOG] %c[Vercel Web Analytics]%c Running queued event color: rgb(120, 120, 120) color: inherit pageview {route: /demo, path: /demo} @ https://va.vercel-scripts.com/v1/script.debug.js:0
[  145929ms] [LOG] %c[Vercel Web Analytics]%c [view] http://localhost:3000/demo?m=1 color: rgb(120, 120, 120) color: inherit {o: http://localhost:3000/demo?m=1, sv: 0.1.3, sdkn: @vercel/analytics/nuxt, sdkv: 2.0.1, ts: 1788717749492} /_vercel/insights/view @ https://va.vercel-scripts.com/v1/script.debug.js:0
[  145941ms] [LOG] ✨ %cNuxt DevTools %c Press Shift + Option + D to open DevTools color: black; border-radius: 3px 0 0 3px; padding: 2px 2px 1px 10px; background: #00DC82 border-radius: 0 3px 3px 0; padding: 2px 10px 1px 2px; background: #00DC8220  @ http://localhost:3000/_nuxt/node_modules/.pnpm/@nuxt+devtools@3.2.4_supports-color@10.2.2_vite@7.3.2_@types+node@26.1.1_jiti@2.6.1_ter_28972f42c82fd27b0e3f96c17cda5782/node_modules/@nuxt/devtools/dist/runtime/plugins/devtools.client.js?v=4a573216:51
[  150344ms] [INFO] [gymscan] 0B calls explode 9 @ http://localhost:3000/_nuxt/utils/gymscan/stage.ts:1222
[  152130ms] [INFO] [gymscan] 0B calls planted 24 @ http://localhost:3000/_nuxt/utils/gymscan/stage.ts:1226
[  179032ms] [LOG] %cssr:success%c Vite server hmr 4 files 
      background: #2ecc71;
      border-radius: 0.5em;
      color: white;
      font-weight: bold;
      padding: 2px 0.5em;
      in 0.009ms 
  at vite_node_entry_default (node_modules/.pnpm/@nuxt+vite-builder@3.21.2_@types+node@26.1.1_magicast@0.5.2_nuxt@3.21.2_@emnapi+core@1._a4b3153523cf62a7d8205505e2d0041e/node_modules/@nuxt/vite-builder/dist/vite-node-entry.mjs)
  at process.processTicksAndRejections (node:internal/process/task_queues)
  at async Object.renderToString (node_modules/.pnpm/vue-bundle-renderer@2.2.0/node_modules/vue-bundle-renderer/dist/runtime.mjs)
 @ http://localhost:3000/_nuxt/node_modules/.pnpm/consola@3.4.2/node_modules/consola/dist/browser.mjs?v=4a573216:47
[  179071ms] [INFO] <Suspense> is an experimental feature and its API will likely change. @ http://localhost:3000/_nuxt/node_modules/.pnpm/@vue+runtime-core@3.5.33/node_modules/@vue/runtime-core/dist/runtime-core.esm-bundler.js?v=4a573216:7239
[  179144ms] [LOG] %c[Vercel Web Analytics]%c Debug mode is enabled by default in development. No requests will be sent to the server. color: rgb(120, 120, 120) color: inherit @ https://va.vercel-scripts.com/v1/script.debug.js:0
[  179144ms] [LOG] %c[Vercel Web Analytics]%c Running queued event color: rgb(120, 120, 120) color: inherit pageview {route: /demo, path: /demo} @ https://va.vercel-scripts.com/v1/script.debug.js:0
[  179145ms] [LOG] %c[Vercel Web Analytics]%c [view] http://localhost:3000/demo?m=1 color: rgb(120, 120, 120) color: inherit {o: http://localhost:3000/demo?m=1, sv: 0.1.3, sdkn: @vercel/analytics/nuxt, sdkv: 2.0.1, ts: 1788717782708} /_vercel/insights/view @ https://va.vercel-scripts.com/v1/script.debug.js:0
[  179161ms] [LOG] ✨ %cNuxt DevTools %c Press Shift + Option + D to open DevTools color: black; border-radius: 3px 0 0 3px; padding: 2px 2px 1px 10px; background: #00DC82 border-radius: 0 3px 3px 0; padding: 2px 10px 1px 2px; background: #00DC8220  @ http://localhost:3000/_nuxt/node_modules/.pnpm/@nuxt+devtools@3.2.4_supports-color@10.2.2_vite@7.3.2_@types+node@26.1.1_jiti@2.6.1_ter_28972f42c82fd27b0e3f96c17cda5782/node_modules/@nuxt/devtools/dist/runtime/plugins/devtools.client.js?v=4a573216:51
[  183538ms] [INFO] [gymscan] 0B calls explode 9 @ http://localhost:3000/_nuxt/utils/gymscan/stage.ts:1222
[  185323ms] [INFO] [gymscan] 0B calls planted 24 @ http://localhost:3000/_nuxt/utils/gymscan/stage.ts:1226
[  199116ms] [ERROR] WebSocket connection to 'ws://localhost:3000/_nuxt/?token=WRQDBEzEw7Ku' failed: The network connection was lost. @ :0
[  199116ms] [LOG] [vite] server connection lost. Polling for restart... @ http://localhost:3000/_nuxt/@vite/client:864
[  200583ms] [ERROR] Failed to load resource: the server responded with a status of 503 (Service Unavailable) @ http://localhost:3000/demo?m=1:0
[  200611ms] [ERROR] Failed to load resource: the server responded with a status of 503 (Service Unavailable) @ http://localhost:3000/demo?m=1:0
[  201716ms] [ERROR] Failed to load resource: the server responded with a status of 503 (Service Unavailable) @ http://localhost:3000/demo?m=1:0
[  205899ms] [INFO] <Suspense> is an experimental feature and its API will likely change. @ http://localhost:3000/_nuxt/node_modules/.pnpm/@vue+runtime-core@3.5.33/node_modules/@vue/runtime-core/dist/runtime-core.esm-bundler.js?v=4a573216:7239
[  205967ms] [LOG] %c[Vercel Web Analytics]%c Debug mode is enabled by default in development. No requests will be sent to the server. color: rgb(120, 120, 120) color: inherit @ https://va.vercel-scripts.com/v1/script.debug.js:0
[  205967ms] [LOG] %c[Vercel Web Analytics]%c Running queued event color: rgb(120, 120, 120) color: inherit pageview {route: /demo, path: /demo} @ https://va.vercel-scripts.com/v1/script.debug.js:0
[  205968ms] [LOG] %c[Vercel Web Analytics]%c [view] http://localhost:3000/demo?m=1 color: rgb(120, 120, 120) color: inherit {o: http://localhost:3000/demo?m=1, sv: 0.1.3, sdkn: @vercel/analytics/nuxt, sdkv: 2.0.1, ts: 1788717809530} /_vercel/insights/view @ https://va.vercel-scripts.com/v1/script.debug.js:0
[  206070ms] [LOG] ✨ %cNuxt DevTools %c Press Shift + Option + D to open DevTools color: black; border-radius: 3px 0 0 3px; padding: 2px 2px 1px 10px; background: #00DC82 border-radius: 0 3px 3px 0; padding: 2px 10px 1px 2px; background: #00DC8220  @ http://localhost:3000/_nuxt/node_modules/.pnpm/@nuxt+devtools@3.2.4_supports-color@10.2.2_vite@7.3.2_@types+node@26.1.1_jiti@2.6.1_ter_28972f42c82fd27b0e3f96c17cda5782/node_modules/@nuxt/devtools/dist/runtime/plugins/devtools.client.js?v=4a573216:51
[  210251ms] [ERROR] WebSocket connection to 'ws://localhost:3000/_nuxt/?token=wFmRqMDhXOyk' failed: The network connection was lost. @ :0
[  210251ms] [LOG] [vite] server connection lost. Polling for restart... @ http://localhost:3000/_nuxt/@vite/client:864
[  210513ms] [INFO] [gymscan] 0B calls explode 9 @ http://localhost:3000/_nuxt/utils/gymscan/stage.ts:1222
[  211501ms] [ERROR] Failed to load resource: the server responded with a status of 503 (Service Unavailable) @ http://localhost:3000/demo?m=1:0
[  211547ms] [ERROR] Failed to load resource: the server responded with a status of 503 (Service Unavailable) @ http://localhost:3000/demo?m=1:0
[  212620ms] [ERROR] Failed to load resource: the server responded with a status of 503 (Service Unavailable) @ http://localhost:3000/demo?m=1:0
[  216482ms] [INFO] <Suspense> is an experimental feature and its API will likely change. @ http://localhost:3000/_nuxt/node_modules/.pnpm/@vue+runtime-core@3.5.33/node_modules/@vue/runtime-core/dist/runtime-core.esm-bundler.js?v=4a573216:7239
[  216632ms] [LOG] %c[Vercel Web Analytics]%c Debug mode is enabled by default in development. No requests will be sent to the server. color: rgb(120, 120, 120) color: inherit @ https://va.vercel-scripts.com/v1/script.debug.js:0
[  216632ms] [LOG] %c[Vercel Web Analytics]%c Running queued event color: rgb(120, 120, 120) color: inherit pageview {route: /demo, path: /demo} @ https://va.vercel-scripts.com/v1/script.debug.js:0
[  216633ms] [LOG] %c[Vercel Web Analytics]%c [view] http://localhost:3000/demo?m=1 color: rgb(120, 120, 120) color: inherit {o: http://localhost:3000/demo?m=1, sv: 0.1.3, sdkn: @vercel/analytics/nuxt, sdkv: 2.0.1, ts: 1788717820195} /_vercel/insights/view @ https://va.vercel-scripts.com/v1/script.debug.js:0
[  216800ms] [LOG] ✨ %cNuxt DevTools %c Press Shift + Option + D to open DevTools color: black; border-radius: 3px 0 0 3px; padding: 2px 2px 1px 10px; background: #00DC82 border-radius: 0 3px 3px 0; padding: 2px 10px 1px 2px; background: #00DC8220  @ http://localhost:3000/_nuxt/node_modules/.pnpm/@nuxt+devtools@3.2.4_supports-color@10.2.2_vite@7.3.2_@types+node@26.1.1_jiti@2.6.1_ter_28972f42c82fd27b0e3f96c17cda5782/node_modules/@nuxt/devtools/dist/runtime/plugins/devtools.client.js?v=4a573216:51
[  221522ms] [INFO] [gymscan] 0B calls explode 9 @ http://localhost:3000/_nuxt/utils/gymscan/stage.ts:1222
[  223306ms] [INFO] [gymscan] 0B calls planted 24 @ http://localhost:3000/_nuxt/utils/gymscan/stage.ts:1226
[16224948ms] [ERROR] WebSocket connection to 'ws://localhost:3000/_nuxt/?token=GGeEsF2CPjaQ' failed: The network connection was lost. @ :0
[16224953ms] [LOG] [vite] server connection lost. Polling for restart... @ http://localhost:3000/_nuxt/@vite/client:864
[16238476ms] [INFO] <Suspense> is an experimental feature and its API will likely change. @ http://localhost:3000/_nuxt/node_modules/.pnpm/@vue+runtime-core@3.5.33/node_modules/@vue/runtime-core/dist/runtime-core.esm-bundler.js?v=4a573216:7239
[16238612ms] [LOG] %c[Vercel Web Analytics]%c Debug mode is enabled by default in development. No requests will be sent to the server. color: rgb(120, 120, 120) color: inherit @ https://va.vercel-scripts.com/v1/script.debug.js:0
[16238612ms] [LOG] %c[Vercel Web Analytics]%c Running queued event color: rgb(120, 120, 120) color: inherit pageview {route: /demo, path: /demo} @ https://va.vercel-scripts.com/v1/script.debug.js:0
[16238613ms] [LOG] %c[Vercel Web Analytics]%c [view] http://localhost:3000/demo?m=1 color: rgb(120, 120, 120) color: inherit {o: http://localhost:3000/demo?m=1, sv: 0.1.3, sdkn: @vercel/analytics/nuxt, sdkv: 2.0.1, ts: 1788733842176} /_vercel/insights/view @ https://va.vercel-scripts.com/v1/script.debug.js:0
[16238761ms] [LOG] ✨ %cNuxt DevTools %c Press Shift + Option + D to open DevTools color: black; border-radius: 3px 0 0 3px; padding: 2px 2px 1px 10px; background: #00DC82 border-radius: 0 3px 3px 0; padding: 2px 10px 1px 2px; background: #00DC8220  @ http://localhost:3000/_nuxt/node_modules/.pnpm/@nuxt+devtools@3.2.4_supports-color@10.2.2_vite@7.3.2_@types+node@26.1.1_jiti@2.6.1_ter_28972f42c82fd27b0e3f96c17cda5782/node_modules/@nuxt/devtools/dist/runtime/plugins/devtools.client.js?v=4a573216:51
[16243023ms] [INFO] [gymscan] 0B calls explode 9 @ http://localhost:3000/_nuxt/utils/gymscan/stage.ts:1222
[16244816ms] [INFO] [gymscan] 0B calls planted 24 @ http://localhost:3000/_nuxt/utils/gymscan/stage.ts:1226
[16274735ms] [LOG] %cssr:success%c Vite server hmr 50 files 
      background: #2ecc71;
      border-radius: 0.5em;
      color: white;
      font-weight: bold;
      padding: 2px 0.5em;
      in 639.818ms 
  at vite_node_entry_default (node_modules/.pnpm/@nuxt+vite-builder@3.21.2_@types+node@26.1.1_magicast@0.5.2_nuxt@3.21.2_@emnapi+core@1._a4b3153523cf62a7d8205505e2d0041e/node_modules/@nuxt/vite-builder/dist/vite-node-entry.mjs)
  at process.processTicksAndRejections (node:internal/process/task_queues)
  at async Object.renderToString (node_modules/.pnpm/vue-bundle-renderer@2.2.0/node_modules/vue-bundle-renderer/dist/runtime.mjs)
 @ http://localhost:3000/_nuxt/node_modules/.pnpm/consola@3.4.2/node_modules/consola/dist/browser.mjs?v=4a573216:47
[16274826ms] [INFO] <Suspense> is an experimental feature and its API will likely change. @ http://localhost:3000/_nuxt/node_modules/.pnpm/@vue+runtime-core@3.5.33/node_modules/@vue/runtime-core/dist/runtime-core.esm-bundler.js?v=4a573216:7239
[16275092ms] [LOG] %c[Vercel Web Analytics]%c Debug mode is enabled by default in development. No requests will be sent to the server. color: rgb(120, 120, 120) color: inherit @ https://va.vercel-scripts.com/v1/script.debug.js:0
[16275092ms] [LOG] %c[Vercel Web Analytics]%c Running queued event color: rgb(120, 120, 120) color: inherit pageview {route: /demo, path: /demo} @ https://va.vercel-scripts.com/v1/script.debug.js:0
[16275094ms] [LOG] %c[Vercel Web Analytics]%c [view] http://localhost:3000/demo?m=1 color: rgb(120, 120, 120) color: inherit {o: http://localhost:3000/demo?m=1, sv: 0.1.3, sdkn: @vercel/analytics/nuxt, sdkv: 2.0.1, ts: 1788733878656} /_vercel/insights/view @ https://va.vercel-scripts.com/v1/script.debug.js:0
[16275288ms] [LOG] ✨ %cNuxt DevTools %c Press Shift + Option + D to open DevTools color: black; border-radius: 3px 0 0 3px; padding: 2px 2px 1px 10px; background: #00DC82 border-radius: 0 3px 3px 0; padding: 2px 10px 1px 2px; background: #00DC8220  @ http://localhost:3000/_nuxt/node_modules/.pnpm/@nuxt+devtools@3.2.4_supports-color@10.2.2_vite@7.3.2_@types+node@26.1.1_jiti@2.6.1_ter_28972f42c82fd27b0e3f96c17cda5782/node_modules/@nuxt/devtools/dist/runtime/plugins/devtools.client.js?v=4a573216:51
[16281226ms] [INFO] <Suspense> is an experimental feature and its API will likely change. @ http://localhost:3000/_nuxt/node_modules/.pnpm/@vue+runtime-core@3.5.33/node_modules/@vue/runtime-core/dist/runtime-core.esm-bundler.js?v=4a573216:7239
[16281464ms] [LOG] %c[Vercel Web Analytics]%c Debug mode is enabled by default in development. No requests will be sent to the server. color: rgb(120, 120, 120) color: inherit @ https://va.vercel-scripts.com/v1/script.debug.js:0
[16281464ms] [LOG] %c[Vercel Web Analytics]%c Running queued event color: rgb(120, 120, 120) color: inherit pageview {route: /demo, path: /demo} @ https://va.vercel-scripts.com/v1/script.debug.js:0
[16281465ms] [LOG] %c[Vercel Web Analytics]%c [view] http://localhost:3000/demo?m=1 color: rgb(120, 120, 120) color: inherit {o: http://localhost:3000/demo?m=1, sv: 0.1.3, sdkn: @vercel/analytics/nuxt, sdkv: 2.0.1, ts: 1788733885027} /_vercel/insights/view @ https://va.vercel-scripts.com/v1/script.debug.js:0
[16281530ms] [LOG] ✨ %cNuxt DevTools %c Press Shift + Option + D to open DevTools color: black; border-radius: 3px 0 0 3px; padding: 2px 2px 1px 10px; background: #00DC82 border-radius: 0 3px 3px 0; padding: 2px 10px 1px 2px; background: #00DC8220  @ http://localhost:3000/_nuxt/node_modules/.pnpm/@nuxt+devtools@3.2.4_supports-color@10.2.2_vite@7.3.2_@types+node@26.1.1_jiti@2.6.1_ter_28972f42c82fd27b0e3f96c17cda5782/node_modules/@nuxt/devtools/dist/runtime/plugins/devtools.client.js?v=4a573216:51
[16287277ms] [INFO] [gymscan] 0B calls explode 9 @ http://localhost:3000/_nuxt/utils/gymscan/stage.ts:1222
[16289062ms] [INFO] [gymscan] 0B calls planted 24 @ http://localhost:3000/_nuxt/utils/gymscan/stage.ts:1226
[16303028ms] [ERROR] WebSocket connection to 'ws://localhost:3000/_nuxt/?token=odiY-9zMfv0Y' failed: The network connection was lost. @ :0
[16303029ms] [LOG] [vite] server connection lost. Polling for restart... @ http://localhost:3000/_nuxt/@vite/client:864
[16305692ms] [ERROR] Failed to load resource: the server responded with a status of 503 (Service Unavailable) @ http://localhost:3000/demo?m=1:0
[16306294ms] [ERROR] Failed to load resource: the server responded with a status of 503 (Service Unavailable) @ http://localhost:3000/demo?m=1:0
[16307303ms] [ERROR] Failed to load resource: the server responded with a status of 503 (Service Unavailable) @ http://localhost:3000/demo?m=1:0
[16308399ms] [ERROR] Failed to load resource: the server responded with a status of 503 (Service Unavailable) @ http://localhost:3000/demo?m=1:0
[16309755ms] [ERROR] Failed to load resource: the server responded with a status of 503 (Service Unavailable) @ http://localhost:3000/demo?m=1:0
[16317276ms] [INFO] <Suspense> is an experimental feature and its API will likely change. @ http://localhost:3000/_nuxt/node_modules/.pnpm/@vue+runtime-core@3.5.33/node_modules/@vue/runtime-core/dist/runtime-core.esm-bundler.js?v=4a573216:7239
[16317629ms] [LOG] %c[Vercel Web Analytics]%c Debug mode is enabled by default in development. No requests will be sent to the server. color: rgb(120, 120, 120) color: inherit @ https://va.vercel-scripts.com/v1/script.debug.js:0
[16317630ms] [LOG] %c[Vercel Web Analytics]%c Running queued event color: rgb(120, 120, 120) color: inherit pageview {route: /demo, path: /demo} @ https://va.vercel-scripts.com/v1/script.debug.js:0
[16317632ms] [LOG] %c[Vercel Web Analytics]%c [view] http://localhost:3000/demo?m=1 color: rgb(120, 120, 120) color: inherit {o: http://localhost:3000/demo?m=1, sv: 0.1.3, sdkn: @vercel/analytics/nuxt, sdkv: 2.0.1, ts: 1788733921194} /_vercel/insights/view @ https://va.vercel-scripts.com/v1/script.debug.js:0
[16317793ms] [LOG] ✨ %cNuxt DevTools %c Press Shift + Option + D to open DevTools color: black; border-radius: 3px 0 0 3px; padding: 2px 2px 1px 10px; background: #00DC82 border-radius: 0 3px 3px 0; padding: 2px 10px 1px 2px; background: #00DC8220  @ http://localhost:3000/_nuxt/node_modules/.pnpm/@nuxt+devtools@3.2.4_supports-color@10.2.2_vite@7.3.2_@types+node@26.1.1_jiti@2.6.1_ter_28972f42c82fd27b0e3f96c17cda5782/node_modules/@nuxt/devtools/dist/runtime/plugins/devtools.client.js?v=4a573216:51
[16323239ms] [INFO] [gymscan] 0B calls explode 9 @ http://localhost:3000/_nuxt/utils/gymscan/stage.ts:1222
[16325098ms] [INFO] [gymscan] 0B calls planted 24 @ http://localhost:3000/_nuxt/utils/gymscan/stage.ts:1226
[16328452ms] [ERROR] WebSocket connection to 'ws://localhost:3000/_nuxt/?token=EHxNhMMwHxeb' failed: The network connection was lost. @ :0
[16328456ms] [LOG] [vite] server connection lost. Polling for restart... @ http://localhost:3000/_nuxt/@vite/client:864
[16330585ms] [ERROR] Failed to load resource: the server responded with a status of 503 (Service Unavailable) @ http://localhost:3000/demo?m=1:0
[16330650ms] [ERROR] Failed to load resource: the server responded with a status of 503 (Service Unavailable) @ http://localhost:3000/demo?m=1:0
[16331654ms] [ERROR] Failed to load resource: the server responded with a status of 503 (Service Unavailable) @ http://localhost:3000/demo?m=1:0
[16336428ms] [INFO] <Suspense> is an experimental feature and its API will likely change. @ http://localhost:3000/_nuxt/node_modules/.pnpm/@vue+runtime-core@3.5.33/node_modules/@vue/runtime-core/dist/runtime-core.esm-bundler.js?v=4a573216:7239
[16336567ms] [LOG] %c[Vercel Web Analytics]%c Debug mode is enabled by default in development. No requests will be sent to the server. color: rgb(120, 120, 120) color: inherit @ https://va.vercel-scripts.com/v1/script.debug.js:0
[16336568ms] [LOG] %c[Vercel Web Analytics]%c Running queued event color: rgb(120, 120, 120) color: inherit pageview {route: /demo, path: /demo} @ https://va.vercel-scripts.com/v1/script.debug.js:0
[16336569ms] [LOG] %c[Vercel Web Analytics]%c [view] http://localhost:3000/demo?m=1 color: rgb(120, 120, 120) color: inherit {o: http://localhost:3000/demo?m=1, sv: 0.1.3, sdkn: @vercel/analytics/nuxt, sdkv: 2.0.1, ts: 1788733940132} /_vercel/insights/view @ https://va.vercel-scripts.com/v1/script.debug.js:0
[16336654ms] [LOG] ✨ %cNuxt DevTools %c Press Shift + Option + D to open DevTools color: black; border-radius: 3px 0 0 3px; padding: 2px 2px 1px 10px; background: #00DC82 border-radius: 0 3px 3px 0; padding: 2px 10px 1px 2px; background: #00DC8220  @ http://localhost:3000/_nuxt/node_modules/.pnpm/@nuxt+devtools@3.2.4_supports-color@10.2.2_vite@7.3.2_@types+node@26.1.1_jiti@2.6.1_ter_28972f42c82fd27b0e3f96c17cda5782/node_modules/@nuxt/devtools/dist/runtime/plugins/devtools.client.js?v=4a573216:51
[16342785ms] [INFO] [gymscan] 0B calls explode 9 @ http://localhost:3000/_nuxt/utils/gymscan/stage.ts:1222
[16344674ms] [INFO] [gymscan] 0B calls planted 24 @ http://localhost:3000/_nuxt/utils/gymscan/stage.ts:1226
