[      42ms] [WARNING] [nuxt] Cannot load payload  /exercises/_payload.json?1788610117373 TypeError: Load failed @ http://localhost:3000/_nuxt/node_modules/.pnpm/nuxt@3.21.2_@emnapi+core@1.10.0_@emnapi+runtime@1.11.3_@parcel+watcher@2.5.6_@types+nod_529923af24574705ccdd3c2cb50f4411/node_modules/nuxt/dist/app/composables/payload.js?t=1788610104420&v=4a573216:81
[      49ms] [WARNING] [nuxt] Cannot load payload  /_payload.json?1788610117372 TypeError: Load failed @ http://localhost:3000/_nuxt/node_modules/.pnpm/nuxt@3.21.2_@emnapi+core@1.10.0_@emnapi+runtime@1.11.3_@parcel+watcher@2.5.6_@types+nod_529923af24574705ccdd3c2cb50f4411/node_modules/nuxt/dist/app/composables/payload.js?t=1788610104420&v=4a573216:81
[    3719ms] [INFO] <Suspense> is an experimental feature and its API will likely change. @ http://localhost:3000/_nuxt/node_modules/.pnpm/@vue+runtime-core@3.5.33/node_modules/@vue/runtime-core/dist/runtime-core.esm-bundler.js?v=4a573216:7239
[    3742ms] [WARNING] [Vue warn]: Hydration node mismatch:
- rendered on server: JSHandle@node (text) 
- expected on client: img 
  at <GymCinema journey= {assembly: 0, film: 0, gallery: 0, chapter: experience} coaching= {frame: Object, paused: false, customSrc: , replay: 0} onCustomError=fn  ... > 
  at <GymExperience > 
  at <Demo onVnodeUnmounted=fn<onVnodeUnmounted> ref=Ref< undefined > > 
  at <RouteProvider key="/demo" vnode= {__v_isVNode: true, __v_skip: true, type: Object, props: Object, key: null} route= {fullPath: /demo#gyms, hash: #gyms, query: undefined, name: demo, path: /demo}  ... > 
  at <RouterView name=undefined route=undefined > 
  at <NuxtPage > 
  at <NuxtLayoutProvider layoutProps= {ref: RefImpl} key=undefined name=false  ... > 
  at <NuxtLayout > 
  at <App key=4 > 
  at <NuxtRoot> @ http://localhost:3000/_nuxt/node_modules/.pnpm/@vue+runtime-core@3.5.33/node_modules/@vue/runtime-core/dist/runtime-core.esm-bundler.js?v=4a573216:49
[    3748ms] [ERROR] Hydration completed but contains mismatches. @ http://localhost:3000/_nuxt/node_modules/.pnpm/@vue+runtime-core@3.5.33/node_modules/@vue/runtime-core/dist/runtime-core.esm-bundler.js?v=4a573216:1887
[    3881ms] [LOG] %c[Vercel Web Analytics]%c Debug mode is enabled by default in development. No requests will be sent to the server. color: rgb(120, 120, 120) color: inherit @ https://va.vercel-scripts.com/v1/script.debug.js:0
[    3882ms] [LOG] %c[Vercel Web Analytics]%c Running queued event color: rgb(120, 120, 120) color: inherit pageview {route: /demo, path: /demo} @ https://va.vercel-scripts.com/v1/script.debug.js:0
[    3883ms] [LOG] %c[Vercel Web Analytics]%c [view] http://localhost:3000/demo#gyms color: rgb(120, 120, 120) color: inherit {o: http://localhost:3000/demo#gyms, sv: 0.1.3, sdkn: @vercel/analytics/nuxt, sdkv: 2.0.1, ts: 1788610134998} /_vercel/insights/view @ https://va.vercel-scripts.com/v1/script.debug.js:0
[    3957ms] [LOG] ✨ %cNuxt DevTools %c Press Shift + Option + D to open DevTools color: black; border-radius: 3px 0 0 3px; padding: 2px 2px 1px 10px; background: #00DC82 border-radius: 0 3px 3px 0; padding: 2px 10px 1px 2px; background: #00DC8220  @ http://localhost:3000/_nuxt/node_modules/.pnpm/@nuxt+devtools@3.2.4_supports-color@10.2.2_vite@7.3.2_@types+node@26.1.1_jiti@2.6.1_ter_28972f42c82fd27b0e3f96c17cda5782/node_modules/@nuxt/devtools/dist/runtime/plugins/devtools.client.js?v=4a573216:51
[    5414ms] [INFO] [gymscan] 0B calls explode 81 @ http://localhost:3000/_nuxt/utils/gymscan/stage.ts:1217
[    5548ms] [INFO] [gymscan] 0B calls planted 51 @ http://localhost:3000/_nuxt/utils/gymscan/stage.ts:1221
[   25186ms] [INFO] [gymscan] 0B calls explode 81 @ http://localhost:3000/_nuxt/utils/gymscan/stage.ts:1217
[   25291ms] [INFO] [gymscan] 0B calls planted 51 @ http://localhost:3000/_nuxt/utils/gymscan/stage.ts:1221
[   50151ms] [INFO] [gymscan] 0B calls planted 71 @ http://localhost:3000/_nuxt/utils/gymscan/stage.ts:1221
[   85428ms] [INFO] <Suspense> is an experimental feature and its API will likely change. @ http://localhost:3000/_nuxt/node_modules/.pnpm/@vue+runtime-core@3.5.33/node_modules/@vue/runtime-core/dist/runtime-core.esm-bundler.js?v=4a573216:7239
[   85466ms] [WARNING] [Vue warn]: Hydration node mismatch:
- rendered on server: JSHandle@node (text) 
- expected on client: img 
  at <GymCinema journey= {assembly: 0, film: 0, gallery: 0, chapter: experience} coaching= {frame: Object, paused: false, customSrc: , replay: 0} onCustomError=fn  ... > 
  at <GymExperience > 
  at <Demo onVnodeUnmounted=fn<onVnodeUnmounted> ref=Ref< undefined > > 
  at <RouteProvider key="/demo" vnode= {__v_isVNode: true, __v_skip: true, type: Object, props: Object, key: null} route= {fullPath: /demo#gyms, hash: #gyms, query: undefined, name: demo, path: /demo}  ... > 
  at <RouterView name=undefined route=undefined > 
  at <NuxtPage > 
  at <NuxtLayoutProvider layoutProps= {ref: RefImpl} key=undefined name=false  ... > 
  at <NuxtLayout > 
  at <App key=4 > 
  at <NuxtRoot> @ http://localhost:3000/_nuxt/node_modules/.pnpm/@vue+runtime-core@3.5.33/node_modules/@vue/runtime-core/dist/runtime-core.esm-bundler.js?v=4a573216:49
[   85471ms] [ERROR] Hydration completed but contains mismatches. @ http://localhost:3000/_nuxt/node_modules/.pnpm/@vue+runtime-core@3.5.33/node_modules/@vue/runtime-core/dist/runtime-core.esm-bundler.js?v=4a573216:1887
[   85612ms] [LOG] %c[Vercel Web Analytics]%c Debug mode is enabled by default in development. No requests will be sent to the server. color: rgb(120, 120, 120) color: inherit @ https://va.vercel-scripts.com/v1/script.debug.js:0
[   85613ms] [LOG] %c[Vercel Web Analytics]%c Running queued event color: rgb(120, 120, 120) color: inherit pageview {route: /demo, path: /demo} @ https://va.vercel-scripts.com/v1/script.debug.js:0
[   85614ms] [LOG] %c[Vercel Web Analytics]%c [view] http://localhost:3000/demo#gyms color: rgb(120, 120, 120) color: inherit {o: http://localhost:3000/demo#gyms, sv: 0.1.3, sdkn: @vercel/analytics/nuxt, sdkv: 2.0.1, ts: 1788610216729} /_vercel/insights/view @ https://va.vercel-scripts.com/v1/script.debug.js:0
[   86057ms] [LOG] ✨ %cNuxt DevTools %c Press Shift + Option + D to open DevTools color: black; border-radius: 3px 0 0 3px; padding: 2px 2px 1px 10px; background: #00DC82 border-radius: 0 3px 3px 0; padding: 2px 10px 1px 2px; background: #00DC8220  @ http://localhost:3000/_nuxt/node_modules/.pnpm/@nuxt+devtools@3.2.4_supports-color@10.2.2_vite@7.3.2_@types+node@26.1.1_jiti@2.6.1_ter_28972f42c82fd27b0e3f96c17cda5782/node_modules/@nuxt/devtools/dist/runtime/plugins/devtools.client.js?v=4a573216:51
[   92496ms] [INFO] [gymscan] 0B calls planted 82 @ http://localhost:3000/_nuxt/utils/gymscan/stage.ts:1221
[   92528ms] [ERROR] WebGL: INVALID_OPERATION: glDrawElements: Mismatch between texture format and sampler type (signed/unsigned/float/shadow). @ :0
[   92528ms] [ERROR] WebGL: INVALID_OPERATION: glDrawElements: Mismatch between texture format and sampler type (signed/unsigned/float/shadow). @ :0
[   92528ms] [ERROR] WebGL: INVALID_OPERATION: glDrawArrays: Mismatch between texture format and sampler type (signed/unsigned/float/shadow). @ :0
[   92528ms] [ERROR] WebGL: INVALID_OPERATION: glDrawElements: Mismatch between texture format and sampler type (signed/unsigned/float/shadow). @ :0
[   92528ms] [ERROR] WebGL: INVALID_OPERATION: glDrawElements: Mismatch between texture format and sampler type (signed/unsigned/float/shadow). @ :0
[   92528ms] [ERROR] WebGL: INVALID_OPERATION: glDrawElements: Mismatch between texture format and sampler type (signed/unsigned/float/shadow). @ :0
[   92529ms] [ERROR] WebGL: INVALID_OPERATION: glDrawElements: Mismatch between texture format and sampler type (signed/unsigned/float/shadow). @ :0
[   92529ms] [ERROR] WebGL: INVALID_OPERATION: glDrawElements: Mismatch between texture format and sampler type (signed/unsigned/float/shadow). @ :0
[   92529ms] [ERROR] WebGL: INVALID_OPERATION: glDrawElements: Mismatch between texture format and sampler type (signed/unsigned/float/shadow). @ :0
[   92529ms] [ERROR] WebGL: INVALID_OPERATION: glDrawElements: Mismatch between texture format and sampler type (signed/unsigned/float/shadow). @ :0
[   92529ms] [ERROR] WebGL: INVALID_OPERATION: glDrawElements: Mismatch between texture format and sampler type (signed/unsigned/float/shadow). @ :0
[   92529ms] [ERROR] WebGL: INVALID_OPERATION: glDrawElements: Mismatch between texture format and sampler type (signed/unsigned/float/shadow). @ :0
[   92529ms] [ERROR] WebGL: INVALID_OPERATION: glDrawElements: Mismatch between texture format and sampler type (signed/unsigned/float/shadow). @ :0
[   92529ms] [ERROR] WebGL: INVALID_OPERATION: glDrawElements: Mismatch between texture format and sampler type (signed/unsigned/float/shadow). @ :0
[  107273ms] [INFO] <Suspense> is an experimental feature and its API will likely change. @ http://localhost:3000/_nuxt/node_modules/.pnpm/@vue+runtime-core@3.5.33/node_modules/@vue/runtime-core/dist/runtime-core.esm-bundler.js?v=4a573216:7239
[  107758ms] [LOG] %c[Vercel Web Analytics]%c Debug mode is enabled by default in development. No requests will be sent to the server. color: rgb(120, 120, 120) color: inherit @ https://va.vercel-scripts.com/v1/script.debug.js:0
[  107758ms] [LOG] %c[Vercel Web Analytics]%c Running queued event color: rgb(120, 120, 120) color: inherit pageview {route: /demo, path: /demo} @ https://va.vercel-scripts.com/v1/script.debug.js:0
[  107781ms] [LOG] %c[Vercel Web Analytics]%c [view] http://localhost:3000/demo#gyms color: rgb(120, 120, 120) color: inherit {o: http://localhost:3000/demo#gyms, sv: 0.1.3, sdkn: @vercel/analytics/nuxt, sdkv: 2.0.1, ts: 1788610238893} /_vercel/insights/view @ https://va.vercel-scripts.com/v1/script.debug.js:0
[  108392ms] [LOG] ✨ %cNuxt DevTools %c Press Shift + Option + D to open DevTools color: black; border-radius: 3px 0 0 3px; padding: 2px 2px 1px 10px; background: #00DC82 border-radius: 0 3px 3px 0; padding: 2px 10px 1px 2px; background: #00DC8220  @ http://localhost:3000/_nuxt/node_modules/.pnpm/@nuxt+devtools@3.2.4_supports-color@10.2.2_vite@7.3.2_@types+node@26.1.1_jiti@2.6.1_ter_28972f42c82fd27b0e3f96c17cda5782/node_modules/@nuxt/devtools/dist/runtime/plugins/devtools.client.js?v=4a573216:51
[  113012ms] [INFO] [gymscan] 0B calls planted 53 @ http://localhost:3000/_nuxt/utils/gymscan/stage.ts:1221
[  113049ms] [ERROR] WebGL: INVALID_OPERATION: glDrawElements: Mismatch between texture format and sampler type (signed/unsigned/float/shadow). @ :0
[  113049ms] [ERROR] WebGL: INVALID_OPERATION: glDrawElements: Mismatch between texture format and sampler type (signed/unsigned/float/shadow). @ :0
[  113049ms] [ERROR] WebGL: INVALID_OPERATION: glDrawArrays: Mismatch between texture format and sampler type (signed/unsigned/float/shadow). @ :0
[  113049ms] [ERROR] WebGL: INVALID_OPERATION: glDrawElements: Mismatch between texture format and sampler type (signed/unsigned/float/shadow). @ :0
[  113049ms] [ERROR] WebGL: INVALID_OPERATION: glDrawElements: Mismatch between texture format and sampler type (signed/unsigned/float/shadow). @ :0
[  113049ms] [ERROR] WebGL: INVALID_OPERATION: glDrawElements: Mismatch between texture format and sampler type (signed/unsigned/float/shadow). @ :0
[  113049ms] [ERROR] WebGL: INVALID_OPERATION: glDrawElements: Mismatch between texture format and sampler type (signed/unsigned/float/shadow). @ :0
[  113049ms] [ERROR] WebGL: INVALID_OPERATION: glDrawElements: Mismatch between texture format and sampler type (signed/unsigned/float/shadow). @ :0
[  113049ms] [ERROR] WebGL: INVALID_OPERATION: glDrawElements: Mismatch between texture format and sampler type (signed/unsigned/float/shadow). @ :0
[  113049ms] [ERROR] WebGL: INVALID_OPERATION: glDrawElements: Mismatch between texture format and sampler type (signed/unsigned/float/shadow). @ :0
[  113050ms] [ERROR] WebGL: INVALID_OPERATION: glDrawElements: Mismatch between texture format and sampler type (signed/unsigned/float/shadow). @ :0
[  113050ms] [ERROR] WebGL: INVALID_OPERATION: glDrawElements: Mismatch between texture format and sampler type (signed/unsigned/float/shadow). @ :0
[  113050ms] [ERROR] WebGL: INVALID_OPERATION: glDrawElements: Mismatch between texture format and sampler type (signed/unsigned/float/shadow). @ :0
[  113050ms] [ERROR] WebGL: INVALID_OPERATION: glDrawElements: Mismatch between texture format and sampler type (signed/unsigned/float/shadow). @ :0
[  140726ms] [ERROR] WebSocket connection to 'ws://localhost:3000/_nuxt/?token=evsJb_YbhhOj' failed: The network connection was lost. @ :0
[  140738ms] [LOG] [vite] server connection lost. Polling for restart... @ http://localhost:3000/_nuxt/@vite/client:864
[  142462ms] [ERROR] Failed to load resource: the server responded with a status of 503 (Service Unavailable) @ http://localhost:3000/demo#gyms:0
[  142877ms] [ERROR] Failed to load resource: the server responded with a status of 503 (Service Unavailable) @ http://localhost:3000/demo#gyms:0
[  144158ms] [ERROR] Failed to load resource: the server responded with a status of 503 (Service Unavailable) @ http://localhost:3000/demo#gyms:0
[  145336ms] [ERROR] Failed to load resource: the server responded with a status of 503 (Service Unavailable) @ http://localhost:3000/demo#gyms:0
[  146639ms] [ERROR] Failed to load resource: the server responded with a status of 503 (Service Unavailable) @ http://localhost:3000/demo#gyms:0
[  147660ms] [ERROR] Failed to load resource: the server responded with a status of 503 (Service Unavailable) @ http://localhost:3000/demo#gyms:0
[  148709ms] [ERROR] Failed to load resource: the server responded with a status of 503 (Service Unavailable) @ http://localhost:3000/demo#gyms:0
[  149959ms] [ERROR] Failed to load resource: the server responded with a status of 503 (Service Unavailable) @ http://localhost:3000/demo#gyms:0
[  156374ms] [INFO] <Suspense> is an experimental feature and its API will likely change. @ http://localhost:3000/_nuxt/node_modules/.pnpm/@vue+runtime-core@3.5.33/node_modules/@vue/runtime-core/dist/runtime-core.esm-bundler.js?v=4a573216:7239
[  156563ms] [LOG] %c[Vercel Web Analytics]%c Debug mode is enabled by default in development. No requests will be sent to the server. color: rgb(120, 120, 120) color: inherit @ https://va.vercel-scripts.com/v1/script.debug.js:0
[  156563ms] [LOG] %c[Vercel Web Analytics]%c Running queued event color: rgb(120, 120, 120) color: inherit pageview {route: /demo, path: /demo} @ https://va.vercel-scripts.com/v1/script.debug.js:0
[  156569ms] [LOG] %c[Vercel Web Analytics]%c [view] http://localhost:3000/demo#gyms color: rgb(120, 120, 120) color: inherit {o: http://localhost:3000/demo#gyms, sv: 0.1.3, sdkn: @vercel/analytics/nuxt, sdkv: 2.0.1, ts: 1788610287684} /_vercel/insights/view @ https://va.vercel-scripts.com/v1/script.debug.js:0
[  156956ms] [LOG] ✨ %cNuxt DevTools %c Press Shift + Option + D to open DevTools color: black; border-radius: 3px 0 0 3px; padding: 2px 2px 1px 10px; background: #00DC82 border-radius: 0 3px 3px 0; padding: 2px 10px 1px 2px; background: #00DC8220  @ http://localhost:3000/_nuxt/node_modules/.pnpm/@nuxt+devtools@3.2.4_supports-color@10.2.2_vite@7.3.2_@types+node@26.1.1_jiti@2.6.1_ter_28972f42c82fd27b0e3f96c17cda5782/node_modules/@nuxt/devtools/dist/runtime/plugins/devtools.client.js?v=4a573216:51
[  162450ms] [INFO] [gymscan] 0B calls planted 57 @ http://localhost:3000/_nuxt/utils/gymscan/stage.ts:1221
[  162501ms] [ERROR] WebGL: INVALID_OPERATION: glDrawElements: Mismatch between texture format and sampler type (signed/unsigned/float/shadow). @ :0
[  162501ms] [ERROR] WebGL: INVALID_OPERATION: glDrawElements: Mismatch between texture format and sampler type (signed/unsigned/float/shadow). @ :0
[  162501ms] [ERROR] WebGL: INVALID_OPERATION: glDrawArrays: Mismatch between texture format and sampler type (signed/unsigned/float/shadow). @ :0
[  162501ms] [ERROR] WebGL: INVALID_OPERATION: glDrawElements: Mismatch between texture format and sampler type (signed/unsigned/float/shadow). @ :0
[  162501ms] [ERROR] WebGL: INVALID_OPERATION: glDrawElements: Mismatch between texture format and sampler type (signed/unsigned/float/shadow). @ :0
[  162501ms] [ERROR] WebGL: INVALID_OPERATION: glDrawElements: Mismatch between texture format and sampler type (signed/unsigned/float/shadow). @ :0
[  162501ms] [ERROR] WebGL: INVALID_OPERATION: glDrawElements: Mismatch between texture format and sampler type (signed/unsigned/float/shadow). @ :0
[  162501ms] [ERROR] WebGL: INVALID_OPERATION: glDrawElements: Mismatch between texture format and sampler type (signed/unsigned/float/shadow). @ :0
[  162501ms] [ERROR] WebGL: INVALID_OPERATION: glDrawElements: Mismatch between texture format and sampler type (signed/unsigned/float/shadow). @ :0
[  162501ms] [ERROR] WebGL: INVALID_OPERATION: glDrawElements: Mismatch between texture format and sampler type (signed/unsigned/float/shadow). @ :0
[  162501ms] [ERROR] WebGL: INVALID_OPERATION: glDrawElements: Mismatch between texture format and sampler type (signed/unsigned/float/shadow). @ :0
[  162501ms] [ERROR] WebGL: INVALID_OPERATION: glDrawElements: Mismatch between texture format and sampler type (signed/unsigned/float/shadow). @ :0
[  162501ms] [ERROR] WebGL: INVALID_OPERATION: glDrawElements: Mismatch between texture format and sampler type (signed/unsigned/float/shadow). @ :0
[  162501ms] [ERROR] WebGL: INVALID_OPERATION: glDrawElements: Mismatch between texture format and sampler type (signed/unsigned/float/shadow). @ :0
[  171163ms] [INFO] [gymscan] 0B calls planted 48 @ http://localhost:3000/_nuxt/utils/gymscan/stage.ts?t=1788610298156:1221
