[    2082ms] [INFO] <Suspense> is an experimental feature and its API will likely change. @ http://localhost:3000/_nuxt/node_modules/.pnpm/@vue+runtime-core@3.5.33/node_modules/@vue/runtime-core/dist/runtime-core.esm-bundler.js?v=4a573216:7239
[    2378ms] [LOG] %c[Vercel Web Analytics]%c Debug mode is enabled by default in development. No requests will be sent to the server. color: rgb(120, 120, 120) color: inherit @ https://va.vercel-scripts.com/v1/script.debug.js:0
[    2378ms] [LOG] %c[Vercel Web Analytics]%c Running queued event color: rgb(120, 120, 120) color: inherit pageview {route: /demo, path: /demo} @ https://va.vercel-scripts.com/v1/script.debug.js:0
[    2382ms] [LOG] %c[Vercel Web Analytics]%c [view] http://localhost:3000/demo#gyms color: rgb(120, 120, 120) color: inherit {o: http://localhost:3000/demo#gyms, sv: 0.1.3, sdkn: @vercel/analytics/nuxt, sdkv: 2.0.1, ts: 1788611288298} /_vercel/insights/view @ https://va.vercel-scripts.com/v1/script.debug.js:0
[    2564ms] [LOG] ✨ %cNuxt DevTools %c Press Shift + Option + D to open DevTools color: black; border-radius: 3px 0 0 3px; padding: 2px 2px 1px 10px; background: #00DC82 border-radius: 0 3px 3px 0; padding: 2px 10px 1px 2px; background: #00DC8220  @ http://localhost:3000/_nuxt/node_modules/.pnpm/@nuxt+devtools@3.2.4_supports-color@10.2.2_vite@7.3.2_@types+node@26.1.1_jiti@2.6.1_ter_28972f42c82fd27b0e3f96c17cda5782/node_modules/@nuxt/devtools/dist/runtime/plugins/devtools.client.js?v=4a573216:51
[    3922ms] [INFO] [gymscan] 0B calls explode 35 @ http://localhost:3000/_nuxt/utils/gymscan/stage.ts:1217
[    4056ms] [INFO] [gymscan] 0B calls planted 37 @ http://localhost:3000/_nuxt/utils/gymscan/stage.ts:1221
[  205197ms] [INFO] [gymscan] 0B calls explode 22 @ http://localhost:3000/_nuxt/utils/gymscan/stage.ts?t=1788611487627:1217
[  205301ms] [INFO] [gymscan] 0B calls planted 37 @ http://localhost:3000/_nuxt/utils/gymscan/stage.ts?t=1788611487627:1221
[  341790ms] [INFO] [gymscan] 0B calls planted 24 @ http://localhost:3000/_nuxt/utils/gymscan/stage.ts?t=1788611625623:1221
[  605050ms] [INFO] <Suspense> is an experimental feature and its API will likely change. @ http://localhost:3000/_nuxt/node_modules/.pnpm/@vue+runtime-core@3.5.33/node_modules/@vue/runtime-core/dist/runtime-core.esm-bundler.js?v=4a573216:7239
[  605370ms] [LOG] %c[Vercel Web Analytics]%c Debug mode is enabled by default in development. No requests will be sent to the server. color: rgb(120, 120, 120) color: inherit @ https://va.vercel-scripts.com/v1/script.debug.js:0
[  605370ms] [LOG] %c[Vercel Web Analytics]%c Running queued event color: rgb(120, 120, 120) color: inherit pageview {route: /demo, path: /demo} @ https://va.vercel-scripts.com/v1/script.debug.js:0
[  605376ms] [LOG] %c[Vercel Web Analytics]%c [view] http://localhost:3000/demo#gyms color: rgb(120, 120, 120) color: inherit {o: http://localhost:3000/demo#gyms, sv: 0.1.3, sdkn: @vercel/analytics/nuxt, sdkv: 2.0.1, ts: 1788611891291} /_vercel/insights/view @ https://va.vercel-scripts.com/v1/script.debug.js:0
[  605461ms] [LOG] ✨ %cNuxt DevTools %c Press Shift + Option + D to open DevTools color: black; border-radius: 3px 0 0 3px; padding: 2px 2px 1px 10px; background: #00DC82 border-radius: 0 3px 3px 0; padding: 2px 10px 1px 2px; background: #00DC8220  @ http://localhost:3000/_nuxt/node_modules/.pnpm/@nuxt+devtools@3.2.4_supports-color@10.2.2_vite@7.3.2_@types+node@26.1.1_jiti@2.6.1_ter_28972f42c82fd27b0e3f96c17cda5782/node_modules/@nuxt/devtools/dist/runtime/plugins/devtools.client.js?v=4a573216:51
[  606444ms] [INFO] [gymscan] 0B calls explode 8 @ http://localhost:3000/_nuxt/utils/gymscan/stage.ts?t=1788611625623:1217
[  606544ms] [INFO] [gymscan] 0B calls planted 37 @ http://localhost:3000/_nuxt/utils/gymscan/stage.ts?t=1788611625623:1221
[  624227ms] [ERROR] WebSocket connection to 'ws://localhost:3000/_nuxt/?token=qTO5Ef00i40F' failed: The network connection was lost. @ :0
[  624230ms] [LOG] [vite] server connection lost. Polling for restart... @ http://localhost:3000/_nuxt/@vite/client:864
[  625969ms] [ERROR] Failed to load resource: the server responded with a status of 503 (Service Unavailable) @ http://localhost:3000/demo#gyms:0
[  627266ms] [ERROR] Failed to load resource: the server responded with a status of 503 (Service Unavailable) @ http://localhost:3000/demo#gyms:0
[  628390ms] [ERROR] Failed to load resource: the server responded with a status of 503 (Service Unavailable) @ http://localhost:3000/demo#gyms:0
[  629414ms] [ERROR] Failed to load resource: the server responded with a status of 503 (Service Unavailable) @ http://localhost:3000/demo#gyms:0
[  630573ms] [ERROR] Failed to load resource: the server responded with a status of 503 (Service Unavailable) @ http://localhost:3000/demo#gyms:0
[  631588ms] [ERROR] Failed to load resource: the server responded with a status of 503 (Service Unavailable) @ http://localhost:3000/demo#gyms:0
[  638755ms] [INFO] <Suspense> is an experimental feature and its API will likely change. @ http://localhost:3000/_nuxt/node_modules/.pnpm/@vue+runtime-core@3.5.33/node_modules/@vue/runtime-core/dist/runtime-core.esm-bundler.js?v=4a573216:7239
[  639320ms] [ERROR] WebSocket connection to 'ws://localhost:3000/_nuxt/?token=6JkPERKmmT4S' failed: The network connection was lost. @ :0
[  639432ms] [LOG] [vite] server connection lost. Polling for restart... @ http://localhost:3000/_nuxt/@vite/client:864
[  639453ms] [LOG] %c[Vercel Web Analytics]%c Debug mode is enabled by default in development. No requests will be sent to the server. color: rgb(120, 120, 120) color: inherit @ https://va.vercel-scripts.com/v1/script.debug.js:0
[  639454ms] [LOG] %c[Vercel Web Analytics]%c Running queued event color: rgb(120, 120, 120) color: inherit pageview {route: /demo, path: /demo} @ https://va.vercel-scripts.com/v1/script.debug.js:0
[  639476ms] [LOG] %c[Vercel Web Analytics]%c [view] http://localhost:3000/demo#gyms color: rgb(120, 120, 120) color: inherit {o: http://localhost:3000/demo#gyms, sv: 0.1.3, sdkn: @vercel/analytics/nuxt, sdkv: 2.0.1, ts: 1788611925391} /_vercel/insights/view @ https://va.vercel-scripts.com/v1/script.debug.js:0
[  639537ms] [ERROR] Failed to load resource: the server responded with a status of 503 (Service Unavailable) @ http://localhost:3000/_nuxt/@id/virtual:nuxt:%2FUsers%2Fadrian%2Fliftag_repos%2Fliftag_showcase_website%2Fnew_app%2F.nuxt%2Fdevtools%2Fsettings.mjs:0
[  639625ms] [ERROR] Failed to load resource: the server responded with a status of 503 (Service Unavailable) @ http://localhost:3000/_nuxt/utils/gymscan/stage.ts:0
[  639715ms] TypeError: Importing a module script failed.
[  639725ms] [ERROR] Failed to load resource: the server responded with a status of 503 (Service Unavailable) @ http://localhost:3000/_payload.json?1788611925533:0
[  639729ms] [WARNING] [nuxt] Cannot load payload  /_payload.json?1788611925533 SyntaxError: JSON Parse error: Unrecognized token '<' @ http://localhost:3000/_nuxt/node_modules/.pnpm/nuxt@3.21.2_@emnapi+core@1.10.0_@emnapi+runtime@1.11.3_@parcel+watcher@2.5.6_@types+nod_529923af24574705ccdd3c2cb50f4411/node_modules/nuxt/dist/app/composables/payload.js?v=4a573216:81
[  640532ms] [ERROR] Failed to load resource: the server responded with a status of 503 (Service Unavailable) @ http://localhost:3000/_nuxt/builds/meta/dev.json:0
[  641108ms] [ERROR] Failed to load resource: the server responded with a status of 503 (Service Unavailable) @ http://localhost:3000/_nuxt/builds/meta/dev.json:0
[  641114ms] [ERROR] [nuxt] Error fetching app manifest. FetchError: [GET] "/_nuxt/builds/meta/dev.json": 503 Service Unavailable @ http://localhost:3000/_nuxt/node_modules/.pnpm/nuxt@3.21.2_@emnapi+core@1.10.0_@emnapi+runtime@1.11.3_@parcel+watcher@2.5.6_@types+nod_529923af24574705ccdd3c2cb50f4411/node_modules/nuxt/dist/app/composables/manifest.js?v=4a573216:18
[ 4239584ms] Unhandled Promise Rejection: FetchError: [GET] "/_nuxt/builds/meta/dev.json": 503 Service Unavailable
    at getLatestManifest (http://localhost:3000/_nuxt/node_modules/.pnpm/nuxt@3.21.2_@emnapi+core@1.10.0_@emnapi+runtime@1.11.3_@parcel+watcher@2.5.6_@types+nod_529923af24574705ccdd3c2cb50f4411/node_modules/nuxt/dist/app/plugins/check-outdated-build.client.js?v=4a573216:18:18)
