[      17ms] [WARNING] [nuxt] Cannot load payload  /_payload.json?1788608945657 TypeError: Load failed @ http://localhost:3000/_nuxt/node_modules/.pnpm/nuxt@3.21.2_@emnapi+core@1.10.0_@emnapi+runtime@1.11.3_@parcel+watcher@2.5.6_@types+nod_529923af24574705ccdd3c2cb50f4411/node_modules/nuxt/dist/app/composables/payload.js?v=4a573216:81
[      18ms] [WARNING] [gymscan] parts asset missing /assets/gym3d/hero-machine-parts.glb TypeError: Load failed @ http://localhost:3000/_nuxt/utils/gymscan/parts.ts:32
[      18ms] [WARNING] [gymscan] parts asset missing /assets/gym3d/hero-machine-static.glb TypeError: Load failed @ http://localhost:3000/_nuxt/utils/gymscan/parts.ts:32
[      24ms] Fetch API cannot load http://localhost:3000/assets/gym3d/hero-machine.glb due to access control checks.
    at load (http://localhost:3000/_nuxt/node_modules/.cache/vite/client/deps/chunk-EBR7NRNZ.js?v=4a573216:23220:10)
    at load (http://localhost:3000/_nuxt/node_modules/.cache/vite/client/deps/three_examples_jsm_loaders_GLTFLoader__js.js?v=4a573216:205:16)
    at unknown (http://localhost:3000/_nuxt/node_modules/.cache/vite/client/deps/chunk-EBR7NRNZ.js?v=4a573216:23080:17)
    at Promise (:1:11)
    at loadAsync (http://localhost:3000/_nuxt/node_modules/.cache/vite/client/deps/chunk-EBR7NRNZ.js?v=4a573216:23079:23)
    at load (http://localhost:3000/_nuxt/utils/gymscan/stage.ts:1282:42)
[    1484ms] [LOG] %cssr:success%c Vite server hmr 13 files 
      background: #2ecc71;
      border-radius: 0.5em;
      color: white;
      font-weight: bold;
      padding: 2px 0.5em;
      in 283.247ms 
  at vite_node_entry_default (node_modules/.pnpm/@nuxt+vite-builder@3.21.2_@types+node@26.1.1_magicast@0.5.2_nuxt@3.21.2_@emnapi+core@1._a4b3153523cf62a7d8205505e2d0041e/node_modules/@nuxt/vite-builder/dist/vite-node-entry.mjs)
  at process.processTicksAndRejections (node:internal/process/task_queues)
  at async Object.renderToString (node_modules/.pnpm/vue-bundle-renderer@2.2.0/node_modules/vue-bundle-renderer/dist/runtime.mjs)
 @ http://localhost:3000/_nuxt/node_modules/.pnpm/consola@3.4.2/node_modules/consola/dist/browser.mjs?v=4a573216:47
[    1518ms] [INFO] <Suspense> is an experimental feature and its API will likely change. @ http://localhost:3000/_nuxt/node_modules/.pnpm/@vue+runtime-core@3.5.33/node_modules/@vue/runtime-core/dist/runtime-core.esm-bundler.js?v=4a573216:7239
[    1567ms] [LOG] %c[Vercel Web Analytics]%c Debug mode is enabled by default in development. No requests will be sent to the server. color: rgb(120, 120, 120) color: inherit @ https://va.vercel-scripts.com/v1/script.debug.js:0
[    1567ms] [LOG] %c[Vercel Web Analytics]%c Running queued event color: rgb(120, 120, 120) color: inherit pageview {route: /demo, path: /demo} @ https://va.vercel-scripts.com/v1/script.debug.js:0
[    1567ms] [LOG] %c[Vercel Web Analytics]%c [view] http://localhost:3000/demo color: rgb(120, 120, 120) color: inherit {o: http://localhost:3000/demo, sv: 0.1.3, sdkn: @vercel/analytics/nuxt, sdkv: 2.0.1, ts: 1788608949954} /_vercel/insights/view @ https://va.vercel-scripts.com/v1/script.debug.js:0
[    1584ms] [LOG] ✨ %cNuxt DevTools %c Press Shift + Option + D to open DevTools color: black; border-radius: 3px 0 0 3px; padding: 2px 2px 1px 10px; background: #00DC82 border-radius: 0 3px 3px 0; padding: 2px 10px 1px 2px; background: #00DC8220  @ http://localhost:3000/_nuxt/node_modules/.pnpm/@nuxt+devtools@3.2.4_supports-color@10.2.2_vite@7.3.2_@types+node@26.1.1_jiti@2.6.1_ter_28972f42c82fd27b0e3f96c17cda5782/node_modules/@nuxt/devtools/dist/runtime/plugins/devtools.client.js?v=4a573216:51
[    3910ms] [ERROR] WebSocket connection to 'ws://localhost:3000/_nuxt/?token=bKCUlzbNkJfM' failed: The network connection was lost. @ :0
[    3911ms] [LOG] [vite] server connection lost. Polling for restart... @ http://localhost:3000/_nuxt/@vite/client:864
[   12526ms] [INFO] [gymscan] 0B calls explode 9 @ http://localhost:3000/_nuxt/utils/gymscan/stage.ts:1182
[   13271ms] [ERROR] Failed to load resource: the server responded with a status of 503 (Service Unavailable) @ http://localhost:3000/for-trainers/_payload.json?1788608961530:0
[   13271ms] [WARNING] [nuxt] Cannot load payload  /for-trainers/_payload.json?1788608961530 SyntaxError: JSON Parse error: Unrecognized token '<' @ http://localhost:3000/_nuxt/node_modules/.pnpm/nuxt@3.21.2_@emnapi+core@1.10.0_@emnapi+runtime@1.11.3_@parcel+watcher@2.5.6_@types+nod_529923af24574705ccdd3c2cb50f4411/node_modules/nuxt/dist/app/composables/payload.js?v=4a573216:81
[   13382ms] [ERROR] Failed to load resource: the server responded with a status of 503 (Service Unavailable) @ http://localhost:3000/pricing/_payload.json?1788608961530:0
[   13382ms] [WARNING] [nuxt] Cannot load payload  /pricing/_payload.json?1788608961530 SyntaxError: JSON Parse error: Unrecognized token '<' @ http://localhost:3000/_nuxt/node_modules/.pnpm/nuxt@3.21.2_@emnapi+core@1.10.0_@emnapi+runtime@1.11.3_@parcel+watcher@2.5.6_@types+nod_529923af24574705ccdd3c2cb50f4411/node_modules/nuxt/dist/app/composables/payload.js?v=4a573216:81
[   13424ms] [ERROR] Failed to load resource: the server responded with a status of 503 (Service Unavailable) @ http://localhost:3000/exercises/_payload.json?1788608961530:0
[   13424ms] [WARNING] [nuxt] Cannot load payload  /exercises/_payload.json?1788608961530 SyntaxError: JSON Parse error: Unrecognized token '<' @ http://localhost:3000/_nuxt/node_modules/.pnpm/nuxt@3.21.2_@emnapi+core@1.10.0_@emnapi+runtime@1.11.3_@parcel+watcher@2.5.6_@types+nod_529923af24574705ccdd3c2cb50f4411/node_modules/nuxt/dist/app/composables/payload.js?v=4a573216:81
[   14481ms] [INFO] [gymscan] 0B calls planted 24 @ http://localhost:3000/_nuxt/utils/gymscan/stage.ts:1186
