[   10612ms] [INFO] <Suspense> is an experimental feature and its API will likely change. @ http://[::1]:3000/_nuxt/node_modules/.pnpm/@vue+runtime-core@3.5.33/node_modules/@vue/runtime-core/dist/runtime-core.esm-bundler.js?v=3efe9c86:7239
[   11196ms] [LOG] %c[Vercel Web Analytics]%c Debug mode is enabled by default in development. No requests will be sent to the server. color: rgb(120, 120, 120) color: inherit @ https://va.vercel-scripts.com/v1/script.debug.js:0
[   11197ms] [LOG] %c[Vercel Web Analytics]%c Running queued event color: rgb(120, 120, 120) color: inherit pageview {route: /demo, path: /demo} @ https://va.vercel-scripts.com/v1/script.debug.js:0
[   11199ms] [LOG] %c[Vercel Web Analytics]%c [view] http://[::1]:3000/demo color: rgb(120, 120, 120) color: inherit {o: http://[::1]:3000/demo, sv: 0.1.3, sdkn: @vercel/analytics/nuxt, sdkv: 2.0.1, ts: 1788911198144} /_vercel/insights/view @ https://va.vercel-scripts.com/v1/script.debug.js:0
[   11313ms] [LOG] ✨ %cNuxt DevTools %c Press Shift + Option + D to open DevTools color: black; border-radius: 3px 0 0 3px; padding: 2px 2px 1px 10px; background: #00DC82 border-radius: 0 3px 3px 0; padding: 2px 10px 1px 2px; background: #00DC8220  @ http://[::1]:3000/_nuxt/node_modules/.pnpm/@nuxt+devtools@3.2.4_supports-color@10.2.2_vite@7.3.2_@types+node@26.1.1_jiti@2.6.1_ter_28972f42c82fd27b0e3f96c17cda5782/node_modules/@nuxt/devtools/dist/runtime/plugins/devtools.client.js?v=3efe9c86:51
[   16966ms] [INFO] [gymscan] 0B calls explode 26 @ http://[::1]:3000/_nuxt/utils/gymscan/stage.ts:1231
[   18749ms] [INFO] [gymscan] 0B calls planted 48 @ http://[::1]:3000/_nuxt/utils/gymscan/stage.ts:1235
[   57780ms] [LOG] %c[Vercel Web Analytics]%c [view] http://[::1]:3000/demo#discover color: rgb(120, 120, 120) color: inherit {o: http://[::1]:3000/demo#discover, sv: 0.1.3, sdkn: @vercel/analytics/nuxt, sdkv: 2.0.1, ts: 1788911244665} /_vercel/insights/view @ https://va.vercel-scripts.com/v1/script.debug.js:0
[  112889ms] [ERROR] WebSocket connection to 'ws://[::1]:3000/_nuxt/?token=e6MxdlOL58Vn' failed: The network connection was lost. @ :0
[  112891ms] [LOG] [vite] server connection lost. Polling for restart... @ http://[::1]:3000/_nuxt/@vite/client:864
[  115187ms] [ERROR] Failed to load resource: the server responded with a status of 503 (Service Unavailable) @ http://[::1]:3000/demo#discover:0
[  115887ms] [ERROR] Failed to load resource: the server responded with a status of 503 (Service Unavailable) @ http://[::1]:3000/demo#discover:0
[  116998ms] [ERROR] Failed to load resource: the server responded with a status of 503 (Service Unavailable) @ http://[::1]:3000/demo#discover:0
[  118157ms] [ERROR] Failed to load resource: the server responded with a status of 503 (Service Unavailable) @ http://[::1]:3000/demo#discover:0
[  119276ms] [ERROR] Failed to load resource: the server responded with a status of 503 (Service Unavailable) @ http://[::1]:3000/demo#discover:0
[  120338ms] [ERROR] Failed to load resource: the server responded with a status of 503 (Service Unavailable) @ http://[::1]:3000/demo#discover:0
[  121455ms] [ERROR] Failed to load resource: the server responded with a status of 503 (Service Unavailable) @ http://[::1]:3000/demo#discover:0
[  122472ms] [ERROR] Failed to load resource: the server responded with a status of 503 (Service Unavailable) @ http://[::1]:3000/demo#discover:0
[  123527ms] [ERROR] Failed to load resource: the server responded with a status of 503 (Service Unavailable) @ http://[::1]:3000/demo#discover:0
[  125479ms] [ERROR] Failed to load resource: the server responded with a status of 500 (Internal Server Error) @ http://[::1]:3000/demo#discover:0
[  125813ms] [ERROR] Failed to load resource: the server responded with a status of 500 (Internal Server Error) @ http://[::1]:3000/demo#discover:0
[  128898ms] [ERROR] Failed to load resource: the server responded with a status of 500 (Internal Server Error) @ http://[::1]:3000/demo#discover:0
[  132006ms] [ERROR] Failed to load resource: the server responded with a status of 500 (Internal Server Error) @ http://[::1]:3000/demo#discover:0
[  135099ms] [ERROR] Failed to load resource: the server responded with a status of 500 (Internal Server Error) @ http://[::1]:3000/demo#discover:0
[  138311ms] [ERROR] Failed to load resource: the server responded with a status of 500 (Internal Server Error) @ http://[::1]:3000/demo#discover:0
[  141424ms] [ERROR] Failed to load resource: the server responded with a status of 500 (Internal Server Error) @ http://[::1]:3000/demo#discover:0
[  144844ms] [ERROR] Failed to load resource: the server responded with a status of 500 (Internal Server Error) @ http://[::1]:3000/demo#discover:0
[  147929ms] [ERROR] Failed to load resource: the server responded with a status of 500 (Internal Server Error) @ http://[::1]:3000/demo#discover:0
[  150995ms] [ERROR] Failed to load resource: the server responded with a status of 500 (Internal Server Error) @ http://[::1]:3000/demo#discover:0
[  154079ms] [ERROR] Failed to load resource: the server responded with a status of 500 (Internal Server Error) @ http://[::1]:3000/demo#discover:0
[  157141ms] [ERROR] Failed to load resource: the server responded with a status of 500 (Internal Server Error) @ http://[::1]:3000/demo#discover:0
[  160208ms] [ERROR] Failed to load resource: the server responded with a status of 500 (Internal Server Error) @ http://[::1]:3000/demo#discover:0
[  163253ms] [ERROR] Failed to load resource: the server responded with a status of 500 (Internal Server Error) @ http://[::1]:3000/demo#discover:0
[  166312ms] [ERROR] Failed to load resource: the server responded with a status of 500 (Internal Server Error) @ http://[::1]:3000/demo#discover:0
[  169374ms] [ERROR] Failed to load resource: the server responded with a status of 500 (Internal Server Error) @ http://[::1]:3000/demo#discover:0
[  172481ms] [ERROR] Failed to load resource: the server responded with a status of 500 (Internal Server Error) @ http://[::1]:3000/demo#discover:0
[  175556ms] [ERROR] Failed to load resource: the server responded with a status of 500 (Internal Server Error) @ http://[::1]:3000/demo#discover:0
[  178639ms] [ERROR] Failed to load resource: the server responded with a status of 500 (Internal Server Error) @ http://[::1]:3000/demo#discover:0
[  181730ms] [ERROR] Failed to load resource: the server responded with a status of 500 (Internal Server Error) @ http://[::1]:3000/demo#discover:0
[  184777ms] [ERROR] Failed to load resource: Could not connect to the server. @ http://[::1]:3000/demo#discover:0
