[    1043ms] [INFO] <Suspense> is an experimental feature and its API will likely change. @ http://localhost:3001/_nuxt/node_modules/.pnpm/@vue+runtime-core@3.5.33/node_modules/@vue/runtime-core/dist/runtime-core.esm-bundler.js?v=13688f5d:7239
[    1211ms] [LOG] %c[Vercel Web Analytics]%c Debug mode is enabled by default in development. No requests will be sent to the server. color: rgb(120, 120, 120) color: inherit @ https://va.vercel-scripts.com/v1/script.debug.js:0
[    1211ms] [LOG] %c[Vercel Web Analytics]%c Running queued event color: rgb(120, 120, 120) color: inherit pageview {route: /demo, path: /demo} @ https://va.vercel-scripts.com/v1/script.debug.js:0
[    1214ms] [LOG] %c[Vercel Web Analytics]%c [view] http://localhost:3001/demo color: rgb(120, 120, 120) color: inherit {o: http://localhost:3001/demo, sv: 0.1.3, sdkn: @vercel/analytics/nuxt, sdkv: 2.0.1, ts: 1788920547650} /_vercel/insights/view @ https://va.vercel-scripts.com/v1/script.debug.js:0
[    1302ms] [LOG] ✨ %cNuxt DevTools %c Press Shift + Option + D to open DevTools color: black; border-radius: 3px 0 0 3px; padding: 2px 2px 1px 10px; background: #00DC82 border-radius: 0 3px 3px 0; padding: 2px 10px 1px 2px; background: #00DC8220  @ http://localhost:3001/_nuxt/node_modules/.pnpm/@nuxt+devtools@3.2.4_supports-color@10.2.2_vite@7.3.2_@types+node@26.1.1_jiti@2.6.1_ter_28972f42c82fd27b0e3f96c17cda5782/node_modules/@nuxt/devtools/dist/runtime/plugins/devtools.client.js?v=13688f5d:51
[    5661ms] [INFO] [gymscan] 0B calls explode 26 @ http://localhost:3001/_nuxt/utils/gymscan/stage.ts:1250
[    7451ms] [INFO] [gymscan] 0B calls planted 48 @ http://localhost:3001/_nuxt/utils/gymscan/stage.ts:1254
[    8663ms] [LOG] %c[Vercel Web Analytics]%c [view] http://localhost:3001/demo#lifters color: rgb(120, 120, 120) color: inherit {o: http://localhost:3001/demo#lifters, sv: 0.1.3, sdkn: @vercel/analytics/nuxt, sdkv: 2.0.1, ts: 1788920555097} /_vercel/insights/view @ https://va.vercel-scripts.com/v1/script.debug.js:0
[   21539ms] [LOG] %c[Vercel Web Analytics]%c [view] http://localhost:3001/demo#gyms color: rgb(120, 120, 120) color: inherit {o: http://localhost:3001/demo#gyms, sv: 0.1.3, sdkn: @vercel/analytics/nuxt, sdkv: 2.0.1, ts: 1788920567974} /_vercel/insights/view @ https://va.vercel-scripts.com/v1/script.debug.js:0
[   95813ms] [ERROR] [vite] TypeError: Importing a module script failed. @ http://localhost:3001/_nuxt/@vite/client:179
[   95813ms] [ERROR] [vite] Failed to reload /assets/css/gym-discovery.css?vue&type=style&index=0&src=true&lang.css. This could be due to syntax errors or importing non-existent modules. (see errors above) @ http://localhost:3001/_nuxt/@vite/client:180
[   95818ms] [ERROR] [vite] TypeError: Importing a module script failed. @ http://localhost:3001/_nuxt/@vite/client:179
[   95818ms] [ERROR] [vite] Failed to reload /components/gym/GymGlobeStory.vue. This could be due to syntax errors or importing non-existent modules. (see errors above) @ http://localhost:3001/_nuxt/@vite/client:180
[   96654ms] [LOG] %cssr:success%c Vite server hmr 48 files 
      background: #2ecc71;
      border-radius: 0.5em;
      color: white;
      font-weight: bold;
      padding: 2px 0.5em;
      in 131.615ms 
  at vite_node_entry_default (node_modules/.pnpm/@nuxt+vite-builder@3.21.2_@types+node@26.1.1_magicast@0.5.2_nuxt@3.21.2_@emnapi+core@1._a4b3153523cf62a7d8205505e2d0041e/node_modules/@nuxt/vite-builder/dist/vite-node-entry.mjs)
  at process.processTicksAndRejections (node:internal/process/task_queues)
  at async Object.renderToString (node_modules/.pnpm/vue-bundle-renderer@2.2.0/node_modules/vue-bundle-renderer/dist/runtime.mjs)
 @ http://localhost:3001/_nuxt/node_modules/.pnpm/consola@3.4.2/node_modules/consola/dist/browser.mjs?v=13688f5d:47
[   96689ms] [INFO] <Suspense> is an experimental feature and its API will likely change. @ http://localhost:3001/_nuxt/node_modules/.pnpm/@vue+runtime-core@3.5.33/node_modules/@vue/runtime-core/dist/runtime-core.esm-bundler.js?v=13688f5d:7239
[   96710ms] [WARNING] [Vue warn]: Hydration node mismatch:
- rendered on server: JSHandle@node  
- expected on client: div 
  at <BaseTransition mode="out-in" appear=false persisted=false  ... > 
  at <Transition name="gd-copy" mode="out-in" > 
  at <GymGlobeStory reduced=false > 
  at <GymExperience > 
  at <Demo onVnodeUnmounted=fn<onVnodeUnmounted> ref=Ref< undefined > > 
  at <RouteProvider key="/demo" vnode= {__v_isVNode: true, __v_skip: true, type: Object, props: Object, key: null} route= {fullPath: /demo#gyms, hash: #gyms, query: undefined, name: demo, path: /demo}  ... > 
  at <RouterView name=undefined route=undefined > 
  at <NuxtPage > 
  at <NuxtLayoutProvider layoutProps= {ref: RefImpl} key=undefined name=false  ... > 
  at <NuxtLayout > 
  at <App key=4 > 
  at <NuxtRoot> @ http://localhost:3001/_nuxt/node_modules/.pnpm/@vue+runtime-core@3.5.33/node_modules/@vue/runtime-core/dist/runtime-core.esm-bundler.js?v=13688f5d:49
[   96712ms] [ERROR] Hydration completed but contains mismatches. @ http://localhost:3001/_nuxt/node_modules/.pnpm/@vue+runtime-core@3.5.33/node_modules/@vue/runtime-core/dist/runtime-core.esm-bundler.js?v=13688f5d:1887
[   96713ms] [WARNING] [Vue warn]: Hydration node mismatch:
- rendered on server: JSHandle@node  
- expected on client: div 
  at <GymGlobeStory reduced=false > 
  at <GymExperience > 
  at <Demo onVnodeUnmounted=fn<onVnodeUnmounted> ref=Ref< undefined > > 
  at <RouteProvider key="/demo" vnode= {__v_isVNode: true, __v_skip: true, type: Object, props: Object, key: null} route= {fullPath: /demo#gyms, hash: #gyms, query: undefined, name: demo, path: /demo}  ... > 
  at <RouterView name=undefined route=undefined > 
  at <NuxtPage > 
  at <NuxtLayoutProvider layoutProps= {ref: RefImpl} key=undefined name=false  ... > 
  at <NuxtLayout > 
  at <App key=4 > 
  at <NuxtRoot> @ http://localhost:3001/_nuxt/node_modules/.pnpm/@vue+runtime-core@3.5.33/node_modules/@vue/runtime-core/dist/runtime-core.esm-bundler.js?v=13688f5d:49
[   96714ms] [WARNING] [Vue warn]: Hydration node mismatch:
- rendered on server: JSHandle@node  
- expected on client: Symbol(v-cmt) 
  at <GymGlobeStory reduced=false > 
  at <GymExperience > 
  at <Demo onVnodeUnmounted=fn<onVnodeUnmounted> ref=Ref< undefined > > 
  at <RouteProvider key="/demo" vnode= {__v_isVNode: true, __v_skip: true, type: Object, props: Object, key: null} route= {fullPath: /demo#gyms, hash: #gyms, query: undefined, name: demo, path: /demo}  ... > 
  at <RouterView name=undefined route=undefined > 
  at <NuxtPage > 
  at <NuxtLayoutProvider layoutProps= {ref: RefImpl} key=undefined name=false  ... > 
  at <NuxtLayout > 
  at <App key=4 > 
  at <NuxtRoot> @ http://localhost:3001/_nuxt/node_modules/.pnpm/@vue+runtime-core@3.5.33/node_modules/@vue/runtime-core/dist/runtime-core.esm-bundler.js?v=13688f5d:49
[   96714ms] [WARNING] [Vue warn]: Hydration children mismatch on JSHandle@node 
Server rendered element contains more child nodes than client vdom. 
  at <GymGlobeStory reduced=false > 
  at <GymExperience > 
  at <Demo onVnodeUnmounted=fn<onVnodeUnmounted> ref=Ref< undefined > > 
  at <RouteProvider key="/demo" vnode= {__v_isVNode: true, __v_skip: true, type: Object, props: Object, key: null} route= {fullPath: /demo#gyms, hash: #gyms, query: undefined, name: demo, path: /demo}  ... > 
  at <RouterView name=undefined route=undefined > 
  at <NuxtPage > 
  at <NuxtLayoutProvider layoutProps= {ref: RefImpl} key=undefined name=false  ... > 
  at <NuxtLayout > 
  at <App key=4 > 
  at <NuxtRoot> @ http://localhost:3001/_nuxt/node_modules/.pnpm/@vue+runtime-core@3.5.33/node_modules/@vue/runtime-core/dist/runtime-core.esm-bundler.js?v=13688f5d:49
[   96841ms] [LOG] %c[Vercel Web Analytics]%c Debug mode is enabled by default in development. No requests will be sent to the server. color: rgb(120, 120, 120) color: inherit @ https://va.vercel-scripts.com/v1/script.debug.js:0
[   96841ms] [LOG] %c[Vercel Web Analytics]%c Running queued event color: rgb(120, 120, 120) color: inherit pageview {route: /demo, path: /demo} @ https://va.vercel-scripts.com/v1/script.debug.js:0
[   96841ms] [LOG] %c[Vercel Web Analytics]%c [view] http://localhost:3001/demo#gyms color: rgb(120, 120, 120) color: inherit {o: http://localhost:3001/demo#gyms, sv: 0.1.3, sdkn: @vercel/analytics/nuxt, sdkv: 2.0.1, ts: 1788920643278} /_vercel/insights/view @ https://va.vercel-scripts.com/v1/script.debug.js:0
[   96874ms] [LOG] ✨ %cNuxt DevTools %c Press Shift + Option + D to open DevTools color: black; border-radius: 3px 0 0 3px; padding: 2px 2px 1px 10px; background: #00DC82 border-radius: 0 3px 3px 0; padding: 2px 10px 1px 2px; background: #00DC8220  @ http://localhost:3001/_nuxt/node_modules/.pnpm/@nuxt+devtools@3.2.4_supports-color@10.2.2_vite@7.3.2_@types+node@26.1.1_jiti@2.6.1_ter_28972f42c82fd27b0e3f96c17cda5782/node_modules/@nuxt/devtools/dist/runtime/plugins/devtools.client.js?v=13688f5d:51
[   98377ms] [INFO] [gymscan] 0B calls planted 57 @ http://localhost:3001/_nuxt/utils/gymscan/stage.ts:1254
[  609298ms] [INFO] [gymscan] 0B calls explode 8 @ http://localhost:3001/_nuxt/utils/gymscan/stage.ts?t=1788921153000:1250
[  609385ms] [INFO] [gymscan] 0B calls planted 37 @ http://localhost:3001/_nuxt/utils/gymscan/stage.ts?t=1788921153000:1254
[  654808ms] [INFO] [gymscan] 0B calls explode 36 @ http://localhost:3001/_nuxt/utils/gymscan/stage.ts?t=1788921199874:1250
[  654933ms] [INFO] [gymscan] 0B calls planted 37 @ http://localhost:3001/_nuxt/utils/gymscan/stage.ts?t=1788921199874:1254
[  667120ms] [INFO] [gymscan] 0B calls explode 36 @ http://localhost:3001/_nuxt/utils/gymscan/stage.ts?t=1788921212195:1252
[  667187ms] [INFO] [gymscan] 0B calls planted 37 @ http://localhost:3001/_nuxt/utils/gymscan/stage.ts?t=1788921212195:1256
[  690472ms] [INFO] [gymscan] 0B calls explode 36 @ http://localhost:3001/_nuxt/utils/gymscan/stage.ts?t=1788921235080:1252
[  690639ms] [INFO] [gymscan] 0B calls planted 37 @ http://localhost:3001/_nuxt/utils/gymscan/stage.ts?t=1788921235080:1256
[  695888ms] [INFO] [gymscan] 0B calls planted 57 @ http://localhost:3001/_nuxt/utils/gymscan/stage.ts?t=1788921241086:1271
[  708270ms] [ERROR] WebSocket connection to 'ws://localhost:3001/_nuxt/?token=QhCvPFX1H9VK' failed: The network connection was lost. @ :0
[  708271ms] [LOG] [vite] server connection lost. Polling for restart... @ http://localhost:3001/_nuxt/@vite/client:864
[  709522ms] [ERROR] Failed to load resource: the server responded with a status of 503 (Service Unavailable) @ http://localhost:3001/demo#gyms:0
[  709787ms] [ERROR] Failed to load resource: the server responded with a status of 503 (Service Unavailable) @ http://localhost:3001/demo#gyms:0
[  710915ms] [ERROR] Failed to load resource: the server responded with a status of 503 (Service Unavailable) @ http://localhost:3001/demo#gyms:0
[  715393ms] [INFO] <Suspense> is an experimental feature and its API will likely change. @ http://localhost:3001/_nuxt/node_modules/.pnpm/@vue+runtime-core@3.5.33/node_modules/@vue/runtime-core/dist/runtime-core.esm-bundler.js?v=13688f5d:7239
[  715414ms] [WARNING] [Vue warn]: Hydration node mismatch:
- rendered on server: JSHandle@node  
- expected on client: div 
  at <GymCoachingStory reduced=false enhanced=false custom-error=0  ... > 
  at <GymExperience > 
  at <Demo onVnodeUnmounted=fn<onVnodeUnmounted> ref=Ref< undefined > > 
  at <RouteProvider key="/demo" vnode= {__v_isVNode: true, __v_skip: true, type: Object, props: Object, key: null} route= {fullPath: /demo#gyms, hash: #gyms, query: undefined, name: demo, path: /demo}  ... > 
  at <RouterView name=undefined route=undefined > 
  at <NuxtPage > 
  at <NuxtLayoutProvider layoutProps= {ref: RefImpl} key=undefined name=false  ... > 
  at <NuxtLayout > 
  at <App key=4 > 
  at <NuxtRoot> @ http://localhost:3001/_nuxt/node_modules/.pnpm/@vue+runtime-core@3.5.33/node_modules/@vue/runtime-core/dist/runtime-core.esm-bundler.js?v=13688f5d:49
[  715415ms] [ERROR] Hydration completed but contains mismatches. @ http://localhost:3001/_nuxt/node_modules/.pnpm/@vue+runtime-core@3.5.33/node_modules/@vue/runtime-core/dist/runtime-core.esm-bundler.js?v=13688f5d:1887
[  715418ms] [WARNING] [Vue warn]: Hydration node mismatch:
- rendered on server: JSHandle@node  
- expected on client: Symbol(v-cmt) 
  at <GymCoachingStory reduced=false enhanced=false custom-error=0  ... > 
  at <GymExperience > 
  at <Demo onVnodeUnmounted=fn<onVnodeUnmounted> ref=Ref< undefined > > 
  at <RouteProvider key="/demo" vnode= {__v_isVNode: true, __v_skip: true, type: Object, props: Object, key: null} route= {fullPath: /demo#gyms, hash: #gyms, query: undefined, name: demo, path: /demo}  ... > 
  at <RouterView name=undefined route=undefined > 
  at <NuxtPage > 
  at <NuxtLayoutProvider layoutProps= {ref: RefImpl} key=undefined name=false  ... > 
  at <NuxtLayout > 
  at <App key=4 > 
  at <NuxtRoot> @ http://localhost:3001/_nuxt/node_modules/.pnpm/@vue+runtime-core@3.5.33/node_modules/@vue/runtime-core/dist/runtime-core.esm-bundler.js?v=13688f5d:49
[  715418ms] [WARNING] [Vue warn]: Hydration children mismatch on JSHandle@node 
Server rendered element contains more child nodes than client vdom. 
  at <GymCoachingStory reduced=false enhanced=false custom-error=0  ... > 
  at <GymExperience > 
  at <Demo onVnodeUnmounted=fn<onVnodeUnmounted> ref=Ref< undefined > > 
  at <RouteProvider key="/demo" vnode= {__v_isVNode: true, __v_skip: true, type: Object, props: Object, key: null} route= {fullPath: /demo#gyms, hash: #gyms, query: undefined, name: demo, path: /demo}  ... > 
  at <RouterView name=undefined route=undefined > 
  at <NuxtPage > 
  at <NuxtLayoutProvider layoutProps= {ref: RefImpl} key=undefined name=false  ... > 
  at <NuxtLayout > 
  at <App key=4 > 
  at <NuxtRoot> @ http://localhost:3001/_nuxt/node_modules/.pnpm/@vue+runtime-core@3.5.33/node_modules/@vue/runtime-core/dist/runtime-core.esm-bundler.js?v=13688f5d:49
[  715614ms] [LOG] %c[Vercel Web Analytics]%c Debug mode is enabled by default in development. No requests will be sent to the server. color: rgb(120, 120, 120) color: inherit @ https://va.vercel-scripts.com/v1/script.debug.js:0
[  715614ms] [LOG] %c[Vercel Web Analytics]%c Running queued event color: rgb(120, 120, 120) color: inherit pageview {route: /demo, path: /demo} @ https://va.vercel-scripts.com/v1/script.debug.js:0
[  715615ms] [LOG] %c[Vercel Web Analytics]%c [view] http://localhost:3001/demo#gyms color: rgb(120, 120, 120) color: inherit {o: http://localhost:3001/demo#gyms, sv: 0.1.3, sdkn: @vercel/analytics/nuxt, sdkv: 2.0.1, ts: 1788921262051} /_vercel/insights/view @ https://va.vercel-scripts.com/v1/script.debug.js:0
[  715692ms] [LOG] ✨ %cNuxt DevTools %c Press Shift + Option + D to open DevTools color: black; border-radius: 3px 0 0 3px; padding: 2px 2px 1px 10px; background: #00DC82 border-radius: 0 3px 3px 0; padding: 2px 10px 1px 2px; background: #00DC8220  @ http://localhost:3001/_nuxt/node_modules/.pnpm/@nuxt+devtools@3.2.4_supports-color@10.2.2_vite@7.3.2_@types+node@26.1.1_jiti@2.6.1_ter_28972f42c82fd27b0e3f96c17cda5782/node_modules/@nuxt/devtools/dist/runtime/plugins/devtools.client.js?v=13688f5d:51
[  717761ms] [INFO] [gymscan] 0B calls planted 57 @ http://localhost:3001/_nuxt/utils/gymscan/stage.ts:1271
[  718268ms] [WARNING] [nuxt] Cannot load payload  /_payload.json?1788921262076 TypeError: Load failed @ http://localhost:3001/_nuxt/node_modules/.pnpm/nuxt@3.21.2_@emnapi+core@1.10.0_@emnapi+runtime@1.11.3_@parcel+watcher@2.5.6_@types+nod_529923af24574705ccdd3c2cb50f4411/node_modules/nuxt/dist/app/composables/payload.js?v=13688f5d:81
[  720404ms] [INFO] <Suspense> is an experimental feature and its API will likely change. @ http://localhost:3001/_nuxt/node_modules/.pnpm/@vue+runtime-core@3.5.33/node_modules/@vue/runtime-core/dist/runtime-core.esm-bundler.js?v=13688f5d:7239
[  720556ms] [LOG] %c[Vercel Web Analytics]%c Debug mode is enabled by default in development. No requests will be sent to the server. color: rgb(120, 120, 120) color: inherit @ https://va.vercel-scripts.com/v1/script.debug.js:0
[  720556ms] [LOG] %c[Vercel Web Analytics]%c Running queued event color: rgb(120, 120, 120) color: inherit pageview {route: /demo, path: /demo} @ https://va.vercel-scripts.com/v1/script.debug.js:0
[  720557ms] [LOG] %c[Vercel Web Analytics]%c [view] http://localhost:3001/demo#gyms color: rgb(120, 120, 120) color: inherit {o: http://localhost:3001/demo#gyms, sv: 0.1.3, sdkn: @vercel/analytics/nuxt, sdkv: 2.0.1, ts: 1788921266994} /_vercel/insights/view @ https://va.vercel-scripts.com/v1/script.debug.js:0
[  720629ms] [LOG] ✨ %cNuxt DevTools %c Press Shift + Option + D to open DevTools color: black; border-radius: 3px 0 0 3px; padding: 2px 2px 1px 10px; background: #00DC82 border-radius: 0 3px 3px 0; padding: 2px 10px 1px 2px; background: #00DC8220  @ http://localhost:3001/_nuxt/node_modules/.pnpm/@nuxt+devtools@3.2.4_supports-color@10.2.2_vite@7.3.2_@types+node@26.1.1_jiti@2.6.1_ter_28972f42c82fd27b0e3f96c17cda5782/node_modules/@nuxt/devtools/dist/runtime/plugins/devtools.client.js?v=13688f5d:51
[  723332ms] [INFO] [gymscan] 0B calls explode 8 @ http://localhost:3001/_nuxt/utils/gymscan/stage.ts:1267
[  723615ms] [INFO] [gymscan] 0B calls planted 37 @ http://localhost:3001/_nuxt/utils/gymscan/stage.ts:1271
[  727296ms] [ERROR] WebSocket connection to 'ws://localhost:3001/_nuxt/?token=8YX2RV2B2vzg' failed: The network connection was lost. @ :0
[  727297ms] [LOG] [vite] server connection lost. Polling for restart... @ http://localhost:3001/_nuxt/@vite/client:864
[  729270ms] [ERROR] Failed to load resource: the server responded with a status of 503 (Service Unavailable) @ http://localhost:3001/demo#gyms:0
[  729433ms] [ERROR] Failed to load resource: the server responded with a status of 503 (Service Unavailable) @ http://localhost:3001/demo#gyms:0
[  730443ms] [ERROR] Failed to load resource: the server responded with a status of 503 (Service Unavailable) @ http://localhost:3001/demo#gyms:0
[  735636ms] [INFO] <Suspense> is an experimental feature and its API will likely change. @ http://localhost:3001/_nuxt/node_modules/.pnpm/@vue+runtime-core@3.5.33/node_modules/@vue/runtime-core/dist/runtime-core.esm-bundler.js?v=13688f5d:7239
[  736377ms] [LOG] %c[Vercel Web Analytics]%c Debug mode is enabled by default in development. No requests will be sent to the server. color: rgb(120, 120, 120) color: inherit @ https://va.vercel-scripts.com/v1/script.debug.js:0
[  736377ms] [LOG] %c[Vercel Web Analytics]%c Running queued event color: rgb(120, 120, 120) color: inherit pageview {route: /demo, path: /demo} @ https://va.vercel-scripts.com/v1/script.debug.js:0
[  736389ms] [LOG] %c[Vercel Web Analytics]%c [view] http://localhost:3001/demo#gyms color: rgb(120, 120, 120) color: inherit {o: http://localhost:3001/demo#gyms, sv: 0.1.3, sdkn: @vercel/analytics/nuxt, sdkv: 2.0.1, ts: 1788921282825} /_vercel/insights/view @ https://va.vercel-scripts.com/v1/script.debug.js:0
[  736621ms] [LOG] ✨ %cNuxt DevTools %c Press Shift + Option + D to open DevTools color: black; border-radius: 3px 0 0 3px; padding: 2px 2px 1px 10px; background: #00DC82 border-radius: 0 3px 3px 0; padding: 2px 10px 1px 2px; background: #00DC8220  @ http://localhost:3001/_nuxt/node_modules/.pnpm/@nuxt+devtools@3.2.4_supports-color@10.2.2_vite@7.3.2_@types+node@26.1.1_jiti@2.6.1_ter_28972f42c82fd27b0e3f96c17cda5782/node_modules/@nuxt/devtools/dist/runtime/plugins/devtools.client.js?v=13688f5d:51
[  736627ms] [WARNING] [nuxt] Cannot load payload  /_payload.json?1788921282912 TypeError: Load failed @ http://localhost:3001/_nuxt/node_modules/.pnpm/nuxt@3.21.2_@emnapi+core@1.10.0_@emnapi+runtime@1.11.3_@parcel+watcher@2.5.6_@types+nod_529923af24574705ccdd3c2cb50f4411/node_modules/nuxt/dist/app/composables/payload.js?v=13688f5d:81
[  739038ms] [INFO] <Suspense> is an experimental feature and its API will likely change. @ http://localhost:3001/_nuxt/node_modules/.pnpm/@vue+runtime-core@3.5.33/node_modules/@vue/runtime-core/dist/runtime-core.esm-bundler.js?v=13688f5d:7239
[  739331ms] [LOG] %c[Vercel Web Analytics]%c Debug mode is enabled by default in development. No requests will be sent to the server. color: rgb(120, 120, 120) color: inherit @ https://va.vercel-scripts.com/v1/script.debug.js:0
[  739331ms] [LOG] %c[Vercel Web Analytics]%c Running queued event color: rgb(120, 120, 120) color: inherit pageview {route: /demo, path: /demo} @ https://va.vercel-scripts.com/v1/script.debug.js:0
[  739333ms] [LOG] %c[Vercel Web Analytics]%c [view] http://localhost:3001/demo#gyms color: rgb(120, 120, 120) color: inherit {o: http://localhost:3001/demo#gyms, sv: 0.1.3, sdkn: @vercel/analytics/nuxt, sdkv: 2.0.1, ts: 1788921285769} /_vercel/insights/view @ https://va.vercel-scripts.com/v1/script.debug.js:0
[  739416ms] [LOG] ✨ %cNuxt DevTools %c Press Shift + Option + D to open DevTools color: black; border-radius: 3px 0 0 3px; padding: 2px 2px 1px 10px; background: #00DC82 border-radius: 0 3px 3px 0; padding: 2px 10px 1px 2px; background: #00DC8220  @ http://localhost:3001/_nuxt/node_modules/.pnpm/@nuxt+devtools@3.2.4_supports-color@10.2.2_vite@7.3.2_@types+node@26.1.1_jiti@2.6.1_ter_28972f42c82fd27b0e3f96c17cda5782/node_modules/@nuxt/devtools/dist/runtime/plugins/devtools.client.js?v=13688f5d:51
[  741494ms] [INFO] [gymscan] 0B calls planted 27 @ http://localhost:3001/_nuxt/utils/gymscan/stage.ts:1271
[  788465ms] [ERROR] WebSocket connection to 'ws://localhost:3001/_nuxt/?token=y67UVh1I2Zoj' failed: The network connection was lost. @ :0
[  788465ms] [LOG] [vite] server connection lost. Polling for restart... @ http://localhost:3001/_nuxt/@vite/client:864
[  789685ms] [ERROR] Failed to load resource: the server responded with a status of 503 (Service Unavailable) @ http://localhost:3001/demo#gyms:0
[  789847ms] [ERROR] Failed to load resource: the server responded with a status of 503 (Service Unavailable) @ http://localhost:3001/demo#gyms:0
[  791007ms] [ERROR] Failed to load resource: the server responded with a status of 503 (Service Unavailable) @ http://localhost:3001/demo#gyms:0
[  794790ms] [INFO] <Suspense> is an experimental feature and its API will likely change. @ http://localhost:3001/_nuxt/node_modules/.pnpm/@vue+runtime-core@3.5.33/node_modules/@vue/runtime-core/dist/runtime-core.esm-bundler.js?v=13688f5d:7239
[  794938ms] [LOG] %c[Vercel Web Analytics]%c Debug mode is enabled by default in development. No requests will be sent to the server. color: rgb(120, 120, 120) color: inherit @ https://va.vercel-scripts.com/v1/script.debug.js:0
[  794938ms] [LOG] %c[Vercel Web Analytics]%c Running queued event color: rgb(120, 120, 120) color: inherit pageview {route: /demo, path: /demo} @ https://va.vercel-scripts.com/v1/script.debug.js:0
[  794939ms] [LOG] %c[Vercel Web Analytics]%c [view] http://localhost:3001/demo#gyms color: rgb(120, 120, 120) color: inherit {o: http://localhost:3001/demo#gyms, sv: 0.1.3, sdkn: @vercel/analytics/nuxt, sdkv: 2.0.1, ts: 1788921341375} /_vercel/insights/view @ https://va.vercel-scripts.com/v1/script.debug.js:0
[  794953ms] [LOG] ✨ %cNuxt DevTools %c Press Shift + Option + D to open DevTools color: black; border-radius: 3px 0 0 3px; padding: 2px 2px 1px 10px; background: #00DC82 border-radius: 0 3px 3px 0; padding: 2px 10px 1px 2px; background: #00DC8220  @ http://localhost:3001/_nuxt/node_modules/.pnpm/@nuxt+devtools@3.2.4_supports-color@10.2.2_vite@7.3.2_@types+node@26.1.1_jiti@2.6.1_ter_28972f42c82fd27b0e3f96c17cda5782/node_modules/@nuxt/devtools/dist/runtime/plugins/devtools.client.js?v=13688f5d:51
[  796927ms] [INFO] [gymscan] 0B calls planted 57 @ http://localhost:3001/_nuxt/utils/gymscan/stage.ts:1271
[  800377ms] [ERROR] WebSocket connection to 'ws://localhost:3001/_nuxt/?token=xqTF6xxCKvZP' failed: The network connection was lost. @ :0
[  800377ms] [LOG] [vite] server connection lost. Polling for restart... @ http://localhost:3001/_nuxt/@vite/client:864
[  801585ms] [ERROR] Failed to load resource: the server responded with a status of 503 (Service Unavailable) @ http://localhost:3001/demo#gyms:0
[  801666ms] [ERROR] Failed to load resource: the server responded with a status of 503 (Service Unavailable) @ http://localhost:3001/demo#gyms:0
[  802690ms] [ERROR] Failed to load resource: the server responded with a status of 503 (Service Unavailable) @ http://localhost:3001/demo#gyms:0
[  806630ms] [INFO] <Suspense> is an experimental feature and its API will likely change. @ http://localhost:3001/_nuxt/node_modules/.pnpm/@vue+runtime-core@3.5.33/node_modules/@vue/runtime-core/dist/runtime-core.esm-bundler.js?v=13688f5d:7239
[  806755ms] [LOG] %c[Vercel Web Analytics]%c Debug mode is enabled by default in development. No requests will be sent to the server. color: rgb(120, 120, 120) color: inherit @ https://va.vercel-scripts.com/v1/script.debug.js:0
[  806756ms] [LOG] %c[Vercel Web Analytics]%c Running queued event color: rgb(120, 120, 120) color: inherit pageview {route: /demo, path: /demo} @ https://va.vercel-scripts.com/v1/script.debug.js:0
[  806757ms] [LOG] %c[Vercel Web Analytics]%c [view] http://localhost:3001/demo#gyms color: rgb(120, 120, 120) color: inherit {o: http://localhost:3001/demo#gyms, sv: 0.1.3, sdkn: @vercel/analytics/nuxt, sdkv: 2.0.1, ts: 1788921353193} /_vercel/insights/view @ https://va.vercel-scripts.com/v1/script.debug.js:0
[  806800ms] [LOG] ✨ %cNuxt DevTools %c Press Shift + Option + D to open DevTools color: black; border-radius: 3px 0 0 3px; padding: 2px 2px 1px 10px; background: #00DC82 border-radius: 0 3px 3px 0; padding: 2px 10px 1px 2px; background: #00DC8220  @ http://localhost:3001/_nuxt/node_modules/.pnpm/@nuxt+devtools@3.2.4_supports-color@10.2.2_vite@7.3.2_@types+node@26.1.1_jiti@2.6.1_ter_28972f42c82fd27b0e3f96c17cda5782/node_modules/@nuxt/devtools/dist/runtime/plugins/devtools.client.js?v=13688f5d:51
[  809292ms] [INFO] [gymscan] 0B calls explode 36 @ http://localhost:3001/_nuxt/utils/gymscan/stage.ts:1267
[  809798ms] [INFO] [gymscan] 0B calls planted 37 @ http://localhost:3001/_nuxt/utils/gymscan/stage.ts:1271
[  816167ms] [INFO] [gymscan] 0B calls planted 57 @ http://localhost:3001/_nuxt/utils/gymscan/stage.ts?t=1788921359386:1271
[  816291ms] [WARNING] [nuxt] Cannot load payload  /_payload.json?1788921353249 TypeError: Load failed @ http://localhost:3001/_nuxt/node_modules/.pnpm/nuxt@3.21.2_@emnapi+core@1.10.0_@emnapi+runtime@1.11.3_@parcel+watcher@2.5.6_@types+nod_529923af24574705ccdd3c2cb50f4411/node_modules/nuxt/dist/app/composables/payload.js?v=13688f5d:81
[  819178ms] [INFO] <Suspense> is an experimental feature and its API will likely change. @ http://localhost:3001/_nuxt/node_modules/.pnpm/@vue+runtime-core@3.5.33/node_modules/@vue/runtime-core/dist/runtime-core.esm-bundler.js?v=13688f5d:7239
[  819404ms] [LOG] %c[Vercel Web Analytics]%c Debug mode is enabled by default in development. No requests will be sent to the server. color: rgb(120, 120, 120) color: inherit @ https://va.vercel-scripts.com/v1/script.debug.js:0
[  819404ms] [LOG] %c[Vercel Web Analytics]%c Running queued event color: rgb(120, 120, 120) color: inherit pageview {route: /demo, path: /demo} @ https://va.vercel-scripts.com/v1/script.debug.js:0
[  819404ms] [LOG] %c[Vercel Web Analytics]%c [view] http://localhost:3001/demo#gyms color: rgb(120, 120, 120) color: inherit {o: http://localhost:3001/demo#gyms, sv: 0.1.3, sdkn: @vercel/analytics/nuxt, sdkv: 2.0.1, ts: 1788921365841} /_vercel/insights/view @ https://va.vercel-scripts.com/v1/script.debug.js:0
[  819432ms] [LOG] ✨ %cNuxt DevTools %c Press Shift + Option + D to open DevTools color: black; border-radius: 3px 0 0 3px; padding: 2px 2px 1px 10px; background: #00DC82 border-radius: 0 3px 3px 0; padding: 2px 10px 1px 2px; background: #00DC8220  @ http://localhost:3001/_nuxt/node_modules/.pnpm/@nuxt+devtools@3.2.4_supports-color@10.2.2_vite@7.3.2_@types+node@26.1.1_jiti@2.6.1_ter_28972f42c82fd27b0e3f96c17cda5782/node_modules/@nuxt/devtools/dist/runtime/plugins/devtools.client.js?v=13688f5d:51
[  822538ms] [INFO] [gymscan] 0B calls planted 57 @ http://localhost:3001/_nuxt/utils/gymscan/stage.ts?t=1788921359386:1271
[  862437ms] [INFO] [gymscan] 0B calls planted 57 @ http://localhost:3001/_nuxt/utils/gymscan/stage.ts?t=1788921407820:1271
[  881579ms] [INFO] <Suspense> is an experimental feature and its API will likely change. @ http://localhost:3001/_nuxt/node_modules/.pnpm/@vue+runtime-core@3.5.33/node_modules/@vue/runtime-core/dist/runtime-core.esm-bundler.js?v=13688f5d:7239
[  881738ms] [LOG] %c[Vercel Web Analytics]%c Debug mode is enabled by default in development. No requests will be sent to the server. color: rgb(120, 120, 120) color: inherit @ https://va.vercel-scripts.com/v1/script.debug.js:0
[  881738ms] [LOG] %c[Vercel Web Analytics]%c Running queued event color: rgb(120, 120, 120) color: inherit pageview {route: /demo, path: /demo} @ https://va.vercel-scripts.com/v1/script.debug.js:0
[  881739ms] [LOG] %c[Vercel Web Analytics]%c [view] http://localhost:3001/demo#gyms color: rgb(120, 120, 120) color: inherit {o: http://localhost:3001/demo#gyms, sv: 0.1.3, sdkn: @vercel/analytics/nuxt, sdkv: 2.0.1, ts: 1788921428176} /_vercel/insights/view @ https://va.vercel-scripts.com/v1/script.debug.js:0
[  881767ms] [LOG] ✨ %cNuxt DevTools %c Press Shift + Option + D to open DevTools color: black; border-radius: 3px 0 0 3px; padding: 2px 2px 1px 10px; background: #00DC82 border-radius: 0 3px 3px 0; padding: 2px 10px 1px 2px; background: #00DC8220  @ http://localhost:3001/_nuxt/node_modules/.pnpm/@nuxt+devtools@3.2.4_supports-color@10.2.2_vite@7.3.2_@types+node@26.1.1_jiti@2.6.1_ter_28972f42c82fd27b0e3f96c17cda5782/node_modules/@nuxt/devtools/dist/runtime/plugins/devtools.client.js?v=13688f5d:51
[  883303ms] [INFO] [gymscan] 0B calls planted 57 @ http://localhost:3001/_nuxt/utils/gymscan/stage.ts?t=1788921407820:1271
