[    2482ms] [INFO] <Suspense> is an experimental feature and its API will likely change. @ http://localhost:3000/_nuxt/node_modules/.pnpm/@vue+runtime-core@3.5.33/node_modules/@vue/runtime-core/dist/runtime-core.esm-bundler.js?v=4a573216:7239
[    2660ms] [LOG] %c[Vercel Web Analytics]%c Debug mode is enabled by default in development. No requests will be sent to the server. color: rgb(120, 120, 120) color: inherit @ https://va.vercel-scripts.com/v1/script.debug.js:0
[    2660ms] [LOG] %c[Vercel Web Analytics]%c Running queued event color: rgb(120, 120, 120) color: inherit pageview {route: /demo, path: /demo} @ https://va.vercel-scripts.com/v1/script.debug.js:0
[    2663ms] [LOG] %c[Vercel Web Analytics]%c [view] http://localhost:3000/demo color: rgb(120, 120, 120) color: inherit {o: http://localhost:3000/demo, sv: 0.1.3, sdkn: @vercel/analytics/nuxt, sdkv: 2.0.1, ts: 1788609346465} /_vercel/insights/view @ https://va.vercel-scripts.com/v1/script.debug.js:0
[    2806ms] [LOG] ✨ %cNuxt DevTools %c Press Shift + Option + D to open DevTools color: black; border-radius: 3px 0 0 3px; padding: 2px 2px 1px 10px; background: #00DC82 border-radius: 0 3px 3px 0; padding: 2px 10px 1px 2px; background: #00DC8220  @ http://localhost:3000/_nuxt/node_modules/.pnpm/@nuxt+devtools@3.2.4_supports-color@10.2.2_vite@7.3.2_@types+node@26.1.1_jiti@2.6.1_ter_28972f42c82fd27b0e3f96c17cda5782/node_modules/@nuxt/devtools/dist/runtime/plugins/devtools.client.js?v=4a573216:51
[   20354ms] [INFO] [gymscan] 0B calls explode 26 @ http://localhost:3000/_nuxt/utils/gymscan/stage.ts?t=1788609323008:1217
[   22324ms] [INFO] [gymscan] 0B calls planted 48 @ http://localhost:3000/_nuxt/utils/gymscan/stage.ts?t=1788609323008:1221
[   39682ms] [ERROR] WebSocket connection to 'ws://localhost:3000/_nuxt/?token=wO9pbf7RDCTW' failed: The network connection was lost. @ :0
[   39683ms] [LOG] [vite] server connection lost. Polling for restart... @ http://localhost:3000/_nuxt/@vite/client:864
[   43764ms] [ERROR] Failed to load resource: the server responded with a status of 503 (Service Unavailable) @ http://localhost:3000/demo:0
[   43911ms] [ERROR] Failed to load resource: the server responded with a status of 503 (Service Unavailable) @ http://localhost:3000/demo:0
[   45103ms] [ERROR] Failed to load resource: the server responded with a status of 503 (Service Unavailable) @ http://localhost:3000/demo:0
[   46117ms] [ERROR] Failed to load resource: the server responded with a status of 503 (Service Unavailable) @ http://localhost:3000/demo:0
[   52060ms] [INFO] <Suspense> is an experimental feature and its API will likely change. @ http://localhost:3000/_nuxt/node_modules/.pnpm/@vue+runtime-core@3.5.33/node_modules/@vue/runtime-core/dist/runtime-core.esm-bundler.js?v=4a573216:7239
[   52181ms] [LOG] %c[Vercel Web Analytics]%c Debug mode is enabled by default in development. No requests will be sent to the server. color: rgb(120, 120, 120) color: inherit @ https://va.vercel-scripts.com/v1/script.debug.js:0
[   52181ms] [LOG] %c[Vercel Web Analytics]%c Running queued event color: rgb(120, 120, 120) color: inherit pageview {route: /demo, path: /demo} @ https://va.vercel-scripts.com/v1/script.debug.js:0
[   52182ms] [LOG] %c[Vercel Web Analytics]%c [view] http://localhost:3000/demo color: rgb(120, 120, 120) color: inherit {o: http://localhost:3000/demo, sv: 0.1.3, sdkn: @vercel/analytics/nuxt, sdkv: 2.0.1, ts: 1788609395985} /_vercel/insights/view @ https://va.vercel-scripts.com/v1/script.debug.js:0
[   52296ms] [LOG] ✨ %cNuxt DevTools %c Press Shift + Option + D to open DevTools color: black; border-radius: 3px 0 0 3px; padding: 2px 2px 1px 10px; background: #00DC82 border-radius: 0 3px 3px 0; padding: 2px 10px 1px 2px; background: #00DC8220  @ http://localhost:3000/_nuxt/node_modules/.pnpm/@nuxt+devtools@3.2.4_supports-color@10.2.2_vite@7.3.2_@types+node@26.1.1_jiti@2.6.1_ter_28972f42c82fd27b0e3f96c17cda5782/node_modules/@nuxt/devtools/dist/runtime/plugins/devtools.client.js?v=4a573216:51
[   56992ms] [INFO] [gymscan] 0B calls explode 26 @ http://localhost:3000/_nuxt/utils/gymscan/stage.ts:1217
[   58783ms] [INFO] [gymscan] 0B calls planted 48 @ http://localhost:3000/_nuxt/utils/gymscan/stage.ts:1221
[   62830ms] [ERROR] WebSocket connection to 'ws://localhost:3000/_nuxt/?token=fzbnzvPvSRHP' failed: The network connection was lost. @ :0
[   62831ms] [LOG] [vite] server connection lost. Polling for restart... @ http://localhost:3000/_nuxt/@vite/client:864
[   96772ms] [ERROR] Failed to load resource: Could not connect to the server. @ http://localhost:3000/demo:0
[   97181ms] [ERROR] Failed to load resource: Could not connect to the server. @ http://localhost:3000/demo:0
[   97588ms] [ERROR] Failed to load resource: Could not connect to the server. @ http://localhost:3000/demo:0
[   97994ms] [ERROR] Failed to load resource: Could not connect to the server. @ http://localhost:3000/demo:0
[   98398ms] [ERROR] Failed to load resource: Could not connect to the server. @ http://localhost:3000/demo:0
[   98803ms] [ERROR] Failed to load resource: Could not connect to the server. @ http://localhost:3000/demo:0
[   99210ms] [ERROR] Failed to load resource: Could not connect to the server. @ http://localhost:3000/demo:0
[   99613ms] [ERROR] Failed to load resource: Could not connect to the server. @ http://localhost:3000/demo:0
[  100017ms] [ERROR] Failed to load resource: Could not connect to the server. @ http://localhost:3000/demo:0
[  100423ms] [ERROR] Failed to load resource: Could not connect to the server. @ http://localhost:3000/demo:0
[  100828ms] [ERROR] Failed to load resource: Could not connect to the server. @ http://localhost:3000/demo:0
[  112090ms] Fetch API cannot load http://localhost:3000/demo due to access control checks.
    at unknown (:5:30)
[  121827ms] [INFO] <Suspense> is an experimental feature and its API will likely change. @ http://localhost:3000/_nuxt/node_modules/.pnpm/@vue+runtime-core@3.5.33/node_modules/@vue/runtime-core/dist/runtime-core.esm-bundler.js?v=4a573216:7239
[  122057ms] [LOG] %c[Vercel Web Analytics]%c Debug mode is enabled by default in development. No requests will be sent to the server. color: rgb(120, 120, 120) color: inherit @ https://va.vercel-scripts.com/v1/script.debug.js:0
[  122057ms] [LOG] %c[Vercel Web Analytics]%c Running queued event color: rgb(120, 120, 120) color: inherit pageview {route: /demo, path: /demo} @ https://va.vercel-scripts.com/v1/script.debug.js:0
[  122063ms] [LOG] %c[Vercel Web Analytics]%c [view] http://localhost:3000/demo color: rgb(120, 120, 120) color: inherit {o: http://localhost:3000/demo, sv: 0.1.3, sdkn: @vercel/analytics/nuxt, sdkv: 2.0.1, ts: 1788609465866} /_vercel/insights/view @ https://va.vercel-scripts.com/v1/script.debug.js:0
[  122256ms] [LOG] ✨ %cNuxt DevTools %c Press Shift + Option + D to open DevTools color: black; border-radius: 3px 0 0 3px; padding: 2px 2px 1px 10px; background: #00DC82 border-radius: 0 3px 3px 0; padding: 2px 10px 1px 2px; background: #00DC8220  @ http://localhost:3000/_nuxt/node_modules/.pnpm/@nuxt+devtools@3.2.4_supports-color@10.2.2_vite@7.3.2_@types+node@26.1.1_jiti@2.6.1_ter_28972f42c82fd27b0e3f96c17cda5782/node_modules/@nuxt/devtools/dist/runtime/plugins/devtools.client.js?v=4a573216:51
[  127225ms] [WARNING] [nuxt] Cannot load payload  /pricing/_payload.json?1788609465949 TypeError: Load failed @ http://localhost:3000/_nuxt/node_modules/.pnpm/nuxt@3.21.2_@emnapi+core@1.10.0_@emnapi+runtime@1.11.3_@parcel+watcher@2.5.6_@types+nod_529923af24574705ccdd3c2cb50f4411/node_modules/nuxt/dist/app/composables/payload.js?v=4a573216:81
[  127228ms] [WARNING] [nuxt] Cannot load payload  /exercises/_payload.json?1788609465949 TypeError: Load failed @ http://localhost:3000/_nuxt/node_modules/.pnpm/nuxt@3.21.2_@emnapi+core@1.10.0_@emnapi+runtime@1.11.3_@parcel+watcher@2.5.6_@types+nod_529923af24574705ccdd3c2cb50f4411/node_modules/nuxt/dist/app/composables/payload.js?v=4a573216:81
[  127228ms] [WARNING] [nuxt] Cannot load payload  /_payload.json?1788609465949 TypeError: Load failed @ http://localhost:3000/_nuxt/node_modules/.pnpm/nuxt@3.21.2_@emnapi+core@1.10.0_@emnapi+runtime@1.11.3_@parcel+watcher@2.5.6_@types+nod_529923af24574705ccdd3c2cb50f4411/node_modules/nuxt/dist/app/composables/payload.js?v=4a573216:81
[  127229ms] [WARNING] [nuxt] Cannot load payload  /for-trainers/_payload.json?1788609465949 TypeError: Load failed @ http://localhost:3000/_nuxt/node_modules/.pnpm/nuxt@3.21.2_@emnapi+core@1.10.0_@emnapi+runtime@1.11.3_@parcel+watcher@2.5.6_@types+nod_529923af24574705ccdd3c2cb50f4411/node_modules/nuxt/dist/app/composables/payload.js?v=4a573216:81
[  130519ms] [INFO] <Suspense> is an experimental feature and its API will likely change. @ http://localhost:3000/_nuxt/node_modules/.pnpm/@vue+runtime-core@3.5.33/node_modules/@vue/runtime-core/dist/runtime-core.esm-bundler.js?v=4a573216:7239
[  130647ms] [LOG] %c[Vercel Web Analytics]%c Debug mode is enabled by default in development. No requests will be sent to the server. color: rgb(120, 120, 120) color: inherit @ https://va.vercel-scripts.com/v1/script.debug.js:0
[  130647ms] [LOG] %c[Vercel Web Analytics]%c Running queued event color: rgb(120, 120, 120) color: inherit pageview {route: /demo, path: /demo} @ https://va.vercel-scripts.com/v1/script.debug.js:0
[  130648ms] [LOG] %c[Vercel Web Analytics]%c [view] http://localhost:3000/demo color: rgb(120, 120, 120) color: inherit {o: http://localhost:3000/demo, sv: 0.1.3, sdkn: @vercel/analytics/nuxt, sdkv: 2.0.1, ts: 1788609474450} /_vercel/insights/view @ https://va.vercel-scripts.com/v1/script.debug.js:0
[  130753ms] [LOG] ✨ %cNuxt DevTools %c Press Shift + Option + D to open DevTools color: black; border-radius: 3px 0 0 3px; padding: 2px 2px 1px 10px; background: #00DC82 border-radius: 0 3px 3px 0; padding: 2px 10px 1px 2px; background: #00DC8220  @ http://localhost:3000/_nuxt/node_modules/.pnpm/@nuxt+devtools@3.2.4_supports-color@10.2.2_vite@7.3.2_@types+node@26.1.1_jiti@2.6.1_ter_28972f42c82fd27b0e3f96c17cda5782/node_modules/@nuxt/devtools/dist/runtime/plugins/devtools.client.js?v=4a573216:51
[  134022ms] [INFO] [gymscan] 0B calls explode 50 @ http://localhost:3000/_nuxt/utils/gymscan/stage.ts:1217
[  138253ms] [INFO] [gymscan] 0B calls planted 82 @ http://localhost:3000/_nuxt/utils/gymscan/stage.ts:1221
[  187020ms] [INFO] <Suspense> is an experimental feature and its API will likely change. @ http://localhost:3000/_nuxt/node_modules/.pnpm/@vue+runtime-core@3.5.33/node_modules/@vue/runtime-core/dist/runtime-core.esm-bundler.js?v=4a573216:7239
[  187250ms] [LOG] %c[Vercel Web Analytics]%c Debug mode is enabled by default in development. No requests will be sent to the server. color: rgb(120, 120, 120) color: inherit @ https://va.vercel-scripts.com/v1/script.debug.js:0
[  187250ms] [LOG] %c[Vercel Web Analytics]%c Running queued event color: rgb(120, 120, 120) color: inherit pageview {route: /demo, path: /demo} @ https://va.vercel-scripts.com/v1/script.debug.js:0
[  187251ms] [LOG] %c[Vercel Web Analytics]%c [view] http://localhost:3000/demo color: rgb(120, 120, 120) color: inherit {o: http://localhost:3000/demo, sv: 0.1.3, sdkn: @vercel/analytics/nuxt, sdkv: 2.0.1, ts: 1788609531054} /_vercel/insights/view @ https://va.vercel-scripts.com/v1/script.debug.js:0
[  187301ms] [LOG] ✨ %cNuxt DevTools %c Press Shift + Option + D to open DevTools color: black; border-radius: 3px 0 0 3px; padding: 2px 2px 1px 10px; background: #00DC82 border-radius: 0 3px 3px 0; padding: 2px 10px 1px 2px; background: #00DC8220  @ http://localhost:3000/_nuxt/node_modules/.pnpm/@nuxt+devtools@3.2.4_supports-color@10.2.2_vite@7.3.2_@types+node@26.1.1_jiti@2.6.1_ter_28972f42c82fd27b0e3f96c17cda5782/node_modules/@nuxt/devtools/dist/runtime/plugins/devtools.client.js?v=4a573216:51
[  195677ms] [INFO] [gymscan] 0B calls explode 81 @ http://localhost:3000/_nuxt/utils/gymscan/stage.ts:1217
[  196174ms] [INFO] [gymscan] 0B calls planted 82 @ http://localhost:3000/_nuxt/utils/gymscan/stage.ts:1221
[  197938ms] [WARNING] [nuxt] Cannot load payload  /pricing/_payload.json?1788609531149 TypeError: Load failed @ http://localhost:3000/_nuxt/node_modules/.pnpm/nuxt@3.21.2_@emnapi+core@1.10.0_@emnapi+runtime@1.11.3_@parcel+watcher@2.5.6_@types+nod_529923af24574705ccdd3c2cb50f4411/node_modules/nuxt/dist/app/composables/payload.js?t=1788609525480&v=4a573216:81
[  197948ms] [WARNING] [nuxt] Cannot load payload  /for-trainers/_payload.json?1788609531149 TypeError: Load failed @ http://localhost:3000/_nuxt/node_modules/.pnpm/nuxt@3.21.2_@emnapi+core@1.10.0_@emnapi+runtime@1.11.3_@parcel+watcher@2.5.6_@types+nod_529923af24574705ccdd3c2cb50f4411/node_modules/nuxt/dist/app/composables/payload.js?t=1788609525480&v=4a573216:81
[  197949ms] [WARNING] [nuxt] Cannot load payload  /_payload.json?1788609531149 TypeError: Load failed @ http://localhost:3000/_nuxt/node_modules/.pnpm/nuxt@3.21.2_@emnapi+core@1.10.0_@emnapi+runtime@1.11.3_@parcel+watcher@2.5.6_@types+nod_529923af24574705ccdd3c2cb50f4411/node_modules/nuxt/dist/app/composables/payload.js?t=1788609525480&v=4a573216:81
[  197949ms] [WARNING] [nuxt] Cannot load payload  /exercises/_payload.json?1788609531149 TypeError: Load failed @ http://localhost:3000/_nuxt/node_modules/.pnpm/nuxt@3.21.2_@emnapi+core@1.10.0_@emnapi+runtime@1.11.3_@parcel+watcher@2.5.6_@types+nod_529923af24574705ccdd3c2cb50f4411/node_modules/nuxt/dist/app/composables/payload.js?t=1788609525480&v=4a573216:81
[  203517ms] [INFO] <Suspense> is an experimental feature and its API will likely change. @ http://localhost:3000/_nuxt/node_modules/.pnpm/@vue+runtime-core@3.5.33/node_modules/@vue/runtime-core/dist/runtime-core.esm-bundler.js?v=4a573216:7239
[  203677ms] [LOG] %c[Vercel Web Analytics]%c Debug mode is enabled by default in development. No requests will be sent to the server. color: rgb(120, 120, 120) color: inherit @ https://va.vercel-scripts.com/v1/script.debug.js:0
[  203677ms] [LOG] %c[Vercel Web Analytics]%c Running queued event color: rgb(120, 120, 120) color: inherit pageview {route: /demo, path: /demo} @ https://va.vercel-scripts.com/v1/script.debug.js:0
[  203679ms] [LOG] %c[Vercel Web Analytics]%c [view] http://localhost:3000/demo color: rgb(120, 120, 120) color: inherit {o: http://localhost:3000/demo, sv: 0.1.3, sdkn: @vercel/analytics/nuxt, sdkv: 2.0.1, ts: 1788609547481} /_vercel/insights/view @ https://va.vercel-scripts.com/v1/script.debug.js:0
[  203705ms] [LOG] ✨ %cNuxt DevTools %c Press Shift + Option + D to open DevTools color: black; border-radius: 3px 0 0 3px; padding: 2px 2px 1px 10px; background: #00DC82 border-radius: 0 3px 3px 0; padding: 2px 10px 1px 2px; background: #00DC8220  @ http://localhost:3000/_nuxt/node_modules/.pnpm/@nuxt+devtools@3.2.4_supports-color@10.2.2_vite@7.3.2_@types+node@26.1.1_jiti@2.6.1_ter_28972f42c82fd27b0e3f96c17cda5782/node_modules/@nuxt/devtools/dist/runtime/plugins/devtools.client.js?v=4a573216:51
[  206605ms] [INFO] [gymscan] 0B calls planted 42 @ http://localhost:3000/_nuxt/utils/gymscan/stage.ts:1221
[  242632ms] [INFO] [gymscan] 0B calls explode 81 @ http://localhost:3000/_nuxt/utils/gymscan/stage.ts?t=1788609582494:1217
[  242854ms] [INFO] [gymscan] 0B calls planted 82 @ http://localhost:3000/_nuxt/utils/gymscan/stage.ts?t=1788609582494:1221
[  248391ms] [ERROR] WebSocket connection to 'ws://localhost:3000/_nuxt/?token=6MXS8ojZXz3Y' failed: The network connection was lost. @ :0
[  248397ms] [LOG] [vite] server connection lost. Polling for restart... @ http://localhost:3000/_nuxt/@vite/client:864
[  251748ms] [ERROR] Failed to load resource: the server responded with a status of 503 (Service Unavailable) @ http://localhost:3000/demo:0
[  252149ms] [ERROR] Failed to load resource: the server responded with a status of 503 (Service Unavailable) @ http://localhost:3000/demo:0
[  253203ms] [ERROR] Failed to load resource: the server responded with a status of 503 (Service Unavailable) @ http://localhost:3000/demo:0
[  254214ms] [ERROR] Failed to load resource: the server responded with a status of 503 (Service Unavailable) @ http://localhost:3000/demo:0
[  262972ms] [INFO] <Suspense> is an experimental feature and its API will likely change. @ http://localhost:3000/_nuxt/node_modules/.pnpm/@vue+runtime-core@3.5.33/node_modules/@vue/runtime-core/dist/runtime-core.esm-bundler.js?v=4a573216:7239
[  263143ms] [LOG] %c[Vercel Web Analytics]%c Debug mode is enabled by default in development. No requests will be sent to the server. color: rgb(120, 120, 120) color: inherit @ https://va.vercel-scripts.com/v1/script.debug.js:0
[  263143ms] [LOG] %c[Vercel Web Analytics]%c Running queued event color: rgb(120, 120, 120) color: inherit pageview {route: /demo, path: /demo} @ https://va.vercel-scripts.com/v1/script.debug.js:0
[  263146ms] [LOG] %c[Vercel Web Analytics]%c [view] http://localhost:3000/demo color: rgb(120, 120, 120) color: inherit {o: http://localhost:3000/demo, sv: 0.1.3, sdkn: @vercel/analytics/nuxt, sdkv: 2.0.1, ts: 1788609606949} /_vercel/insights/view @ https://va.vercel-scripts.com/v1/script.debug.js:0
[  263273ms] [LOG] ✨ %cNuxt DevTools %c Press Shift + Option + D to open DevTools color: black; border-radius: 3px 0 0 3px; padding: 2px 2px 1px 10px; background: #00DC82 border-radius: 0 3px 3px 0; padding: 2px 10px 1px 2px; background: #00DC8220  @ http://localhost:3000/_nuxt/node_modules/.pnpm/@nuxt+devtools@3.2.4_supports-color@10.2.2_vite@7.3.2_@types+node@26.1.1_jiti@2.6.1_ter_28972f42c82fd27b0e3f96c17cda5782/node_modules/@nuxt/devtools/dist/runtime/plugins/devtools.client.js?v=4a573216:51
[  266985ms] [INFO] [gymscan] 0B calls explode 81 @ http://localhost:3000/_nuxt/utils/gymscan/stage.ts:1217
[  267236ms] [INFO] [gymscan] 0B calls planted 82 @ http://localhost:3000/_nuxt/utils/gymscan/stage.ts:1221
[  279598ms] [INFO] <Suspense> is an experimental feature and its API will likely change. @ http://localhost:3000/_nuxt/node_modules/.pnpm/@vue+runtime-core@3.5.33/node_modules/@vue/runtime-core/dist/runtime-core.esm-bundler.js?v=4a573216:7239
[  279738ms] [LOG] %c[Vercel Web Analytics]%c Debug mode is enabled by default in development. No requests will be sent to the server. color: rgb(120, 120, 120) color: inherit @ https://va.vercel-scripts.com/v1/script.debug.js:0
[  279738ms] [LOG] %c[Vercel Web Analytics]%c Running queued event color: rgb(120, 120, 120) color: inherit pageview {route: /demo, path: /demo} @ https://va.vercel-scripts.com/v1/script.debug.js:0
[  279739ms] [LOG] %c[Vercel Web Analytics]%c [view] http://localhost:3000/demo color: rgb(120, 120, 120) color: inherit {o: http://localhost:3000/demo, sv: 0.1.3, sdkn: @vercel/analytics/nuxt, sdkv: 2.0.1, ts: 1788609623542} /_vercel/insights/view @ https://va.vercel-scripts.com/v1/script.debug.js:0
[  279781ms] [LOG] ✨ %cNuxt DevTools %c Press Shift + Option + D to open DevTools color: black; border-radius: 3px 0 0 3px; padding: 2px 2px 1px 10px; background: #00DC82 border-radius: 0 3px 3px 0; padding: 2px 10px 1px 2px; background: #00DC8220  @ http://localhost:3000/_nuxt/node_modules/.pnpm/@nuxt+devtools@3.2.4_supports-color@10.2.2_vite@7.3.2_@types+node@26.1.1_jiti@2.6.1_ter_28972f42c82fd27b0e3f96c17cda5782/node_modules/@nuxt/devtools/dist/runtime/plugins/devtools.client.js?v=4a573216:51
[  282542ms] [INFO] [gymscan] 0B calls explode 73 @ http://localhost:3000/_nuxt/utils/gymscan/stage.ts?t=1788609617448:1217
[  283498ms] [INFO] [gymscan] 0B calls planted 82 @ http://localhost:3000/_nuxt/utils/gymscan/stage.ts?t=1788609617448:1221
[  297766ms] [INFO] <Suspense> is an experimental feature and its API will likely change. @ http://localhost:3000/_nuxt/node_modules/.pnpm/@vue+runtime-core@3.5.33/node_modules/@vue/runtime-core/dist/runtime-core.esm-bundler.js?v=4a573216:7239
[  298020ms] [LOG] %c[Vercel Web Analytics]%c Debug mode is enabled by default in development. No requests will be sent to the server. color: rgb(120, 120, 120) color: inherit @ https://va.vercel-scripts.com/v1/script.debug.js:0
[  298020ms] [LOG] %c[Vercel Web Analytics]%c Running queued event color: rgb(120, 120, 120) color: inherit pageview {route: /demo, path: /demo} @ https://va.vercel-scripts.com/v1/script.debug.js:0
[  298039ms] [LOG] %c[Vercel Web Analytics]%c [view] http://localhost:3000/demo color: rgb(120, 120, 120) color: inherit {o: http://localhost:3000/demo, sv: 0.1.3, sdkn: @vercel/analytics/nuxt, sdkv: 2.0.1, ts: 1788609641841} /_vercel/insights/view @ https://va.vercel-scripts.com/v1/script.debug.js:0
[  298360ms] [LOG] ✨ %cNuxt DevTools %c Press Shift + Option + D to open DevTools color: black; border-radius: 3px 0 0 3px; padding: 2px 2px 1px 10px; background: #00DC82 border-radius: 0 3px 3px 0; padding: 2px 10px 1px 2px; background: #00DC8220  @ http://localhost:3000/_nuxt/node_modules/.pnpm/@nuxt+devtools@3.2.4_supports-color@10.2.2_vite@7.3.2_@types+node@26.1.1_jiti@2.6.1_ter_28972f42c82fd27b0e3f96c17cda5782/node_modules/@nuxt/devtools/dist/runtime/plugins/devtools.client.js?v=4a573216:51
[  302379ms] [INFO] [gymscan] 0B calls planted 42 @ http://localhost:3000/_nuxt/utils/gymscan/stage.ts?t=1788609617448:1221
[  319632ms] [ERROR] WebSocket connection to 'ws://localhost:3000/_nuxt/?token=i3pNdIAxzWRF' failed: The network connection was lost. @ :0
[  319643ms] [LOG] [vite] server connection lost. Polling for restart... @ http://localhost:3000/_nuxt/@vite/client:864
[  718154ms] [INFO] <Suspense> is an experimental feature and its API will likely change. @ http://localhost:3000/_nuxt/node_modules/.pnpm/@vue+runtime-core@3.5.33/node_modules/@vue/runtime-core/dist/runtime-core.esm-bundler.js?v=4a573216:7239
[  718183ms] [WARNING] [Vue warn]: Hydration node mismatch:
- rendered on server: JSHandle@node (text) 
- expected on client: img 
  at <GymCinema journey= {assembly: 0, film: 0, gallery: 0, chapter: experience} coaching= {frame: Object, paused: false, customSrc: , replay: 0} onCustomError=fn  ... > 
  at <GymExperience > 
  at <Demo onVnodeUnmounted=fn<onVnodeUnmounted> ref=Ref< undefined > > 
  at <RouteProvider key="/demo" vnode= {__v_isVNode: true, __v_skip: true, type: Object, props: Object, key: null} route= {fullPath: /demo, hash: , query: undefined, name: demo, path: /demo}  ... > 
  at <RouterView name=undefined route=undefined > 
  at <NuxtPage > 
  at <NuxtLayoutProvider layoutProps= {ref: RefImpl} key=undefined name=false  ... > 
  at <NuxtLayout > 
  at <App key=4 > 
  at <NuxtRoot> @ http://localhost:3000/_nuxt/node_modules/.pnpm/@vue+runtime-core@3.5.33/node_modules/@vue/runtime-core/dist/runtime-core.esm-bundler.js?v=4a573216:49
[  718194ms] [ERROR] Hydration completed but contains mismatches. @ http://localhost:3000/_nuxt/node_modules/.pnpm/@vue+runtime-core@3.5.33/node_modules/@vue/runtime-core/dist/runtime-core.esm-bundler.js?v=4a573216:1887
[  718320ms] [LOG] %c[Vercel Web Analytics]%c Debug mode is enabled by default in development. No requests will be sent to the server. color: rgb(120, 120, 120) color: inherit @ https://va.vercel-scripts.com/v1/script.debug.js:0
[  718320ms] [LOG] %c[Vercel Web Analytics]%c Running queued event color: rgb(120, 120, 120) color: inherit pageview {route: /demo, path: /demo} @ https://va.vercel-scripts.com/v1/script.debug.js:0
[  718321ms] [LOG] %c[Vercel Web Analytics]%c [view] http://localhost:3000/demo color: rgb(120, 120, 120) color: inherit {o: http://localhost:3000/demo, sv: 0.1.3, sdkn: @vercel/analytics/nuxt, sdkv: 2.0.1, ts: 1788610062123} /_vercel/insights/view @ https://va.vercel-scripts.com/v1/script.debug.js:0
[  718384ms] [LOG] ✨ %cNuxt DevTools %c Press Shift + Option + D to open DevTools color: black; border-radius: 3px 0 0 3px; padding: 2px 2px 1px 10px; background: #00DC82 border-radius: 0 3px 3px 0; padding: 2px 10px 1px 2px; background: #00DC8220  @ http://localhost:3000/_nuxt/node_modules/.pnpm/@nuxt+devtools@3.2.4_supports-color@10.2.2_vite@7.3.2_@types+node@26.1.1_jiti@2.6.1_ter_28972f42c82fd27b0e3f96c17cda5782/node_modules/@nuxt/devtools/dist/runtime/plugins/devtools.client.js?v=4a573216:51
[  723554ms] [INFO] [gymscan] 0B calls explode 9 @ http://localhost:3000/_nuxt/utils/gymscan/stage.ts:1217
[  725153ms] [INFO] [gymscan] 0B calls planted 57 @ http://localhost:3000/_nuxt/utils/gymscan/stage.ts:1221
[  731589ms] [LOG] %cssr:success%c Vite server hmr 40 files 
      background: #2ecc71;
      border-radius: 0.5em;
      color: white;
      font-weight: bold;
      padding: 2px 0.5em;
      in 193.875ms 
  at vite_node_entry_default (node_modules/.pnpm/@nuxt+vite-builder@3.21.2_@types+node@26.1.1_magicast@0.5.2_nuxt@3.21.2_@emnapi+core@1._a4b3153523cf62a7d8205505e2d0041e/node_modules/@nuxt/vite-builder/dist/vite-node-entry.mjs)
  at process.processTicksAndRejections (node:internal/process/task_queues)
  at async Object.renderToString (node_modules/.pnpm/vue-bundle-renderer@2.2.0/node_modules/vue-bundle-renderer/dist/runtime.mjs)
 @ http://localhost:3000/_nuxt/node_modules/.pnpm/consola@3.4.2/node_modules/consola/dist/browser.mjs?v=4a573216:47
[  731646ms] [INFO] <Suspense> is an experimental feature and its API will likely change. @ http://localhost:3000/_nuxt/node_modules/.pnpm/@vue+runtime-core@3.5.33/node_modules/@vue/runtime-core/dist/runtime-core.esm-bundler.js?v=4a573216:7239
[  731656ms] [WARNING] [Vue warn]: Hydration node mismatch:
- rendered on server: JSHandle@node (text) 
- expected on client: img 
  at <GymCinema journey= {assembly: 0, film: 0, gallery: 0, chapter: experience} coaching= {frame: Object, paused: false, customSrc: , replay: 0} onCustomError=fn  ... > 
  at <GymExperience > 
  at <Demo onVnodeUnmounted=fn<onVnodeUnmounted> ref=Ref< undefined > > 
  at <RouteProvider key="/demo" vnode= {__v_isVNode: true, __v_skip: true, type: Object, props: Object, key: null} route= {fullPath: /demo, hash: , query: undefined, name: demo, path: /demo}  ... > 
  at <RouterView name=undefined route=undefined > 
  at <NuxtPage > 
  at <NuxtLayoutProvider layoutProps= {ref: RefImpl} key=undefined name=false  ... > 
  at <NuxtLayout > 
  at <App key=4 > 
  at <NuxtRoot> @ http://localhost:3000/_nuxt/node_modules/.pnpm/@vue+runtime-core@3.5.33/node_modules/@vue/runtime-core/dist/runtime-core.esm-bundler.js?v=4a573216:49
[  731657ms] [ERROR] Hydration completed but contains mismatches. @ http://localhost:3000/_nuxt/node_modules/.pnpm/@vue+runtime-core@3.5.33/node_modules/@vue/runtime-core/dist/runtime-core.esm-bundler.js?v=4a573216:1887
[  731732ms] [LOG] %c[Vercel Web Analytics]%c Debug mode is enabled by default in development. No requests will be sent to the server. color: rgb(120, 120, 120) color: inherit @ https://va.vercel-scripts.com/v1/script.debug.js:0
[  731732ms] [LOG] %c[Vercel Web Analytics]%c Running queued event color: rgb(120, 120, 120) color: inherit pageview {route: /demo, path: /demo} @ https://va.vercel-scripts.com/v1/script.debug.js:0
[  731732ms] [LOG] %c[Vercel Web Analytics]%c [view] http://localhost:3000/demo color: rgb(120, 120, 120) color: inherit {o: http://localhost:3000/demo, sv: 0.1.3, sdkn: @vercel/analytics/nuxt, sdkv: 2.0.1, ts: 1788610075535} /_vercel/insights/view @ https://va.vercel-scripts.com/v1/script.debug.js:0
[  731761ms] [LOG] ✨ %cNuxt DevTools %c Press Shift + Option + D to open DevTools color: black; border-radius: 3px 0 0 3px; padding: 2px 2px 1px 10px; background: #00DC82 border-radius: 0 3px 3px 0; padding: 2px 10px 1px 2px; background: #00DC8220  @ http://localhost:3000/_nuxt/node_modules/.pnpm/@nuxt+devtools@3.2.4_supports-color@10.2.2_vite@7.3.2_@types+node@26.1.1_jiti@2.6.1_ter_28972f42c82fd27b0e3f96c17cda5782/node_modules/@nuxt/devtools/dist/runtime/plugins/devtools.client.js?v=4a573216:51
[  732816ms] [INFO] [gymscan] 0B calls planted 57 @ http://localhost:3000/_nuxt/utils/gymscan/stage.ts:1221
[  738834ms] [ERROR] WebSocket connection to 'ws://localhost:3000/_nuxt/?token=SMr07L-S0QsY' failed: The network connection was lost. @ :0
[  738834ms] [LOG] [vite] server connection lost. Polling for restart... @ http://localhost:3000/_nuxt/@vite/client:864
[  740549ms] [ERROR] Failed to load resource: the server responded with a status of 503 (Service Unavailable) @ http://localhost:3000/demo:0
[  740845ms] [ERROR] Failed to load resource: the server responded with a status of 503 (Service Unavailable) @ http://localhost:3000/demo:0
[  741867ms] [ERROR] Failed to load resource: the server responded with a status of 503 (Service Unavailable) @ http://localhost:3000/demo:0
[  743005ms] [ERROR] Failed to load resource: the server responded with a status of 503 (Service Unavailable) @ http://localhost:3000/demo:0
[  750238ms] [INFO] <Suspense> is an experimental feature and its API will likely change. @ http://localhost:3000/_nuxt/node_modules/.pnpm/@vue+runtime-core@3.5.33/node_modules/@vue/runtime-core/dist/runtime-core.esm-bundler.js?v=4a573216:7239
[  750258ms] [WARNING] [Vue warn]: Hydration node mismatch:
- rendered on server: JSHandle@node (text) 
- expected on client: img 
  at <GymCinema journey= {assembly: 0, film: 0, gallery: 0, chapter: experience} coaching= {frame: Object, paused: false, customSrc: , replay: 0} onCustomError=fn  ... > 
  at <GymExperience > 
  at <Demo onVnodeUnmounted=fn<onVnodeUnmounted> ref=Ref< undefined > > 
  at <RouteProvider key="/demo" vnode= {__v_isVNode: true, __v_skip: true, type: Object, props: Object, key: null} route= {fullPath: /demo, hash: , query: undefined, name: demo, path: /demo}  ... > 
  at <RouterView name=undefined route=undefined > 
  at <NuxtPage > 
  at <NuxtLayoutProvider layoutProps= {ref: RefImpl} key=undefined name=false  ... > 
  at <NuxtLayout > 
  at <App key=4 > 
  at <NuxtRoot> @ http://localhost:3000/_nuxt/node_modules/.pnpm/@vue+runtime-core@3.5.33/node_modules/@vue/runtime-core/dist/runtime-core.esm-bundler.js?v=4a573216:49
[  750262ms] [ERROR] Hydration completed but contains mismatches. @ http://localhost:3000/_nuxt/node_modules/.pnpm/@vue+runtime-core@3.5.33/node_modules/@vue/runtime-core/dist/runtime-core.esm-bundler.js?v=4a573216:1887
[  750328ms] [LOG] %c[Vercel Web Analytics]%c Debug mode is enabled by default in development. No requests will be sent to the server. color: rgb(120, 120, 120) color: inherit @ https://va.vercel-scripts.com/v1/script.debug.js:0
[  750328ms] [LOG] %c[Vercel Web Analytics]%c Running queued event color: rgb(120, 120, 120) color: inherit pageview {route: /demo, path: /demo} @ https://va.vercel-scripts.com/v1/script.debug.js:0
[  750329ms] [LOG] %c[Vercel Web Analytics]%c [view] http://localhost:3000/demo color: rgb(120, 120, 120) color: inherit {o: http://localhost:3000/demo, sv: 0.1.3, sdkn: @vercel/analytics/nuxt, sdkv: 2.0.1, ts: 1788610094131} /_vercel/insights/view @ https://va.vercel-scripts.com/v1/script.debug.js:0
[  750481ms] [LOG] ✨ %cNuxt DevTools %c Press Shift + Option + D to open DevTools color: black; border-radius: 3px 0 0 3px; padding: 2px 2px 1px 10px; background: #00DC82 border-radius: 0 3px 3px 0; padding: 2px 10px 1px 2px; background: #00DC8220  @ http://localhost:3000/_nuxt/node_modules/.pnpm/@nuxt+devtools@3.2.4_supports-color@10.2.2_vite@7.3.2_@types+node@26.1.1_jiti@2.6.1_ter_28972f42c82fd27b0e3f96c17cda5782/node_modules/@nuxt/devtools/dist/runtime/plugins/devtools.client.js?v=4a573216:51
[  752014ms] [INFO] [gymscan] 0B calls explode 9 @ http://localhost:3000/_nuxt/utils/gymscan/stage.ts:1217
[  752223ms] [INFO] [gymscan] 0B calls planted 57 @ http://localhost:3000/_nuxt/utils/gymscan/stage.ts:1221
[  754713ms] [ERROR] WebSocket connection to 'ws://localhost:3000/_nuxt/?token=RhnaoKVJeDeg' failed: The network connection was lost. @ :0
[  754714ms] [LOG] [vite] server connection lost. Polling for restart... @ http://localhost:3000/_nuxt/@vite/client:864
[  756075ms] [ERROR] Failed to load resource: the server responded with a status of 503 (Service Unavailable) @ http://localhost:3000/demo:0
[  756153ms] [ERROR] Failed to load resource: the server responded with a status of 503 (Service Unavailable) @ http://localhost:3000/demo:0
[  758286ms] [ERROR] Failed to load resource: the server responded with a status of 503 (Service Unavailable) @ http://localhost:3000/demo:0
[  759326ms] [ERROR] Failed to load resource: the server responded with a status of 503 (Service Unavailable) @ http://localhost:3000/demo:0
[  760342ms] [ERROR] Failed to load resource: the server responded with a status of 503 (Service Unavailable) @ http://localhost:3000/demo:0
[  761419ms] [ERROR] Failed to load resource: the server responded with a status of 503 (Service Unavailable) @ http://localhost:3000/demo:0
[  765758ms] [ERROR] Failed to load resource: the server responded with a status of 503 (Service Unavailable) @ http://localhost:3000/demo:0
[  773023ms] [INFO] <Suspense> is an experimental feature and its API will likely change. @ http://localhost:3000/_nuxt/node_modules/.pnpm/@vue+runtime-core@3.5.33/node_modules/@vue/runtime-core/dist/runtime-core.esm-bundler.js?v=4a573216:7239
[  773055ms] [WARNING] [Vue warn]: Hydration node mismatch:
- rendered on server: JSHandle@node (text) 
- expected on client: img 
  at <GymCinema journey= {assembly: 0, film: 0, gallery: 0, chapter: experience} coaching= {frame: Object, paused: false, customSrc: , replay: 0} onCustomError=fn  ... > 
  at <GymExperience > 
  at <Demo onVnodeUnmounted=fn<onVnodeUnmounted> ref=Ref< undefined > > 
  at <RouteProvider key="/demo" vnode= {__v_isVNode: true, __v_skip: true, type: Object, props: Object, key: null} route= {fullPath: /demo, hash: , query: undefined, name: demo, path: /demo}  ... > 
  at <RouterView name=undefined route=undefined > 
  at <NuxtPage > 
  at <NuxtLayoutProvider layoutProps= {ref: RefImpl} key=undefined name=false  ... > 
  at <NuxtLayout > 
  at <App key=4 > 
  at <NuxtRoot> @ http://localhost:3000/_nuxt/node_modules/.pnpm/@vue+runtime-core@3.5.33/node_modules/@vue/runtime-core/dist/runtime-core.esm-bundler.js?v=4a573216:49
[  773059ms] [ERROR] Hydration completed but contains mismatches. @ http://localhost:3000/_nuxt/node_modules/.pnpm/@vue+runtime-core@3.5.33/node_modules/@vue/runtime-core/dist/runtime-core.esm-bundler.js?v=4a573216:1887
[  773238ms] [LOG] %c[Vercel Web Analytics]%c Debug mode is enabled by default in development. No requests will be sent to the server. color: rgb(120, 120, 120) color: inherit @ https://va.vercel-scripts.com/v1/script.debug.js:0
[  773240ms] [LOG] %c[Vercel Web Analytics]%c Running queued event color: rgb(120, 120, 120) color: inherit pageview {route: /demo, path: /demo} @ https://va.vercel-scripts.com/v1/script.debug.js:0
[  773241ms] [LOG] %c[Vercel Web Analytics]%c [view] http://localhost:3000/demo color: rgb(120, 120, 120) color: inherit {o: http://localhost:3000/demo, sv: 0.1.3, sdkn: @vercel/analytics/nuxt, sdkv: 2.0.1, ts: 1788610117043} /_vercel/insights/view @ https://va.vercel-scripts.com/v1/script.debug.js:0
[  773565ms] [LOG] ✨ %cNuxt DevTools %c Press Shift + Option + D to open DevTools color: black; border-radius: 3px 0 0 3px; padding: 2px 2px 1px 10px; background: #00DC82 border-radius: 0 3px 3px 0; padding: 2px 10px 1px 2px; background: #00DC8220  @ http://localhost:3000/_nuxt/node_modules/.pnpm/@nuxt+devtools@3.2.4_supports-color@10.2.2_vite@7.3.2_@types+node@26.1.1_jiti@2.6.1_ter_28972f42c82fd27b0e3f96c17cda5782/node_modules/@nuxt/devtools/dist/runtime/plugins/devtools.client.js?v=4a573216:51
[  777808ms] [INFO] [gymscan] 0B calls planted 57 @ http://localhost:3000/_nuxt/utils/gymscan/stage.ts:1221
[  812752ms] [INFO] [gymscan] 0B calls planted 57 @ http://localhost:3000/_nuxt/utils/gymscan/stage.ts:1221
[  837235ms] [INFO] [gymscan] 0B calls planted 57 @ http://localhost:3000/_nuxt/utils/gymscan/stage.ts:1221
[  872652ms] [LOG] %cssr:success%c Vite server hmr 21 files 
      background: #2ecc71;
      border-radius: 0.5em;
      color: white;
      font-weight: bold;
      padding: 2px 0.5em;
      in 0.006ms 
  at vite_node_entry_default (node_modules/.pnpm/@nuxt+vite-builder@3.21.2_@types+node@26.1.1_magicast@0.5.2_nuxt@3.21.2_@emnapi+core@1._a4b3153523cf62a7d8205505e2d0041e/node_modules/@nuxt/vite-builder/dist/vite-node-entry.mjs)
  at process.processTicksAndRejections (node:internal/process/task_queues)
  at async Object.renderToString (node_modules/.pnpm/vue-bundle-renderer@2.2.0/node_modules/vue-bundle-renderer/dist/runtime.mjs)
 @ http://localhost:3000/_nuxt/node_modules/.pnpm/consola@3.4.2/node_modules/consola/dist/browser.mjs?v=4a573216:47
[  872720ms] [INFO] <Suspense> is an experimental feature and its API will likely change. @ http://localhost:3000/_nuxt/node_modules/.pnpm/@vue+runtime-core@3.5.33/node_modules/@vue/runtime-core/dist/runtime-core.esm-bundler.js?v=4a573216:7239
[  872745ms] [WARNING] [Vue warn]: Hydration node mismatch:
- rendered on server: JSHandle@node (text) 
- expected on client: img 
  at <GymCinema journey= {assembly: 0, film: 0, gallery: 0, chapter: experience} coaching= {frame: Object, paused: false, customSrc: , replay: 0} onCustomError=fn  ... > 
  at <GymExperience > 
  at <Demo onVnodeUnmounted=fn<onVnodeUnmounted> ref=Ref< undefined > > 
  at <RouteProvider key="/demo" vnode= {__v_isVNode: true, __v_skip: true, type: Object, props: Object, key: null} route= {fullPath: /demo, hash: , query: undefined, name: demo, path: /demo}  ... > 
  at <RouterView name=undefined route=undefined > 
  at <NuxtPage > 
  at <NuxtLayoutProvider layoutProps= {ref: RefImpl} key=undefined name=false  ... > 
  at <NuxtLayout > 
  at <App key=4 > 
  at <NuxtRoot> @ http://localhost:3000/_nuxt/node_modules/.pnpm/@vue+runtime-core@3.5.33/node_modules/@vue/runtime-core/dist/runtime-core.esm-bundler.js?v=4a573216:49
[  872752ms] [ERROR] Hydration completed but contains mismatches. @ http://localhost:3000/_nuxt/node_modules/.pnpm/@vue+runtime-core@3.5.33/node_modules/@vue/runtime-core/dist/runtime-core.esm-bundler.js?v=4a573216:1887
[  872867ms] [LOG] %c[Vercel Web Analytics]%c Debug mode is enabled by default in development. No requests will be sent to the server. color: rgb(120, 120, 120) color: inherit @ https://va.vercel-scripts.com/v1/script.debug.js:0
[  872867ms] [LOG] %c[Vercel Web Analytics]%c Running queued event color: rgb(120, 120, 120) color: inherit pageview {route: /demo, path: /demo} @ https://va.vercel-scripts.com/v1/script.debug.js:0
[  872867ms] [LOG] %c[Vercel Web Analytics]%c [view] http://localhost:3000/demo color: rgb(120, 120, 120) color: inherit {o: http://localhost:3000/demo, sv: 0.1.3, sdkn: @vercel/analytics/nuxt, sdkv: 2.0.1, ts: 1788610216669} /_vercel/insights/view @ https://va.vercel-scripts.com/v1/script.debug.js:0
[  873323ms] [LOG] ✨ %cNuxt DevTools %c Press Shift + Option + D to open DevTools color: black; border-radius: 3px 0 0 3px; padding: 2px 2px 1px 10px; background: #00DC82 border-radius: 0 3px 3px 0; padding: 2px 10px 1px 2px; background: #00DC8220  @ http://localhost:3000/_nuxt/node_modules/.pnpm/@nuxt+devtools@3.2.4_supports-color@10.2.2_vite@7.3.2_@types+node@26.1.1_jiti@2.6.1_ter_28972f42c82fd27b0e3f96c17cda5782/node_modules/@nuxt/devtools/dist/runtime/plugins/devtools.client.js?v=4a573216:51
[  878032ms] [INFO] [gymscan] 0B calls planted 17 @ http://localhost:3000/_nuxt/utils/gymscan/stage.ts:1221
[  894005ms] [INFO] <Suspense> is an experimental feature and its API will likely change. @ http://localhost:3000/_nuxt/node_modules/.pnpm/@vue+runtime-core@3.5.33/node_modules/@vue/runtime-core/dist/runtime-core.esm-bundler.js?v=4a573216:7239
[  894244ms] [LOG] %c[Vercel Web Analytics]%c Debug mode is enabled by default in development. No requests will be sent to the server. color: rgb(120, 120, 120) color: inherit @ https://va.vercel-scripts.com/v1/script.debug.js:0
[  894244ms] [LOG] %c[Vercel Web Analytics]%c Running queued event color: rgb(120, 120, 120) color: inherit pageview {route: /demo, path: /demo} @ https://va.vercel-scripts.com/v1/script.debug.js:0
[  894245ms] [LOG] %c[Vercel Web Analytics]%c [view] http://localhost:3000/demo color: rgb(120, 120, 120) color: inherit {o: http://localhost:3000/demo, sv: 0.1.3, sdkn: @vercel/analytics/nuxt, sdkv: 2.0.1, ts: 1788610238048} /_vercel/insights/view @ https://va.vercel-scripts.com/v1/script.debug.js:0
[  894511ms] [LOG] ✨ %cNuxt DevTools %c Press Shift + Option + D to open DevTools color: black; border-radius: 3px 0 0 3px; padding: 2px 2px 1px 10px; background: #00DC82 border-radius: 0 3px 3px 0; padding: 2px 10px 1px 2px; background: #00DC8220  @ http://localhost:3000/_nuxt/node_modules/.pnpm/@nuxt+devtools@3.2.4_supports-color@10.2.2_vite@7.3.2_@types+node@26.1.1_jiti@2.6.1_ter_28972f42c82fd27b0e3f96c17cda5782/node_modules/@nuxt/devtools/dist/runtime/plugins/devtools.client.js?v=4a573216:51
[  899914ms] [INFO] [gymscan] 0B calls planted 17 @ http://localhost:3000/_nuxt/utils/gymscan/stage.ts:1221
[  927973ms] [ERROR] WebSocket connection to 'ws://localhost:3000/_nuxt/?token=evsJb_YbhhOj' failed: The network connection was lost. @ :0
[  927984ms] [LOG] [vite] server connection lost. Polling for restart... @ http://localhost:3000/_nuxt/@vite/client:864
[  930275ms] [ERROR] Failed to load resource: the server responded with a status of 503 (Service Unavailable) @ http://localhost:3000/demo:0
[  931237ms] [ERROR] Failed to load resource: the server responded with a status of 503 (Service Unavailable) @ http://localhost:3000/demo:0
[  932640ms] [ERROR] Failed to load resource: the server responded with a status of 503 (Service Unavailable) @ http://localhost:3000/demo:0
[  933953ms] [ERROR] Failed to load resource: the server responded with a status of 503 (Service Unavailable) @ http://localhost:3000/demo:0
[  934971ms] [ERROR] Failed to load resource: the server responded with a status of 503 (Service Unavailable) @ http://localhost:3000/demo:0
[  936017ms] [ERROR] Failed to load resource: the server responded with a status of 503 (Service Unavailable) @ http://localhost:3000/demo:0
[  937273ms] [ERROR] Failed to load resource: the server responded with a status of 503 (Service Unavailable) @ http://localhost:3000/demo:0
[  943703ms] [INFO] <Suspense> is an experimental feature and its API will likely change. @ http://localhost:3000/_nuxt/node_modules/.pnpm/@vue+runtime-core@3.5.33/node_modules/@vue/runtime-core/dist/runtime-core.esm-bundler.js?v=4a573216:7239
[  943958ms] [LOG] %c[Vercel Web Analytics]%c Debug mode is enabled by default in development. No requests will be sent to the server. color: rgb(120, 120, 120) color: inherit @ https://va.vercel-scripts.com/v1/script.debug.js:0
[  943958ms] [LOG] %c[Vercel Web Analytics]%c Running queued event color: rgb(120, 120, 120) color: inherit pageview {route: /demo, path: /demo} @ https://va.vercel-scripts.com/v1/script.debug.js:0
[  943966ms] [LOG] %c[Vercel Web Analytics]%c [view] http://localhost:3000/demo color: rgb(120, 120, 120) color: inherit {o: http://localhost:3000/demo, sv: 0.1.3, sdkn: @vercel/analytics/nuxt, sdkv: 2.0.1, ts: 1788610287768} /_vercel/insights/view @ https://va.vercel-scripts.com/v1/script.debug.js:0
[  944275ms] [LOG] ✨ %cNuxt DevTools %c Press Shift + Option + D to open DevTools color: black; border-radius: 3px 0 0 3px; padding: 2px 2px 1px 10px; background: #00DC82 border-radius: 0 3px 3px 0; padding: 2px 10px 1px 2px; background: #00DC8220  @ http://localhost:3000/_nuxt/node_modules/.pnpm/@nuxt+devtools@3.2.4_supports-color@10.2.2_vite@7.3.2_@types+node@26.1.1_jiti@2.6.1_ter_28972f42c82fd27b0e3f96c17cda5782/node_modules/@nuxt/devtools/dist/runtime/plugins/devtools.client.js?v=4a573216:51
[  948723ms] [INFO] [gymscan] 0B calls planted 37 @ http://localhost:3000/_nuxt/utils/gymscan/stage.ts:1221
[  958250ms] [INFO] [gymscan] 0B calls explode 36 @ http://localhost:3000/_nuxt/utils/gymscan/stage.ts?t=1788610298156:1217
[  958569ms] [INFO] [gymscan] 0B calls planted 57 @ http://localhost:3000/_nuxt/utils/gymscan/stage.ts?t=1788610298156:1221
[  967043ms] [ERROR] WebSocket connection to 'ws://localhost:3000/_nuxt/?token=Bbb6AjgHBR9X' failed: The network connection was lost. @ :0
[  967049ms] [LOG] [vite] server connection lost. Polling for restart... @ http://localhost:3000/_nuxt/@vite/client:864
[  972037ms] [ERROR] Failed to load resource: the server responded with a status of 503 (Service Unavailable) @ http://localhost:3000/demo:0
[  972296ms] [ERROR] Failed to load resource: the server responded with a status of 503 (Service Unavailable) @ http://localhost:3000/demo:0
[  973307ms] [ERROR] Failed to load resource: the server responded with a status of 503 (Service Unavailable) @ http://localhost:3000/demo:0
[  979869ms] [INFO] <Suspense> is an experimental feature and its API will likely change. @ http://localhost:3000/_nuxt/node_modules/.pnpm/@vue+runtime-core@3.5.33/node_modules/@vue/runtime-core/dist/runtime-core.esm-bundler.js?v=4a573216:7239
[  980241ms] [LOG] %c[Vercel Web Analytics]%c Debug mode is enabled by default in development. No requests will be sent to the server. color: rgb(120, 120, 120) color: inherit @ https://va.vercel-scripts.com/v1/script.debug.js:0
[  980241ms] [LOG] %c[Vercel Web Analytics]%c Running queued event color: rgb(120, 120, 120) color: inherit pageview {route: /demo, path: /demo} @ https://va.vercel-scripts.com/v1/script.debug.js:0
[  980247ms] [LOG] %c[Vercel Web Analytics]%c [view] http://localhost:3000/demo color: rgb(120, 120, 120) color: inherit {o: http://localhost:3000/demo, sv: 0.1.3, sdkn: @vercel/analytics/nuxt, sdkv: 2.0.1, ts: 1788610324049} /_vercel/insights/view @ https://va.vercel-scripts.com/v1/script.debug.js:0
[  980584ms] [LOG] ✨ %cNuxt DevTools %c Press Shift + Option + D to open DevTools color: black; border-radius: 3px 0 0 3px; padding: 2px 2px 1px 10px; background: #00DC82 border-radius: 0 3px 3px 0; padding: 2px 10px 1px 2px; background: #00DC8220  @ http://localhost:3000/_nuxt/node_modules/.pnpm/@nuxt+devtools@3.2.4_supports-color@10.2.2_vite@7.3.2_@types+node@26.1.1_jiti@2.6.1_ter_28972f42c82fd27b0e3f96c17cda5782/node_modules/@nuxt/devtools/dist/runtime/plugins/devtools.client.js?v=4a573216:51
[  986272ms] [INFO] [gymscan] 0B calls planted 37 @ http://localhost:3000/_nuxt/utils/gymscan/stage.ts:1221
[ 1045497ms] [INFO] <Suspense> is an experimental feature and its API will likely change. @ http://localhost:3000/_nuxt/node_modules/.pnpm/@vue+runtime-core@3.5.33/node_modules/@vue/runtime-core/dist/runtime-core.esm-bundler.js?v=4a573216:7239
[ 1045765ms] [LOG] %c[Vercel Web Analytics]%c Debug mode is enabled by default in development. No requests will be sent to the server. color: rgb(120, 120, 120) color: inherit @ https://va.vercel-scripts.com/v1/script.debug.js:0
[ 1045765ms] [LOG] %c[Vercel Web Analytics]%c Running queued event color: rgb(120, 120, 120) color: inherit pageview {route: /demo, path: /demo} @ https://va.vercel-scripts.com/v1/script.debug.js:0
[ 1045771ms] [LOG] %c[Vercel Web Analytics]%c [view] http://localhost:3000/demo color: rgb(120, 120, 120) color: inherit {o: http://localhost:3000/demo, sv: 0.1.3, sdkn: @vercel/analytics/nuxt, sdkv: 2.0.1, ts: 1788610389573} /_vercel/insights/view @ https://va.vercel-scripts.com/v1/script.debug.js:0
[ 1045871ms] [LOG] ✨ %cNuxt DevTools %c Press Shift + Option + D to open DevTools color: black; border-radius: 3px 0 0 3px; padding: 2px 2px 1px 10px; background: #00DC82 border-radius: 0 3px 3px 0; padding: 2px 10px 1px 2px; background: #00DC8220  @ http://localhost:3000/_nuxt/node_modules/.pnpm/@nuxt+devtools@3.2.4_supports-color@10.2.2_vite@7.3.2_@types+node@26.1.1_jiti@2.6.1_ter_28972f42c82fd27b0e3f96c17cda5782/node_modules/@nuxt/devtools/dist/runtime/plugins/devtools.client.js?v=4a573216:51
[ 1052362ms] [INFO] [gymscan] 0B calls planted 37 @ http://localhost:3000/_nuxt/utils/gymscan/stage.ts:1221
[ 1070874ms] [INFO] [gymscan] 0B calls planted 17 @ http://localhost:3000/_nuxt/utils/gymscan/stage.ts?t=1788610409611:1221
[ 1087154ms] [INFO] [gymscan] 0B calls planted 37 @ http://localhost:3000/_nuxt/utils/gymscan/stage.ts?t=1788610422841:1221
[ 1142794ms] [ERROR] WebSocket connection to 'ws://localhost:3000/_nuxt/?token=tPriu_lKvYol' failed: The network connection was lost. @ :0
[ 1142806ms] [LOG] [vite] server connection lost. Polling for restart... @ http://localhost:3000/_nuxt/@vite/client:864
[58716435ms] [INFO] <Suspense> is an experimental feature and its API will likely change. @ http://localhost:3000/_nuxt/node_modules/.pnpm/@vue+runtime-core@3.5.33/node_modules/@vue/runtime-core/dist/runtime-core.esm-bundler.js?v=4a573216:7239
[58716554ms] [LOG] %c[Vercel Web Analytics]%c Debug mode is enabled by default in development. No requests will be sent to the server. color: rgb(120, 120, 120) color: inherit @ https://va.vercel-scripts.com/v1/script.debug.js:0
[58716554ms] [LOG] %c[Vercel Web Analytics]%c Running queued event color: rgb(120, 120, 120) color: inherit pageview {route: /demo, path: /demo} @ https://va.vercel-scripts.com/v1/script.debug.js:0
[58716555ms] [LOG] %c[Vercel Web Analytics]%c [view] http://localhost:3000/demo color: rgb(120, 120, 120) color: inherit {o: http://localhost:3000/demo, sv: 0.1.3, sdkn: @vercel/analytics/nuxt, sdkv: 2.0.1, ts: 1788668060358} /_vercel/insights/view @ https://va.vercel-scripts.com/v1/script.debug.js:0
[58716607ms] [LOG] ✨ %cNuxt DevTools %c Press Shift + Option + D to open DevTools color: black; border-radius: 3px 0 0 3px; padding: 2px 2px 1px 10px; background: #00DC82 border-radius: 0 3px 3px 0; padding: 2px 10px 1px 2px; background: #00DC8220  @ http://localhost:3000/_nuxt/node_modules/.pnpm/@nuxt+devtools@3.2.4_supports-color@10.2.2_vite@7.3.2_@types+node@26.1.1_jiti@2.6.1_ter_28972f42c82fd27b0e3f96c17cda5782/node_modules/@nuxt/devtools/dist/runtime/plugins/devtools.client.js?v=4a573216:51
[58718124ms] [INFO] [gymscan] 0B calls planted 57 @ http://localhost:3000/_nuxt/utils/gymscan/stage.ts:1221
[58719089ms] [WARNING] The resource http://localhost:3000/assets/fonts/inter-latin.woff2 was preloaded using link preload but not used within a few seconds from the window's load event. Please make sure it wasn't preloaded for nothing. @ :0
[58719089ms] [WARNING] The resource http://localhost:3000/assets/fonts/space-grotesk-latin.woff2 was preloaded using link preload but not used within a few seconds from the window's load event. Please make sure it wasn't preloaded for nothing. @ :0
