[      28ms] [WARNING] [Vue Router warn]: uncaught error during route navigation: @ http://localhost:3000/_nuxt/node_modules/.pnpm/vue-router@4.6.4_vue@3.5.33_typescript@5.9.3_/node_modules/vue-router/dist/devtools-EWN81iOl.mjs?v=4a573216:34
[      29ms] [ERROR] TypeError: Importing a module script failed. @ http://localhost:3000/_nuxt/node_modules/.pnpm/vue-router@4.6.4_vue@3.5.33_typescript@5.9.3_/node_modules/vue-router/dist/vue-router.mjs?v=4a573216:1239
[      45ms] [ERROR] [nuxt] error caught during app initialization Error: Importing a module script failed. @ http://localhost:3000/_nuxt/node_modules/.pnpm/nuxt@3.21.2_@emnapi+core@1.10.0_@emnapi+runtime@1.11.3_@parcel+watcher@2.5.6_@types+nod_529923af24574705ccdd3c2cb50f4411/node_modules/nuxt/dist/app/nuxt.js?v=4a573216:123
[      48ms] [WARNING] [Vue Router warn]: Unexpected error when starting the router: TypeError: Importing a module script failed. @ http://localhost:3000/_nuxt/node_modules/.pnpm/vue-router@4.6.4_vue@3.5.33_typescript@5.9.3_/node_modules/vue-router/dist/devtools-EWN81iOl.mjs?v=4a573216:34
[      66ms] [ERROR] [nuxt] error caught during app initialization Error: Importing a module script failed. @ http://localhost:3000/_nuxt/node_modules/.pnpm/nuxt@3.21.2_@emnapi+core@1.10.0_@emnapi+runtime@1.11.3_@parcel+watcher@2.5.6_@types+nod_529923af24574705ccdd3c2cb50f4411/node_modules/nuxt/dist/app/nuxt.js?v=4a573216:123
[      75ms] [INFO] <Suspense> is an experimental feature and its API will likely change. @ http://localhost:3000/_nuxt/node_modules/.pnpm/@vue+runtime-core@3.5.33/node_modules/@vue/runtime-core/dist/runtime-core.esm-bundler.js?v=4a573216:7239
[      79ms] [WARNING] [Vue warn]: Hydration node mismatch:
- rendered on server: JSHandle@node (start of fragment) 
- expected on client: div 
  at <Error key=1 error= Error: Importing a module script failed. > 
  at <NuxtRoot> @ http://localhost:3000/_nuxt/node_modules/.pnpm/@vue+runtime-core@3.5.33/node_modules/@vue/runtime-core/dist/runtime-core.esm-bundler.js?v=4a573216:49
[      80ms] [ERROR] Hydration completed but contains mismatches. @ http://localhost:3000/_nuxt/node_modules/.pnpm/@vue+runtime-core@3.5.33/node_modules/@vue/runtime-core/dist/runtime-core.esm-bundler.js?v=4a573216:1887
[     278ms] [LOG] %c[Vercel Web Analytics]%c Debug mode is enabled by default in development. No requests will be sent to the server. color: rgb(120, 120, 120) color: inherit @ https://va.vercel-scripts.com/v1/script.debug.js:0
[     279ms] [LOG] %c[Vercel Web Analytics]%c Running queued event color: rgb(120, 120, 120) color: inherit pageview {route: /, path: /} @ https://va.vercel-scripts.com/v1/script.debug.js:0
[     279ms] [LOG] %c[Vercel Web Analytics]%c [view] http://localhost:3000/#discover color: rgb(120, 120, 120) color: inherit {o: http://localhost:3000/#discover, sv: 0.1.3, sdkn: @vercel/analytics/nuxt, sdkv: 2.0.1, ts: 1788609885256} /_vercel/insights/view @ https://va.vercel-scripts.com/v1/script.debug.js:0
[     284ms] TypeError: Importing a module script failed.
[    1831ms] [INFO] <Suspense> is an experimental feature and its API will likely change. @ http://localhost:3000/_nuxt/node_modules/.pnpm/@vue+runtime-core@3.5.33/node_modules/@vue/runtime-core/dist/runtime-core.esm-bundler.js?v=4a573216:7239
[    2250ms] [LOG] %c[Vercel Web Analytics]%c Debug mode is enabled by default in development. No requests will be sent to the server. color: rgb(120, 120, 120) color: inherit @ https://va.vercel-scripts.com/v1/script.debug.js:0
[    2251ms] [LOG] %c[Vercel Web Analytics]%c Running queued event color: rgb(120, 120, 120) color: inherit pageview {route: /demo, path: /demo} @ https://va.vercel-scripts.com/v1/script.debug.js:0
[    2252ms] [LOG] %c[Vercel Web Analytics]%c [view] http://localhost:3000/demo#discover color: rgb(120, 120, 120) color: inherit {o: http://localhost:3000/demo#discover, sv: 0.1.3, sdkn: @vercel/analytics/nuxt, sdkv: 2.0.1, ts: 1788609887229} /_vercel/insights/view @ https://va.vercel-scripts.com/v1/script.debug.js:0
[    2356ms] [LOG] ✨ %cNuxt DevTools %c Press Shift + Option + D to open DevTools color: black; border-radius: 3px 0 0 3px; padding: 2px 2px 1px 10px; background: #00DC82 border-radius: 0 3px 3px 0; padding: 2px 10px 1px 2px; background: #00DC8220  @ http://localhost:3000/_nuxt/node_modules/.pnpm/@nuxt+devtools@3.2.4_supports-color@10.2.2_vite@7.3.2_@types+node@26.1.1_jiti@2.6.1_ter_28972f42c82fd27b0e3f96c17cda5782/node_modules/@nuxt/devtools/dist/runtime/plugins/devtools.client.js?v=4a573216:51
[   40005ms] [ERROR] Failed to load resource: the server responded with a status of 503 (Service Unavailable) @ http://localhost:3000/_nuxt/assets/css/gym-experience.css?t=1788609923636&vue&type=style&index=0&src=true&lang.css:0
[   40009ms] [ERROR] [vite] TypeError: Importing a module script failed. @ http://localhost:3000/_nuxt/@vite/client:179
[   40027ms] [ERROR] [vite] Failed to reload /assets/css/gym-experience.css?vue&type=style&index=0&src=true&lang.css. This could be due to syntax errors or importing non-existent modules. (see errors above) @ http://localhost:3000/_nuxt/@vite/client:180
[   40217ms] [ERROR] Failed to load resource: the server responded with a status of 503 (Service Unavailable) @ http://localhost:3000/_nuxt/components/gym/GymCoachingStory.vue?t=1788609923618:0
[   40218ms] [ERROR] [vite] TypeError: Importing a module script failed. @ http://localhost:3000/_nuxt/@vite/client:179
[   40218ms] [ERROR] [vite] Failed to reload /components/gym/GymCoachingStory.vue. This could be due to syntax errors or importing non-existent modules. (see errors above) @ http://localhost:3000/_nuxt/@vite/client:180
[   40235ms] [ERROR] Failed to load resource: the server responded with a status of 503 (Service Unavailable) @ http://localhost:3000/_nuxt/components/gym/GymExperience.vue?t=1788609923630:0
[   40235ms] [ERROR] [vite] TypeError: Importing a module script failed. @ http://localhost:3000/_nuxt/@vite/client:179
[   40235ms] [ERROR] [vite] Failed to reload /components/gym/GymExperience.vue. This could be due to syntax errors or importing non-existent modules. (see errors above) @ http://localhost:3000/_nuxt/@vite/client:180
[   45484ms] [ERROR] WebSocket connection to 'ws://localhost:3000/_nuxt/?token=G1Z2ZdpEPcjy' failed: The network connection was lost. @ :0
[   45509ms] [LOG] [vite] server connection lost. Polling for restart... @ http://localhost:3000/_nuxt/@vite/client:864
