[     944ms] [INFO] <Suspense> is an experimental feature and its API will likely change. @ http://localhost:3001/_nuxt/node_modules/.pnpm/@vue+runtime-core@3.5.33/node_modules/@vue/runtime-core/dist/runtime-core.esm-bundler.js?v=a5ee2bd3:7239
[     970ms] [WARNING] [Vue warn]: Hydration node mismatch:
- rendered on server: JSHandle@node (text) 
- expected on client: p 
  at <1rmCalculator onVnodeUnmounted=fn<onVnodeUnmounted> ref=Ref< undefined > > 
  at <RouteProvider key="/tools/1rm-calculator" vnode= {__v_isVNode: true, __v_skip: true, type: Object, props: Object, key: null} route= {fullPath: /tools/1rm-calculator, hash: , query: undefined, name: tools-1rm-calculator, path: /tools/1rm-calculator}  ... > 
  at <RouterView name=undefined route=undefined > 
  at <NuxtPage > 
  at <Default ref=Ref< undefined > > 
  at <AsyncComponentWrapper ref=Ref< undefined > > 
  at <LayoutLoader key="default" layoutProps= {ref: RefImpl} name="default" > 
  at <NuxtLayoutProvider layoutProps= {ref: RefImpl} key="default" name="default"  ... > 
  at <NuxtLayout > 
  at <App key=4 > 
  at <NuxtRoot> @ http://localhost:3001/_nuxt/node_modules/.pnpm/@vue+runtime-core@3.5.33/node_modules/@vue/runtime-core/dist/runtime-core.esm-bundler.js?v=a5ee2bd3:49
[     971ms] [ERROR] Hydration completed but contains mismatches. @ http://localhost:3001/_nuxt/node_modules/.pnpm/@vue+runtime-core@3.5.33/node_modules/@vue/runtime-core/dist/runtime-core.esm-bundler.js?v=a5ee2bd3:1887
[    1016ms] [LOG] ✨ %cNuxt DevTools %c Press Shift + Option + D to open DevTools color: black; border-radius: 3px 0 0 3px; padding: 2px 2px 1px 10px; background: #00DC82 border-radius: 0 3px 3px 0; padding: 2px 10px 1px 2px; background: #00DC8220  @ http://localhost:3001/_nuxt/node_modules/.pnpm/@nuxt+devtools@3.2.4_supports-color@10.2.2_vite@7.3.2_@types+node@26.1.1_jiti@2.6.1_ter_28972f42c82fd27b0e3f96c17cda5782/node_modules/@nuxt/devtools/dist/runtime/plugins/devtools.client.js?v=a5ee2bd3:51
[    1022ms] [LOG] %c[Vercel Web Analytics]%c Debug mode is enabled by default in development. No requests will be sent to the server. color: rgb(120, 120, 120) color: inherit @ https://va.vercel-scripts.com/v1/script.debug.js:0
[    1022ms] [LOG] %c[Vercel Web Analytics]%c Running queued event color: rgb(120, 120, 120) color: inherit pageview {route: /tools/1rm-calculator, path: /tools/1rm-calculator} @ https://va.vercel-scripts.com/v1/script.debug.js:0
[    1022ms] [LOG] %c[Vercel Web Analytics]%c [view] http://localhost:3001/tools/1rm-calculator color: rgb(120, 120, 120) color: inherit {o: http://localhost:3001/tools/1rm-calculator, sv: 0.1.3, sdkn: @vercel/analytics/nuxt, sdkv: 2.0.1, ts: 1788986033336} /_vercel/insights/view @ https://va.vercel-scripts.com/v1/script.debug.js:0
[  199001ms] [LOG] %cssr:success%c Vite server hmr 54 files 
      background: #2ecc71;
      border-radius: 0.5em;
      color: white;
      font-weight: bold;
      padding: 2px 0.5em;
      in 71.392ms 
  at vite_node_entry_default (node_modules/.pnpm/@nuxt+vite-builder@3.21.2_@types+node@26.1.1_magicast@0.5.2_nuxt@3.21.2_@emnapi+core@1._a4b3153523cf62a7d8205505e2d0041e/node_modules/@nuxt/vite-builder/dist/vite-node-entry.mjs)
  at process.processTicksAndRejections (node:internal/process/task_queues)
  at async Object.renderToString (node_modules/.pnpm/vue-bundle-renderer@2.2.0/node_modules/vue-bundle-renderer/dist/runtime.mjs)
 @ http://localhost:3001/_nuxt/node_modules/.pnpm/consola@3.4.2/node_modules/consola/dist/browser.mjs?v=a5ee2bd3:47
[  199068ms] [INFO] <Suspense> is an experimental feature and its API will likely change. @ http://localhost:3001/_nuxt/node_modules/.pnpm/@vue+runtime-core@3.5.33/node_modules/@vue/runtime-core/dist/runtime-core.esm-bundler.js?v=a5ee2bd3:7239
[  199209ms] [WARNING] [Vue warn]: Hydration node mismatch:
- rendered on server: JSHandle@node (text) 
- expected on client: p 
  at <1rmCalculator onVnodeUnmounted=fn<onVnodeUnmounted> ref=Ref< undefined > > 
  at <RouteProvider key="/tools/1rm-calculator" vnode= {__v_isVNode: true, __v_skip: true, type: Object, props: Object, key: null} route= {fullPath: /tools/1rm-calculator?w=100&r=5&u=kg&lift=lat-pulldown, hash: , query: Object, name: tools-1rm-calculator, path: /tools/1rm-calculator}  ... > 
  at <RouterView name=undefined route=undefined > 
  at <NuxtPage > 
  at <Default ref=Ref< undefined > > 
  at <AsyncComponentWrapper ref=Ref< undefined > > 
  at <LayoutLoader key="default" layoutProps= {ref: RefImpl} name="default" > 
  at <NuxtLayoutProvider layoutProps= {ref: RefImpl} key="default" name="default"  ... > 
  at <NuxtLayout > 
  at <App key=4 > 
  at <NuxtRoot> @ http://localhost:3001/_nuxt/node_modules/.pnpm/@vue+runtime-core@3.5.33/node_modules/@vue/runtime-core/dist/runtime-core.esm-bundler.js?v=a5ee2bd3:49
[  199212ms] [ERROR] Hydration completed but contains mismatches. @ http://localhost:3001/_nuxt/node_modules/.pnpm/@vue+runtime-core@3.5.33/node_modules/@vue/runtime-core/dist/runtime-core.esm-bundler.js?v=a5ee2bd3:1887
[  199333ms] [LOG] ✨ %cNuxt DevTools %c Press Shift + Option + D to open DevTools color: black; border-radius: 3px 0 0 3px; padding: 2px 2px 1px 10px; background: #00DC82 border-radius: 0 3px 3px 0; padding: 2px 10px 1px 2px; background: #00DC8220  @ http://localhost:3001/_nuxt/node_modules/.pnpm/@nuxt+devtools@3.2.4_supports-color@10.2.2_vite@7.3.2_@types+node@26.1.1_jiti@2.6.1_ter_28972f42c82fd27b0e3f96c17cda5782/node_modules/@nuxt/devtools/dist/runtime/plugins/devtools.client.js?v=a5ee2bd3:51
[  199338ms] [LOG] %c[Vercel Web Analytics]%c Debug mode is enabled by default in development. No requests will be sent to the server. color: rgb(120, 120, 120) color: inherit @ https://va.vercel-scripts.com/v1/script.debug.js:0
[  199338ms] [LOG] %c[Vercel Web Analytics]%c Running queued event color: rgb(120, 120, 120) color: inherit pageview {route: /tools/1rm-calculator, path: /tools/1rm-calculator} @ https://va.vercel-scripts.com/v1/script.debug.js:0
[  199338ms] [LOG] %c[Vercel Web Analytics]%c [view] http://localhost:3001/tools/1rm-calculator?w=100&r=5&u=kg&lift=lat-pulldown color: rgb(120, 120, 120) color: inherit {o: http://localhost:3001/tools/1rm-calculator?w=100&r=5&u=kg&lift=lat-pulldown, sv: 0.1.3, sdkn: @vercel/analytics/nuxt, sdkv: 2.0.1, ts: 1788986231652} /_vercel/insights/view @ https://va.vercel-scripts.com/v1/script.debug.js:0
[  231683ms] [ERROR] WebSocket connection to 'ws://localhost:3001/_nuxt/?token=VE4_LsJzIXLf' failed: The network connection was lost. @ :0
[  231703ms] [LOG] [vite] server connection lost. Polling for restart... @ http://localhost:3001/_nuxt/@vite/client:864
[  412172ms] [INFO] <Suspense> is an experimental feature and its API will likely change. @ http://localhost:3001/_nuxt/node_modules/.pnpm/@vue+runtime-core@3.5.33/node_modules/@vue/runtime-core/dist/runtime-core.esm-bundler.js?v=a5ee2bd3:7239
[  412240ms] [WARNING] [Vue warn]: Hydration node mismatch:
- rendered on server: JSHandle@node (text) 
- expected on client: p 
  at <1rmCalculator onVnodeUnmounted=fn<onVnodeUnmounted> ref=Ref< undefined > > 
  at <RouteProvider key="/tools/1rm-calculator" vnode= {__v_isVNode: true, __v_skip: true, type: Object, props: Object, key: null} route= {fullPath: /tools/1rm-calculator?w=100&r=5&u=kg&lift=lat-pulldown, hash: , query: Object, name: tools-1rm-calculator, path: /tools/1rm-calculator}  ... > 
  at <RouterView name=undefined route=undefined > 
  at <NuxtPage > 
  at <Default ref=Ref< undefined > > 
  at <AsyncComponentWrapper ref=Ref< undefined > > 
  at <LayoutLoader key="default" layoutProps= {ref: RefImpl} name="default" > 
  at <NuxtLayoutProvider layoutProps= {ref: RefImpl} key="default" name="default"  ... > 
  at <NuxtLayout > 
  at <App key=4 > 
  at <NuxtRoot> @ http://localhost:3001/_nuxt/node_modules/.pnpm/@vue+runtime-core@3.5.33/node_modules/@vue/runtime-core/dist/runtime-core.esm-bundler.js?v=a5ee2bd3:49
[  412244ms] [ERROR] Hydration completed but contains mismatches. @ http://localhost:3001/_nuxt/node_modules/.pnpm/@vue+runtime-core@3.5.33/node_modules/@vue/runtime-core/dist/runtime-core.esm-bundler.js?v=a5ee2bd3:1887
[  412344ms] [LOG] ✨ %cNuxt DevTools %c Press Shift + Option + D to open DevTools color: black; border-radius: 3px 0 0 3px; padding: 2px 2px 1px 10px; background: #00DC82 border-radius: 0 3px 3px 0; padding: 2px 10px 1px 2px; background: #00DC8220  @ http://localhost:3001/_nuxt/node_modules/.pnpm/@nuxt+devtools@3.2.4_supports-color@10.2.2_vite@7.3.2_@types+node@26.1.1_jiti@2.6.1_ter_28972f42c82fd27b0e3f96c17cda5782/node_modules/@nuxt/devtools/dist/runtime/plugins/devtools.client.js?v=a5ee2bd3:51
[  412380ms] [LOG] %c[Vercel Web Analytics]%c Debug mode is enabled by default in development. No requests will be sent to the server. color: rgb(120, 120, 120) color: inherit @ https://va.vercel-scripts.com/v1/script.debug.js:0
[  412380ms] [LOG] %c[Vercel Web Analytics]%c Running queued event color: rgb(120, 120, 120) color: inherit pageview {route: /tools/1rm-calculator, path: /tools/1rm-calculator} @ https://va.vercel-scripts.com/v1/script.debug.js:0
[  412380ms] [LOG] %c[Vercel Web Analytics]%c [view] http://localhost:3001/tools/1rm-calculator?w=100&r=5&u=kg&lift=lat-pulldown color: rgb(120, 120, 120) color: inherit {o: http://localhost:3001/tools/1rm-calculator?w=100&r=5&u=kg&lift=lat-pulldown, sv: 0.1.3, sdkn: @vercel/analytics/nuxt, sdkv: 2.0.1, ts: 1788986444694} /_vercel/insights/view @ https://va.vercel-scripts.com/v1/script.debug.js:0
[  465054ms] [LOG] %cssr:success%c Vite server hmr 30 files 
      background: #2ecc71;
      border-radius: 0.5em;
      color: white;
      font-weight: bold;
      padding: 2px 0.5em;
      in 314.661ms 
  at vite_node_entry_default (node_modules/.pnpm/@nuxt+vite-builder@3.21.2_@types+node@26.1.1_magicast@0.5.2_nuxt@3.21.2_@emnapi+core@1._a4b3153523cf62a7d8205505e2d0041e/node_modules/@nuxt/vite-builder/dist/vite-node-entry.mjs)
  at process.processTicksAndRejections (node:internal/process/task_queues)
  at async Object.renderToString (node_modules/.pnpm/vue-bundle-renderer@2.2.0/node_modules/vue-bundle-renderer/dist/runtime.mjs)
 @ http://localhost:3001/_nuxt/node_modules/.pnpm/consola@3.4.2/node_modules/consola/dist/browser.mjs?v=a5ee2bd3:47
[  465097ms] [INFO] <Suspense> is an experimental feature and its API will likely change. @ http://localhost:3001/_nuxt/node_modules/.pnpm/@vue+runtime-core@3.5.33/node_modules/@vue/runtime-core/dist/runtime-core.esm-bundler.js?v=a5ee2bd3:7239
[  465134ms] [WARNING] [Vue warn]: Hydration node mismatch:
- rendered on server: JSHandle@node (text) 
- expected on client: p 
  at <1rmCalculator onVnodeUnmounted=fn<onVnodeUnmounted> ref=Ref< undefined > > 
  at <RouteProvider key="/tools/1rm-calculator" vnode= {__v_isVNode: true, __v_skip: true, type: Object, props: Object, key: null} route= {fullPath: /tools/1rm-calculator?w=100&r=5&u=kg&lift=lat-pulldown, hash: , query: Object, name: tools-1rm-calculator, path: /tools/1rm-calculator}  ... > 
  at <RouterView name=undefined route=undefined > 
  at <NuxtPage > 
  at <Default ref=Ref< undefined > > 
  at <AsyncComponentWrapper ref=Ref< undefined > > 
  at <LayoutLoader key="default" layoutProps= {ref: RefImpl} name="default" > 
  at <NuxtLayoutProvider layoutProps= {ref: RefImpl} key="default" name="default"  ... > 
  at <NuxtLayout > 
  at <App key=4 > 
  at <NuxtRoot> @ http://localhost:3001/_nuxt/node_modules/.pnpm/@vue+runtime-core@3.5.33/node_modules/@vue/runtime-core/dist/runtime-core.esm-bundler.js?v=a5ee2bd3:49
[  465135ms] [ERROR] Hydration completed but contains mismatches. @ http://localhost:3001/_nuxt/node_modules/.pnpm/@vue+runtime-core@3.5.33/node_modules/@vue/runtime-core/dist/runtime-core.esm-bundler.js?v=a5ee2bd3:1887
[  465189ms] [LOG] ✨ %cNuxt DevTools %c Press Shift + Option + D to open DevTools color: black; border-radius: 3px 0 0 3px; padding: 2px 2px 1px 10px; background: #00DC82 border-radius: 0 3px 3px 0; padding: 2px 10px 1px 2px; background: #00DC8220  @ http://localhost:3001/_nuxt/node_modules/.pnpm/@nuxt+devtools@3.2.4_supports-color@10.2.2_vite@7.3.2_@types+node@26.1.1_jiti@2.6.1_ter_28972f42c82fd27b0e3f96c17cda5782/node_modules/@nuxt/devtools/dist/runtime/plugins/devtools.client.js?v=a5ee2bd3:51
[  465201ms] [LOG] %c[Vercel Web Analytics]%c Debug mode is enabled by default in development. No requests will be sent to the server. color: rgb(120, 120, 120) color: inherit @ https://va.vercel-scripts.com/v1/script.debug.js:0
[  465201ms] [LOG] %c[Vercel Web Analytics]%c Running queued event color: rgb(120, 120, 120) color: inherit pageview {route: /tools/1rm-calculator, path: /tools/1rm-calculator} @ https://va.vercel-scripts.com/v1/script.debug.js:0
[  465201ms] [LOG] %c[Vercel Web Analytics]%c [view] http://localhost:3001/tools/1rm-calculator?w=100&r=5&u=kg&lift=lat-pulldown color: rgb(120, 120, 120) color: inherit {o: http://localhost:3001/tools/1rm-calculator?w=100&r=5&u=kg&lift=lat-pulldown, sv: 0.1.3, sdkn: @vercel/analytics/nuxt, sdkv: 2.0.1, ts: 1788986497516} /_vercel/insights/view @ https://va.vercel-scripts.com/v1/script.debug.js:0
[  467986ms] [WARNING] The resource http://localhost:3001/assets/fonts/inter-latin.woff2 was preloaded using link preload but not used within a few seconds from the window's load event. Please make sure it wasn't preloaded for nothing. @ :0
[  467986ms] [WARNING] The resource http://localhost:3001/assets/fonts/space-grotesk-latin.woff2 was preloaded using link preload but not used within a few seconds from the window's load event. Please make sure it wasn't preloaded for nothing. @ :0
