[     553ms] [ERROR] [vite] TypeError: Importing a module script failed. @ http://localhost:3001/_nuxt/@vite/client:179
[     559ms] [ERROR] [vite] Failed to reload /assets/css/gym-coaching.css?vue&type=style&index=0&src=true&lang.css. This could be due to syntax errors or importing non-existent modules. (see errors above) @ http://localhost:3001/_nuxt/@vite/client:180
[     719ms] [ERROR] [vite] TypeError: Importing a module script failed. @ http://localhost:3001/_nuxt/@vite/client:179
[     719ms] [ERROR] [vite] Failed to reload /components/gym/GymCoachingStory.vue. This could be due to syntax errors or importing non-existent modules. (see errors above) @ http://localhost:3001/_nuxt/@vite/client:180
[    4739ms] [LOG] %cssr:success%c Vite server hmr 15 files 
      background: #2ecc71;
      border-radius: 0.5em;
      color: white;
      font-weight: bold;
      padding: 2px 0.5em;
      in 81.422ms 
  at vite_node_entry_default (node_modules/.pnpm/@nuxt+vite-builder@3.21.2_@types+node@26.1.1_magicast@0.5.2_nuxt@3.21.2_@emnapi+core@1._a4b3153523cf62a7d8205505e2d0041e/node_modules/@nuxt/vite-builder/dist/vite-node-entry.mjs)
  at process.processTicksAndRejections (node:internal/process/task_queues)
  at async Object.renderToString (node_modules/.pnpm/vue-bundle-renderer@2.2.0/node_modules/vue-bundle-renderer/dist/runtime.mjs)
 @ http://localhost:3001/_nuxt/node_modules/.pnpm/consola@3.4.2/node_modules/consola/dist/browser.mjs?v=13688f5d:47
[    4799ms] [INFO] <Suspense> is an experimental feature and its API will likely change. @ http://localhost:3001/_nuxt/node_modules/.pnpm/@vue+runtime-core@3.5.33/node_modules/@vue/runtime-core/dist/runtime-core.esm-bundler.js?v=13688f5d:7239
[    5666ms] [LOG] %c[Vercel Web Analytics]%c Debug mode is enabled by default in development. No requests will be sent to the server. color: rgb(120, 120, 120) color: inherit @ https://va.vercel-scripts.com/v1/script.debug.js:0
[    5666ms] [LOG] %c[Vercel Web Analytics]%c Running queued event color: rgb(120, 120, 120) color: inherit pageview {route: /demo, path: /demo} @ https://va.vercel-scripts.com/v1/script.debug.js:0
[    5667ms] [LOG] %c[Vercel Web Analytics]%c [view] http://localhost:3001/demo#discover color: rgb(120, 120, 120) color: inherit {o: http://localhost:3001/demo#discover, sv: 0.1.3, sdkn: @vercel/analytics/nuxt, sdkv: 2.0.1, ts: 1788921314251} /_vercel/insights/view @ https://va.vercel-scripts.com/v1/script.debug.js:0
[    5734ms] [LOG] ✨ %cNuxt DevTools %c Press Shift + Option + D to open DevTools color: black; border-radius: 3px 0 0 3px; padding: 2px 2px 1px 10px; background: #00DC82 border-radius: 0 3px 3px 0; padding: 2px 10px 1px 2px; background: #00DC8220  @ http://localhost:3001/_nuxt/node_modules/.pnpm/@nuxt+devtools@3.2.4_supports-color@10.2.2_vite@7.3.2_@types+node@26.1.1_jiti@2.6.1_ter_28972f42c82fd27b0e3f96c17cda5782/node_modules/@nuxt/devtools/dist/runtime/plugins/devtools.client.js?v=13688f5d:51
[    7067ms] [INFO] [gymscan] 0B calls planted 71 @ http://localhost:3001/_nuxt/utils/gymscan/stage.ts:1271
[   26371ms] [ERROR] WebSocket connection to 'ws://localhost:3001/_nuxt/?token=y67UVh1I2Zoj' failed: The network connection was lost. @ :0
[   26372ms] [LOG] [vite] server connection lost. Polling for restart... @ http://localhost:3001/_nuxt/@vite/client:864
[   27587ms] [ERROR] Failed to load resource: the server responded with a status of 503 (Service Unavailable) @ http://localhost:3001/demo#discover:0
[   27701ms] [ERROR] Failed to load resource: the server responded with a status of 503 (Service Unavailable) @ http://localhost:3001/demo#discover:0
[   28859ms] [ERROR] Failed to load resource: the server responded with a status of 503 (Service Unavailable) @ http://localhost:3001/demo#discover:0
[   32629ms] [INFO] <Suspense> is an experimental feature and its API will likely change. @ http://localhost:3001/_nuxt/node_modules/.pnpm/@vue+runtime-core@3.5.33/node_modules/@vue/runtime-core/dist/runtime-core.esm-bundler.js?v=13688f5d:7239
[   32799ms] [LOG] %c[Vercel Web Analytics]%c Debug mode is enabled by default in development. No requests will be sent to the server. color: rgb(120, 120, 120) color: inherit @ https://va.vercel-scripts.com/v1/script.debug.js:0
[   32799ms] [LOG] %c[Vercel Web Analytics]%c Running queued event color: rgb(120, 120, 120) color: inherit pageview {route: /demo, path: /demo} @ https://va.vercel-scripts.com/v1/script.debug.js:0
[   32799ms] [LOG] %c[Vercel Web Analytics]%c [view] http://localhost:3001/demo#discover color: rgb(120, 120, 120) color: inherit {o: http://localhost:3001/demo#discover, sv: 0.1.3, sdkn: @vercel/analytics/nuxt, sdkv: 2.0.1, ts: 1788921341384} /_vercel/insights/view @ https://va.vercel-scripts.com/v1/script.debug.js:0
[   32817ms] [LOG] ✨ %cNuxt DevTools %c Press Shift + Option + D to open DevTools color: black; border-radius: 3px 0 0 3px; padding: 2px 2px 1px 10px; background: #00DC82 border-radius: 0 3px 3px 0; padding: 2px 10px 1px 2px; background: #00DC8220  @ http://localhost:3001/_nuxt/node_modules/.pnpm/@nuxt+devtools@3.2.4_supports-color@10.2.2_vite@7.3.2_@types+node@26.1.1_jiti@2.6.1_ter_28972f42c82fd27b0e3f96c17cda5782/node_modules/@nuxt/devtools/dist/runtime/plugins/devtools.client.js?v=13688f5d:51
[   34908ms] [INFO] [gymscan] 0B calls explode 81 @ http://localhost:3001/_nuxt/utils/gymscan/stage.ts:1267
[   35041ms] [INFO] [gymscan] 0B calls planted 51 @ http://localhost:3001/_nuxt/utils/gymscan/stage.ts:1271
[   38303ms] [ERROR] WebSocket connection to 'ws://localhost:3001/_nuxt/?token=xqTF6xxCKvZP' failed: The network connection was lost. @ :0
[   38304ms] [LOG] [vite] server connection lost. Polling for restart... @ http://localhost:3001/_nuxt/@vite/client:864
[   39533ms] [ERROR] Failed to load resource: the server responded with a status of 503 (Service Unavailable) @ http://localhost:3001/demo#discover:0
[   39643ms] [ERROR] Failed to load resource: the server responded with a status of 503 (Service Unavailable) @ http://localhost:3001/demo#discover:0
[   40869ms] [ERROR] Failed to load resource: the server responded with a status of 503 (Service Unavailable) @ http://localhost:3001/demo#discover:0
[   44472ms] [INFO] <Suspense> is an experimental feature and its API will likely change. @ http://localhost:3001/_nuxt/node_modules/.pnpm/@vue+runtime-core@3.5.33/node_modules/@vue/runtime-core/dist/runtime-core.esm-bundler.js?v=13688f5d:7239
[   44659ms] [LOG] %c[Vercel Web Analytics]%c Debug mode is enabled by default in development. No requests will be sent to the server. color: rgb(120, 120, 120) color: inherit @ https://va.vercel-scripts.com/v1/script.debug.js:0
[   44659ms] [LOG] %c[Vercel Web Analytics]%c Running queued event color: rgb(120, 120, 120) color: inherit pageview {route: /demo, path: /demo} @ https://va.vercel-scripts.com/v1/script.debug.js:0
[   44660ms] [LOG] %c[Vercel Web Analytics]%c [view] http://localhost:3001/demo#discover color: rgb(120, 120, 120) color: inherit {o: http://localhost:3001/demo#discover, sv: 0.1.3, sdkn: @vercel/analytics/nuxt, sdkv: 2.0.1, ts: 1788921353244} /_vercel/insights/view @ https://va.vercel-scripts.com/v1/script.debug.js:0
[   44694ms] [LOG] ✨ %cNuxt DevTools %c Press Shift + Option + D to open DevTools color: black; border-radius: 3px 0 0 3px; padding: 2px 2px 1px 10px; background: #00DC82 border-radius: 0 3px 3px 0; padding: 2px 10px 1px 2px; background: #00DC8220  @ http://localhost:3001/_nuxt/node_modules/.pnpm/@nuxt+devtools@3.2.4_supports-color@10.2.2_vite@7.3.2_@types+node@26.1.1_jiti@2.6.1_ter_28972f42c82fd27b0e3f96c17cda5782/node_modules/@nuxt/devtools/dist/runtime/plugins/devtools.client.js?v=13688f5d:51
[   48352ms] [INFO] [gymscan] 0B calls explode 57 @ http://localhost:3001/_nuxt/utils/gymscan/stage.ts:1267
[   48573ms] [INFO] [gymscan] 0B calls planted 51 @ http://localhost:3001/_nuxt/utils/gymscan/stage.ts:1271
