[     249ms] [WARNING] [Vue warn]: Slot "default" invoked outside of the render function: this will not track dependencies used in the slot. Invoke the slot function inside the render function instead. 
  at <RouterView name=undefined route=undefined > 
  at <NuxtPage > 
  at <NuxtLayoutProvider layoutProps= {ref: RefImpl} key=undefined name=false  ... > 
  at <NuxtLayout > 
  at <App key=4 > 
  at <NuxtRoot> @ http://localhost:3001/_nuxt/node_modules/.pnpm/@vue+runtime-core@3.5.33/node_modules/@vue/runtime-core/dist/runtime-core.esm-bundler.js?v=13688f5d:49
[     266ms] [LOG] %c[Vercel Web Analytics]%c [view] http://localhost:3001/demo#gyms color: rgb(120, 120, 120) color: inherit {o: http://localhost:3001/demo#gyms, sv: 0.1.3, sdkn: @vercel/analytics/nuxt, sdkv: 2.0.1, ts: 1788924372955} /_vercel/insights/view @ https://va.vercel-scripts.com/v1/script.debug.js:0
[     529ms] [WARNING] [Vue warn]: Unhandled error during execution of component update 
  at <GymExperience > 
  at <Demo onVnodeUnmounted=fn<onVnodeUnmounted> ref=Ref< Proxy > > 
  at <RouteProvider key="/demo" vnode= {__v_isVNode: true, __v_skip: true, type: Object, props: Object, key: null} route= {fullPath: /demo#gyms, path: /demo, query: undefined, hash: #gyms, name: demo}  ... > 
  at <RouterView name=undefined route=undefined > 
  at <NuxtPage > 
  at <NuxtLayoutProvider layoutProps= {ref: RefImpl} key=undefined name=false  ... > 
  at <NuxtLayout > 
  at <App key=4 > 
  at <NuxtRoot> @ http://localhost:3001/_nuxt/node_modules/.pnpm/@vue+runtime-core@3.5.33/node_modules/@vue/runtime-core/dist/runtime-core.esm-bundler.js?v=13688f5d:49
[     543ms] Unhandled Promise Rejection: TypeError: null is not an object (evaluating 'component.emitsOptions')
    at logError (http://localhost:3001/_nuxt/node_modules/.pnpm/@vue+runtime-core@3.5.33/node_modules/@vue/runtime-core/dist/runtime-core.esm-bundler.js?v=13688f5d:266:16)
    at handleError (http://localhost:3001/_nuxt/node_modules/.pnpm/@vue+runtime-core@3.5.33/node_modules/@vue/runtime-core/dist/runtime-core.esm-bundler.js?v=13688f5d:253:11)
    at callWithErrorHandling (http://localhost:3001/_nuxt/node_modules/.pnpm/@vue+runtime-core@3.5.33/node_modules/@vue/runtime-core/dist/runtime-core.esm-bundler.js?v=13688f5d:199:16)
    at flushJobs (http://localhost:3001/_nuxt/node_modules/.pnpm/@vue+runtime-core@3.5.33/node_modules/@vue/runtime-core/dist/runtime-core.esm-bundler.js?v=13688f5d:405:30)
[   18770ms] [LOG] %cssr:success%c Vite server hmr 18 files 
      background: #2ecc71;
      border-radius: 0.5em;
      color: white;
      font-weight: bold;
      padding: 2px 0.5em;
      in 28.41ms 
  at vite_node_entry_default (node_modules/.pnpm/@nuxt+vite-builder@3.21.2_@types+node@26.1.1_magicast@0.5.2_nuxt@3.21.2_@emnapi+core@1._a4b3153523cf62a7d8205505e2d0041e/node_modules/@nuxt/vite-builder/dist/vite-node-entry.mjs)
  at process.processTicksAndRejections (node:internal/process/task_queues)
  at async Object.renderToString (node_modules/.pnpm/vue-bundle-renderer@2.2.0/node_modules/vue-bundle-renderer/dist/runtime.mjs)
 @ http://localhost:3001/_nuxt/node_modules/.pnpm/consola@3.4.2/node_modules/consola/dist/browser.mjs?v=13688f5d:47
[   18835ms] [INFO] <Suspense> is an experimental feature and its API will likely change. @ http://localhost:3001/_nuxt/node_modules/.pnpm/@vue+runtime-core@3.5.33/node_modules/@vue/runtime-core/dist/runtime-core.esm-bundler.js?v=13688f5d:7239
[   19194ms] [LOG] %c[Vercel Web Analytics]%c Debug mode is enabled by default in development. No requests will be sent to the server. color: rgb(120, 120, 120) color: inherit @ https://va.vercel-scripts.com/v1/script.debug.js:0
[   19195ms] [LOG] %c[Vercel Web Analytics]%c Running queued event color: rgb(120, 120, 120) color: inherit pageview {route: /demo, path: /demo} @ https://va.vercel-scripts.com/v1/script.debug.js:0
[   19196ms] [LOG] %c[Vercel Web Analytics]%c [view] http://localhost:3001/demo#gyms color: rgb(120, 120, 120) color: inherit {o: http://localhost:3001/demo#gyms, sv: 0.1.3, sdkn: @vercel/analytics/nuxt, sdkv: 2.0.1, ts: 1788924391911} /_vercel/insights/view @ https://va.vercel-scripts.com/v1/script.debug.js:0
[   19239ms] [LOG] ✨ %cNuxt DevTools %c Press Shift + Option + D to open DevTools color: black; border-radius: 3px 0 0 3px; padding: 2px 2px 1px 10px; background: #00DC82 border-radius: 0 3px 3px 0; padding: 2px 10px 1px 2px; background: #00DC8220  @ http://localhost:3001/_nuxt/node_modules/.pnpm/@nuxt+devtools@3.2.4_supports-color@10.2.2_vite@7.3.2_@types+node@26.1.1_jiti@2.6.1_ter_28972f42c82fd27b0e3f96c17cda5782/node_modules/@nuxt/devtools/dist/runtime/plugins/devtools.client.js?v=13688f5d:51
[   20103ms] [INFO] [gymscan] 0B calls planted 71 @ http://localhost:3001/_nuxt/utils/gymscan/stage.ts?t=1788924338026:1271
[  210077ms] [INFO] [gymscan] 0B calls explode 80 @ http://localhost:3001/_nuxt/utils/gymscan/stage.ts?t=1788924581052:1267
[  210218ms] [INFO] [gymscan] 0B calls planted 51 @ http://localhost:3001/_nuxt/utils/gymscan/stage.ts?t=1788924581052:1271
[  226970ms] [ERROR] WebSocket connection to 'ws://localhost:3001/_nuxt/?token=PqLiVEVaeI_I' failed: The network connection was lost. @ :0
[  226970ms] [LOG] [vite] server connection lost. Polling for restart... @ http://localhost:3001/_nuxt/@vite/client:864
[  228366ms] [ERROR] Failed to load resource: the server responded with a status of 503 (Service Unavailable) @ http://localhost:3001/demo#gyms:0
[  228567ms] [ERROR] Failed to load resource: the server responded with a status of 503 (Service Unavailable) @ http://localhost:3001/demo#gyms:0
[  229599ms] [ERROR] Failed to load resource: the server responded with a status of 503 (Service Unavailable) @ http://localhost:3001/demo#gyms:0
[  230615ms] [ERROR] Failed to load resource: the server responded with a status of 503 (Service Unavailable) @ http://localhost:3001/demo#gyms:0
[  237897ms] [INFO] <Suspense> is an experimental feature and its API will likely change. @ http://localhost:3001/_nuxt/node_modules/.pnpm/@vue+runtime-core@3.5.33/node_modules/@vue/runtime-core/dist/runtime-core.esm-bundler.js?v=13688f5d:7239
[  238134ms] [LOG] %c[Vercel Web Analytics]%c Debug mode is enabled by default in development. No requests will be sent to the server. color: rgb(120, 120, 120) color: inherit @ https://va.vercel-scripts.com/v1/script.debug.js:0
[  238134ms] [LOG] %c[Vercel Web Analytics]%c Running queued event color: rgb(120, 120, 120) color: inherit pageview {route: /demo, path: /demo} @ https://va.vercel-scripts.com/v1/script.debug.js:0
[  238136ms] [LOG] %c[Vercel Web Analytics]%c [view] http://localhost:3001/demo#gyms color: rgb(120, 120, 120) color: inherit {o: http://localhost:3001/demo#gyms, sv: 0.1.3, sdkn: @vercel/analytics/nuxt, sdkv: 2.0.1, ts: 1788924610850} /_vercel/insights/view @ https://va.vercel-scripts.com/v1/script.debug.js:0
[  238183ms] [LOG] ✨ %cNuxt DevTools %c Press Shift + Option + D to open DevTools color: black; border-radius: 3px 0 0 3px; padding: 2px 2px 1px 10px; background: #00DC82 border-radius: 0 3px 3px 0; padding: 2px 10px 1px 2px; background: #00DC8220  @ http://localhost:3001/_nuxt/node_modules/.pnpm/@nuxt+devtools@3.2.4_supports-color@10.2.2_vite@7.3.2_@types+node@26.1.1_jiti@2.6.1_ter_28972f42c82fd27b0e3f96c17cda5782/node_modules/@nuxt/devtools/dist/runtime/plugins/devtools.client.js?v=13688f5d:51
[  240080ms] [INFO] [gymscan] 0B calls planted 71 @ http://localhost:3001/_nuxt/utils/gymscan/stage.ts:1271
[  244987ms] [ERROR] WebSocket connection to 'ws://localhost:3001/_nuxt/?token=iYk--0WpYKb1' failed: The network connection was lost. @ :0
[  244988ms] [LOG] [vite] server connection lost. Polling for restart... @ http://localhost:3001/_nuxt/@vite/client:864
[  246704ms] [ERROR] Failed to load resource: the server responded with a status of 503 (Service Unavailable) @ http://localhost:3001/demo#gyms:0
[  246798ms] [ERROR] Failed to load resource: the server responded with a status of 503 (Service Unavailable) @ http://localhost:3001/demo#gyms:0
[  247832ms] [ERROR] Failed to load resource: the server responded with a status of 503 (Service Unavailable) @ http://localhost:3001/demo#gyms:0
[  252585ms] [INFO] <Suspense> is an experimental feature and its API will likely change. @ http://localhost:3001/_nuxt/node_modules/.pnpm/@vue+runtime-core@3.5.33/node_modules/@vue/runtime-core/dist/runtime-core.esm-bundler.js?v=13688f5d:7239
[  252748ms] [LOG] %c[Vercel Web Analytics]%c Debug mode is enabled by default in development. No requests will be sent to the server. color: rgb(120, 120, 120) color: inherit @ https://va.vercel-scripts.com/v1/script.debug.js:0
[  252748ms] [LOG] %c[Vercel Web Analytics]%c Running queued event color: rgb(120, 120, 120) color: inherit pageview {route: /demo, path: /demo} @ https://va.vercel-scripts.com/v1/script.debug.js:0
[  252750ms] [LOG] %c[Vercel Web Analytics]%c [view] http://localhost:3001/demo#gyms color: rgb(120, 120, 120) color: inherit {o: http://localhost:3001/demo#gyms, sv: 0.1.3, sdkn: @vercel/analytics/nuxt, sdkv: 2.0.1, ts: 1788924625464} /_vercel/insights/view @ https://va.vercel-scripts.com/v1/script.debug.js:0
[  252793ms] [LOG] ✨ %cNuxt DevTools %c Press Shift + Option + D to open DevTools color: black; border-radius: 3px 0 0 3px; padding: 2px 2px 1px 10px; background: #00DC82 border-radius: 0 3px 3px 0; padding: 2px 10px 1px 2px; background: #00DC8220  @ http://localhost:3001/_nuxt/node_modules/.pnpm/@nuxt+devtools@3.2.4_supports-color@10.2.2_vite@7.3.2_@types+node@26.1.1_jiti@2.6.1_ter_28972f42c82fd27b0e3f96c17cda5782/node_modules/@nuxt/devtools/dist/runtime/plugins/devtools.client.js?v=13688f5d:51
[  254073ms] [INFO] [gymscan] 0B calls planted 71 @ http://localhost:3001/_nuxt/utils/gymscan/stage.ts:1271
[  528241ms] [LOG] %cssr:success%c Vite server hmr 47 files 
      background: #2ecc71;
      border-radius: 0.5em;
      color: white;
      font-weight: bold;
      padding: 2px 0.5em;
      in 29.183ms 
  at vite_node_entry_default (node_modules/.pnpm/@nuxt+vite-builder@3.21.2_@types+node@26.1.1_magicast@0.5.2_nuxt@3.21.2_@emnapi+core@1._a4b3153523cf62a7d8205505e2d0041e/node_modules/@nuxt/vite-builder/dist/vite-node-entry.mjs)
  at process.processTicksAndRejections (node:internal/process/task_queues)
  at async Object.renderToString (node_modules/.pnpm/vue-bundle-renderer@2.2.0/node_modules/vue-bundle-renderer/dist/runtime.mjs)
 @ http://localhost:3001/_nuxt/node_modules/.pnpm/consola@3.4.2/node_modules/consola/dist/browser.mjs?v=13688f5d:47
[  528273ms] [INFO] <Suspense> is an experimental feature and its API will likely change. @ http://localhost:3001/_nuxt/node_modules/.pnpm/@vue+runtime-core@3.5.33/node_modules/@vue/runtime-core/dist/runtime-core.esm-bundler.js?v=13688f5d:7239
[  528405ms] [LOG] %c[Vercel Web Analytics]%c Debug mode is enabled by default in development. No requests will be sent to the server. color: rgb(120, 120, 120) color: inherit @ https://va.vercel-scripts.com/v1/script.debug.js:0
[  528405ms] [LOG] %c[Vercel Web Analytics]%c Running queued event color: rgb(120, 120, 120) color: inherit pageview {route: /demo, path: /demo} @ https://va.vercel-scripts.com/v1/script.debug.js:0
[  528405ms] [LOG] %c[Vercel Web Analytics]%c [view] http://localhost:3001/demo#gyms color: rgb(120, 120, 120) color: inherit {o: http://localhost:3001/demo#gyms, sv: 0.1.3, sdkn: @vercel/analytics/nuxt, sdkv: 2.0.1, ts: 1788924901120} /_vercel/insights/view @ https://va.vercel-scripts.com/v1/script.debug.js:0
[  528433ms] [LOG] ✨ %cNuxt DevTools %c Press Shift + Option + D to open DevTools color: black; border-radius: 3px 0 0 3px; padding: 2px 2px 1px 10px; background: #00DC82 border-radius: 0 3px 3px 0; padding: 2px 10px 1px 2px; background: #00DC8220  @ http://localhost:3001/_nuxt/node_modules/.pnpm/@nuxt+devtools@3.2.4_supports-color@10.2.2_vite@7.3.2_@types+node@26.1.1_jiti@2.6.1_ter_28972f42c82fd27b0e3f96c17cda5782/node_modules/@nuxt/devtools/dist/runtime/plugins/devtools.client.js?v=13688f5d:51
[  529006ms] [INFO] [gymscan] 0B calls planted 71 @ http://localhost:3001/_nuxt/utils/gymscan/stage.ts:1271
[  797190ms] [ERROR] [vite] SyntaxError: Importing binding name 'discoveryListingOrigin' is not found. @ http://localhost:3001/_nuxt/@vite/client:179
[  797194ms] [ERROR] [vite] Failed to reload /components/gym/GymDiscoveryStage.vue. This could be due to syntax errors or importing non-existent modules. (see errors above) @ http://localhost:3001/_nuxt/@vite/client:180
[  797194ms] [ERROR] [vite] SyntaxError: Importing binding name 'discoveryListingOrigin' is not found. @ http://localhost:3001/_nuxt/@vite/client:179
[  797195ms] [ERROR] [vite] Failed to reload /components/gym/GymGlobeStory.vue. This could be due to syntax errors or importing non-existent modules. (see errors above) @ http://localhost:3001/_nuxt/@vite/client:180
[  798101ms] [INFO] [gymscan] 0B calls planted 71 @ http://localhost:3001/_nuxt/utils/gymscan/stage.ts?t=1788925169226:1271
[  807112ms] [ERROR] [vite] SyntaxError: Importing binding name 'discoveryListingOrigin' is not found. @ http://localhost:3001/_nuxt/@vite/client:179
[  807112ms] [ERROR] [vite] Failed to reload /components/gym/GymDiscoveryStage.vue. This could be due to syntax errors or importing non-existent modules. (see errors above) @ http://localhost:3001/_nuxt/@vite/client:180
[  807112ms] [ERROR] [vite] SyntaxError: Importing binding name 'discoveryListingOrigin' is not found. @ http://localhost:3001/_nuxt/@vite/client:179
[  807112ms] [ERROR] [vite] Failed to reload /components/gym/GymGlobeStory.vue. This could be due to syntax errors or importing non-existent modules. (see errors above) @ http://localhost:3001/_nuxt/@vite/client:180
[  807114ms] [ERROR] [vite] SyntaxError: Importing binding name 'discoveryListingOrigin' is not found. @ http://localhost:3001/_nuxt/@vite/client:179
[  807114ms] [ERROR] [vite] Failed to reload /components/gym/GymDiscoveryStage.vue. This could be due to syntax errors or importing non-existent modules. (see errors above) @ http://localhost:3001/_nuxt/@vite/client:180
[  807118ms] [ERROR] [vite] SyntaxError: Importing binding name 'discoveryListingOrigin' is not found. @ http://localhost:3001/_nuxt/@vite/client:179
[  807119ms] [ERROR] [vite] Failed to reload /components/gym/GymGlobeStory.vue. This could be due to syntax errors or importing non-existent modules. (see errors above) @ http://localhost:3001/_nuxt/@vite/client:180
[  807743ms] [INFO] [gymscan] 0B calls planted 71 @ http://localhost:3001/_nuxt/utils/gymscan/stage.ts?t=1788925169226:1271
[ 1029527ms] [LOG] %cssr:success%c Vite server hmr 42 files 
      background: #2ecc71;
      border-radius: 0.5em;
      color: white;
      font-weight: bold;
      padding: 2px 0.5em;
      in 16.237ms 
  at vite_node_entry_default (node_modules/.pnpm/@nuxt+vite-builder@3.21.2_@types+node@26.1.1_magicast@0.5.2_nuxt@3.21.2_@emnapi+core@1._a4b3153523cf62a7d8205505e2d0041e/node_modules/@nuxt/vite-builder/dist/vite-node-entry.mjs)
  at process.processTicksAndRejections (node:internal/process/task_queues)
  at async Object.renderToString (node_modules/.pnpm/vue-bundle-renderer@2.2.0/node_modules/vue-bundle-renderer/dist/runtime.mjs)
 @ http://localhost:3001/_nuxt/node_modules/.pnpm/consola@3.4.2/node_modules/consola/dist/browser.mjs?v=13688f5d:47
[ 1029573ms] [INFO] <Suspense> is an experimental feature and its API will likely change. @ http://localhost:3001/_nuxt/node_modules/.pnpm/@vue+runtime-core@3.5.33/node_modules/@vue/runtime-core/dist/runtime-core.esm-bundler.js?v=13688f5d:7239
[ 1029806ms] [LOG] %c[Vercel Web Analytics]%c Debug mode is enabled by default in development. No requests will be sent to the server. color: rgb(120, 120, 120) color: inherit @ https://va.vercel-scripts.com/v1/script.debug.js:0
[ 1029807ms] [LOG] %c[Vercel Web Analytics]%c Running queued event color: rgb(120, 120, 120) color: inherit pageview {route: /demo, path: /demo} @ https://va.vercel-scripts.com/v1/script.debug.js:0
[ 1029809ms] [LOG] %c[Vercel Web Analytics]%c [view] http://localhost:3001/demo#gyms color: rgb(120, 120, 120) color: inherit {o: http://localhost:3001/demo#gyms, sv: 0.1.3, sdkn: @vercel/analytics/nuxt, sdkv: 2.0.1, ts: 1788925402523} /_vercel/insights/view @ https://va.vercel-scripts.com/v1/script.debug.js:0
[ 1029910ms] [LOG] ✨ %cNuxt DevTools %c Press Shift + Option + D to open DevTools color: black; border-radius: 3px 0 0 3px; padding: 2px 2px 1px 10px; background: #00DC82 border-radius: 0 3px 3px 0; padding: 2px 10px 1px 2px; background: #00DC8220  @ http://localhost:3001/_nuxt/node_modules/.pnpm/@nuxt+devtools@3.2.4_supports-color@10.2.2_vite@7.3.2_@types+node@26.1.1_jiti@2.6.1_ter_28972f42c82fd27b0e3f96c17cda5782/node_modules/@nuxt/devtools/dist/runtime/plugins/devtools.client.js?v=13688f5d:51
[ 1031128ms] [INFO] [gymscan] 0B calls planted 71 @ http://localhost:3001/_nuxt/utils/gymscan/stage.ts?t=1788925169226:1271
[ 1339252ms] [LOG] %cssr:success%c Vite server hmr 25 files 
      background: #2ecc71;
      border-radius: 0.5em;
      color: white;
      font-weight: bold;
      padding: 2px 0.5em;
      in 151.653ms 
  at vite_node_entry_default (node_modules/.pnpm/@nuxt+vite-builder@3.21.2_@types+node@26.1.1_magicast@0.5.2_nuxt@3.21.2_@emnapi+core@1._a4b3153523cf62a7d8205505e2d0041e/node_modules/@nuxt/vite-builder/dist/vite-node-entry.mjs)
  at process.processTicksAndRejections (node:internal/process/task_queues)
  at async Object.renderToString (node_modules/.pnpm/vue-bundle-renderer@2.2.0/node_modules/vue-bundle-renderer/dist/runtime.mjs)
 @ http://localhost:3001/_nuxt/node_modules/.pnpm/consola@3.4.2/node_modules/consola/dist/browser.mjs?v=13688f5d:47
[ 1339324ms] [INFO] <Suspense> is an experimental feature and its API will likely change. @ http://localhost:3001/_nuxt/node_modules/.pnpm/@vue+runtime-core@3.5.33/node_modules/@vue/runtime-core/dist/runtime-core.esm-bundler.js?v=13688f5d:7239
[ 1339569ms] [LOG] %c[Vercel Web Analytics]%c Debug mode is enabled by default in development. No requests will be sent to the server. color: rgb(120, 120, 120) color: inherit @ https://va.vercel-scripts.com/v1/script.debug.js:0
[ 1339569ms] [LOG] %c[Vercel Web Analytics]%c Running queued event color: rgb(120, 120, 120) color: inherit pageview {route: /demo, path: /demo} @ https://va.vercel-scripts.com/v1/script.debug.js:0
[ 1339570ms] [LOG] %c[Vercel Web Analytics]%c [view] http://localhost:3001/demo#gyms color: rgb(120, 120, 120) color: inherit {o: http://localhost:3001/demo#gyms, sv: 0.1.3, sdkn: @vercel/analytics/nuxt, sdkv: 2.0.1, ts: 1788925712285} /_vercel/insights/view @ https://va.vercel-scripts.com/v1/script.debug.js:0
[ 1339617ms] [LOG] ✨ %cNuxt DevTools %c Press Shift + Option + D to open DevTools color: black; border-radius: 3px 0 0 3px; padding: 2px 2px 1px 10px; background: #00DC82 border-radius: 0 3px 3px 0; padding: 2px 10px 1px 2px; background: #00DC8220  @ http://localhost:3001/_nuxt/node_modules/.pnpm/@nuxt+devtools@3.2.4_supports-color@10.2.2_vite@7.3.2_@types+node@26.1.1_jiti@2.6.1_ter_28972f42c82fd27b0e3f96c17cda5782/node_modules/@nuxt/devtools/dist/runtime/plugins/devtools.client.js?v=13688f5d:51
[ 1340361ms] [INFO] [gymscan] 0B calls planted 71 @ http://localhost:3001/_nuxt/utils/gymscan/stage.ts?t=1788925169226:1271
[ 1366661ms] [ERROR] WebSocket connection to 'ws://localhost:3001/_nuxt/?token=TzTxRC_CdsLS' failed: The network connection was lost. @ :0
[ 1366663ms] [LOG] [vite] server connection lost. Polling for restart... @ http://localhost:3001/_nuxt/@vite/client:864
[ 1369513ms] [ERROR] Failed to load resource: the server responded with a status of 503 (Service Unavailable) @ http://localhost:3001/demo#gyms:0
[ 1369753ms] [ERROR] Failed to load resource: the server responded with a status of 503 (Service Unavailable) @ http://localhost:3001/demo#gyms:0
[ 1370807ms] [ERROR] Failed to load resource: the server responded with a status of 503 (Service Unavailable) @ http://localhost:3001/demo#gyms:0
[ 1371904ms] [ERROR] Failed to load resource: the server responded with a status of 503 (Service Unavailable) @ http://localhost:3001/demo#gyms:0
[ 1380800ms] [INFO] <Suspense> is an experimental feature and its API will likely change. @ http://localhost:3001/_nuxt/node_modules/.pnpm/@vue+runtime-core@3.5.33/node_modules/@vue/runtime-core/dist/runtime-core.esm-bundler.js?v=13688f5d:7239
[ 1381272ms] [LOG] %c[Vercel Web Analytics]%c Debug mode is enabled by default in development. No requests will be sent to the server. color: rgb(120, 120, 120) color: inherit @ https://va.vercel-scripts.com/v1/script.debug.js:0
[ 1381274ms] [LOG] %c[Vercel Web Analytics]%c Running queued event color: rgb(120, 120, 120) color: inherit pageview {route: /demo, path: /demo} @ https://va.vercel-scripts.com/v1/script.debug.js:0
[ 1381275ms] [LOG] %c[Vercel Web Analytics]%c [view] http://localhost:3001/demo#gyms color: rgb(120, 120, 120) color: inherit {o: http://localhost:3001/demo#gyms, sv: 0.1.3, sdkn: @vercel/analytics/nuxt, sdkv: 2.0.1, ts: 1788925753989} /_vercel/insights/view @ https://va.vercel-scripts.com/v1/script.debug.js:0
[ 1381408ms] [LOG] ✨ %cNuxt DevTools %c Press Shift + Option + D to open DevTools color: black; border-radius: 3px 0 0 3px; padding: 2px 2px 1px 10px; background: #00DC82 border-radius: 0 3px 3px 0; padding: 2px 10px 1px 2px; background: #00DC8220  @ http://localhost:3001/_nuxt/node_modules/.pnpm/@nuxt+devtools@3.2.4_supports-color@10.2.2_vite@7.3.2_@types+node@26.1.1_jiti@2.6.1_ter_28972f42c82fd27b0e3f96c17cda5782/node_modules/@nuxt/devtools/dist/runtime/plugins/devtools.client.js?v=13688f5d:51
[ 1384469ms] [INFO] [gymscan] 0B calls explode 81 @ http://localhost:3001/_nuxt/utils/gymscan/stage.ts:1267
[ 1384721ms] [INFO] [gymscan] 0B calls planted 51 @ http://localhost:3001/_nuxt/utils/gymscan/stage.ts:1271
[ 1433043ms] [LOG] %cssr:success%c Vite server hmr 42 files 
      background: #2ecc71;
      border-radius: 0.5em;
      color: white;
      font-weight: bold;
      padding: 2px 0.5em;
      in 79.138ms 
  at vite_node_entry_default (node_modules/.pnpm/@nuxt+vite-builder@3.21.2_@types+node@26.1.1_magicast@0.5.2_nuxt@3.21.2_@emnapi+core@1._a4b3153523cf62a7d8205505e2d0041e/node_modules/@nuxt/vite-builder/dist/vite-node-entry.mjs)
  at process.processTicksAndRejections (node:internal/process/task_queues)
  at async Object.renderToString (node_modules/.pnpm/vue-bundle-renderer@2.2.0/node_modules/vue-bundle-renderer/dist/runtime.mjs)
 @ http://localhost:3001/_nuxt/node_modules/.pnpm/consola@3.4.2/node_modules/consola/dist/browser.mjs?v=13688f5d:47
[ 1433094ms] [INFO] <Suspense> is an experimental feature and its API will likely change. @ http://localhost:3001/_nuxt/node_modules/.pnpm/@vue+runtime-core@3.5.33/node_modules/@vue/runtime-core/dist/runtime-core.esm-bundler.js?v=13688f5d:7239
[ 1433289ms] [LOG] %c[Vercel Web Analytics]%c Debug mode is enabled by default in development. No requests will be sent to the server. color: rgb(120, 120, 120) color: inherit @ https://va.vercel-scripts.com/v1/script.debug.js:0
[ 1433289ms] [LOG] %c[Vercel Web Analytics]%c Running queued event color: rgb(120, 120, 120) color: inherit pageview {route: /demo, path: /demo} @ https://va.vercel-scripts.com/v1/script.debug.js:0
[ 1433290ms] [LOG] %c[Vercel Web Analytics]%c [view] http://localhost:3001/demo#gyms color: rgb(120, 120, 120) color: inherit {o: http://localhost:3001/demo#gyms, sv: 0.1.3, sdkn: @vercel/analytics/nuxt, sdkv: 2.0.1, ts: 1788925806005} /_vercel/insights/view @ https://va.vercel-scripts.com/v1/script.debug.js:0
[ 1433351ms] [LOG] ✨ %cNuxt DevTools %c Press Shift + Option + D to open DevTools color: black; border-radius: 3px 0 0 3px; padding: 2px 2px 1px 10px; background: #00DC82 border-radius: 0 3px 3px 0; padding: 2px 10px 1px 2px; background: #00DC8220  @ http://localhost:3001/_nuxt/node_modules/.pnpm/@nuxt+devtools@3.2.4_supports-color@10.2.2_vite@7.3.2_@types+node@26.1.1_jiti@2.6.1_ter_28972f42c82fd27b0e3f96c17cda5782/node_modules/@nuxt/devtools/dist/runtime/plugins/devtools.client.js?v=13688f5d:51
[ 1434608ms] [INFO] [gymscan] 0B calls planted 71 @ http://localhost:3001/_nuxt/utils/gymscan/stage.ts:1271
[ 1458744ms] [ERROR] WebSocket connection to 'ws://localhost:3001/_nuxt/?token=VQ-0ELB_FS96' failed: The network connection was lost. @ :0
[ 1458747ms] [LOG] [vite] server connection lost. Polling for restart... @ http://localhost:3001/_nuxt/@vite/client:864
