[     714ms] [LOG] %c[Vercel Web Analytics]%c [view] http://[::1]:3000/demo#discover color: rgb(120, 120, 120) color: inherit {o: http://[::1]:3000/demo#discover, sv: 0.1.3, sdkn: @vercel/analytics/nuxt, sdkv: 2.0.1, ts: 1788910851457} /_vercel/insights/view @ https://va.vercel-scripts.com/v1/script.debug.js:0
[   14983ms] [ERROR] WebSocket connection to 'ws://[::1]:3000/_nuxt/?token=uZPZ5C40lL87' failed: The network connection was lost. @ :0
[   14990ms] [LOG] [vite] server connection lost. Polling for restart... @ http://[::1]:3000/_nuxt/@vite/client:864
[   16807ms] [ERROR] Failed to load resource: the server responded with a status of 503 (Service Unavailable) @ http://[::1]:3000/demo#discover:0
[   17495ms] [ERROR] Failed to load resource: the server responded with a status of 503 (Service Unavailable) @ http://[::1]:3000/demo#discover:0
[   19058ms] [ERROR] Failed to load resource: the server responded with a status of 503 (Service Unavailable) @ http://[::1]:3000/demo#discover:0
[   20555ms] [ERROR] Failed to load resource: the server responded with a status of 503 (Service Unavailable) @ http://[::1]:3000/demo#discover:0
[   21772ms] [ERROR] Failed to load resource: the server responded with a status of 503 (Service Unavailable) @ http://[::1]:3000/demo#discover:0
[   22923ms] [ERROR] Failed to load resource: the server responded with a status of 503 (Service Unavailable) @ http://[::1]:3000/demo#discover:0
[   23958ms] [ERROR] Failed to load resource: the server responded with a status of 503 (Service Unavailable) @ http://[::1]:3000/demo#discover:0
[   25047ms] [ERROR] Failed to load resource: the server responded with a status of 503 (Service Unavailable) @ http://[::1]:3000/demo#discover:0
[   32908ms] [INFO] <Suspense> is an experimental feature and its API will likely change. @ http://[::1]:3000/_nuxt/node_modules/.pnpm/@vue+runtime-core@3.5.33/node_modules/@vue/runtime-core/dist/runtime-core.esm-bundler.js?v=3efe9c86:7239
[   33443ms] [LOG] %c[Vercel Web Analytics]%c Debug mode is enabled by default in development. No requests will be sent to the server. color: rgb(120, 120, 120) color: inherit @ https://va.vercel-scripts.com/v1/script.debug.js:0
[   33443ms] [LOG] %c[Vercel Web Analytics]%c Running queued event color: rgb(120, 120, 120) color: inherit pageview {route: /demo, path: /demo} @ https://va.vercel-scripts.com/v1/script.debug.js:0
[   33444ms] [LOG] %c[Vercel Web Analytics]%c [view] http://[::1]:3000/demo#discover color: rgb(120, 120, 120) color: inherit {o: http://[::1]:3000/demo#discover, sv: 0.1.3, sdkn: @vercel/analytics/nuxt, sdkv: 2.0.1, ts: 1788910884202} /_vercel/insights/view @ https://va.vercel-scripts.com/v1/script.debug.js:0
[   33943ms] [LOG] ✨ %cNuxt DevTools %c Press Shift + Option + D to open DevTools color: black; border-radius: 3px 0 0 3px; padding: 2px 2px 1px 10px; background: #00DC82 border-radius: 0 3px 3px 0; padding: 2px 10px 1px 2px; background: #00DC8220  @ http://[::1]:3000/_nuxt/node_modules/.pnpm/@nuxt+devtools@3.2.4_supports-color@10.2.2_vite@7.3.2_@types+node@26.1.1_jiti@2.6.1_ter_28972f42c82fd27b0e3f96c17cda5782/node_modules/@nuxt/devtools/dist/runtime/plugins/devtools.client.js?v=3efe9c86:51
[  141359ms] [ERROR] WebSocket connection to 'ws://[::1]:3000/_nuxt/?token=SaWrS9DAP1oU' failed: The network connection was lost. @ :0
[  141360ms] [LOG] [vite] server connection lost. Polling for restart... @ http://[::1]:3000/_nuxt/@vite/client:864
[  145051ms] [ERROR] Failed to load resource: the server responded with a status of 503 (Service Unavailable) @ http://[::1]:3000/demo#discover:0
[  145470ms] [ERROR] Failed to load resource: the server responded with a status of 503 (Service Unavailable) @ http://[::1]:3000/demo#discover:0
[  146502ms] [ERROR] Failed to load resource: the server responded with a status of 503 (Service Unavailable) @ http://[::1]:3000/demo#discover:0
[  147546ms] [ERROR] Failed to load resource: the server responded with a status of 503 (Service Unavailable) @ http://[::1]:3000/demo#discover:0
[  148570ms] [ERROR] Failed to load resource: the server responded with a status of 503 (Service Unavailable) @ http://[::1]:3000/demo#discover:0
[  149695ms] [ERROR] Failed to load resource: the server responded with a status of 503 (Service Unavailable) @ http://[::1]:3000/demo#discover:0
